OMNeT++ Discrete Event Simulation  (C) 1992-2019 Andras Varga, OpenSim Ltd.
Version: 5.6.2, build: 200518-aa79d0918f, edition: Academic Public License -- NOT FOR COMMERCIAL USE
See the license for distribution terms and warranty disclaimer

Setting up Cmdenv...

Loading NED files from ..:  9
Loading NED files from ../../src:  11
Loading NED files from ../../../inet/src:  831
Loading NED files from ../../../inet/examples:  174
Loading NED files from ../../../inet/tutorials:  10
Loading NED files from ../../../inet/showcases:  46
Loading NED files from ../../../../veins/examples/veins:  1
Loading NED files from ../../../../veins/src/veins:  44

Preparing for running configuration General, run #0...
Assigned runID=General-0-20260225-00:15:51-464062
Setting up network "IntersectionScenarioWave"...
Initializing...

Running simulation...
** Event #0   t=0   Elapsed: 1.1e-05s (0m 00s)  0% completed  (0% total)
     Speed:     ev/sec=0   simsec/sec=0   ev/simsec=0
     Messages:  created: 2   present: 2   in FES: 3
Vehicle 0 edge config: 4 approach, 4 exit edges
Opened results file: /home/mathesh/omnetpp-workspace/benchmark/results/raftwave_4veh_report/run_2/raft_results.json
Vehicle 1 edge config: 4 approach, 4 exit edges
Vehicle 2 edge config: 4 approach, 4 exit edges
Vehicle 3 edge config: 4 approach, 4 exit edges
2200.0ms Vehicle 2 STOPPED (front) at dist=24.6m
3500.0ms Vehicle 1 STOPPED (front) at dist=24.9m
5200.0ms Vehicle 3 STOPPED (front) at dist=24.8m
8159.1ms Vehicle 2 CLUSTER FORMATION (all 4 vehicles discovered)
8159.1ms Vehicle 2 FORMING CLUSTER with 4 members: [
0 1 2 3 ]
8159.1ms Vehicle 2 scheduling oneshot IN 300.0ms
8159.1ms Vehicle 2 scheduling oneshot IN 700.0ms
8159.1ms Vehicle 2 scheduling oneshot IN 1200.0ms
8159.1ms Vehicle 2 scheduling oneshot IN 1800.0ms
8163.2ms Vehicle 1 FORMING CLUSTER with 4 members: [
0 1 2 3 ]
8163.2ms Vehicle 1 scheduling oneshot IN 300.0ms
8163.2ms Vehicle 1 scheduling oneshot IN 700.0ms
8163.2ms Vehicle 1 scheduling oneshot IN 1200.0ms
8163.2ms Vehicle 1 scheduling oneshot IN 1800.0ms
8163.2ms Vehicle 3 FORMING CLUSTER with 4 members: [
0 1 2 3 ]
8163.2ms Vehicle 3 scheduling oneshot IN 300.0ms
8163.2ms Vehicle 3 scheduling oneshot IN 700.0ms
8163.2ms Vehicle 3 scheduling oneshot IN 1200.0ms
8163.2ms Vehicle 3 scheduling oneshot IN 1800.0ms
8163.2ms Vehicle 0 FORMING CLUSTER with 4 members: [
0 1 2 3 ]
8163.2ms Vehicle 0 scheduling oneshot IN 300.0ms
8163.2ms Vehicle 0 scheduling oneshot IN 700.0ms
8163.2ms Vehicle 0 scheduling oneshot IN 1200.0ms
8163.2ms Vehicle 0 scheduling oneshot IN 1800.0ms
8199.1ms Vehicle 2 processRaftPeriodic executes! delta=0.02, msecElapsed=20
8203.2ms Vehicle 1 processRaftPeriodic executes! delta=0.02, msecElapsed=20
8203.2ms Vehicle 3 processRaftPeriodic executes! delta=0.02, msecElapsed=20
8203.2ms Vehicle 0 processRaftPeriodic executes! delta=0.02, msecElapsed=20
8219.1ms Vehicle 2 processRaftPeriodic executes! delta=0.02, msecElapsed=20
8223.2ms Vehicle 1 processRaftPeriodic executes! delta=0.02, msecElapsed=20
8223.2ms Vehicle 3 processRaftPeriodic executes! delta=0.02, msecElapsed=20
8223.2ms Vehicle 0 processRaftPeriodic executes! delta=0.02, msecElapsed=20
8239.1ms Vehicle 2 processRaftPeriodic executes! delta=0.02, msecElapsed=20
8243.2ms Vehicle 1 processRaftPeriodic executes! delta=0.02, msecElapsed=20
8459.1ms Vehicle 2 EXECUTING oneshot cb
8463.2ms Vehicle 1 EXECUTING oneshot cb
8463.2ms Vehicle 3 EXECUTING oneshot cb
8463.2ms Vehicle 0 EXECUTING oneshot cb
8763.2ms Vehicle 0 sendRequestVote called for node 2
8763.2ms Vehicle 0 sendRequestVote called for node 3
8763.2ms Vehicle 0 sendRequestVote called for node 4
8763.2ms Vehicle 0 RAFT STATE CHANGED from 1 to 2
8763.2ms Vehicle 0 I am a candidate now! Starting election...
8772.2ms Leader 0 SENDING AppendEntries to vehicle 1 (n_entries=0, leader_commit=0)
8772.2ms Leader 0 SENDING AppendEntries to vehicle 2 (n_entries=0, leader_commit=0)
8772.2ms Leader 0 SENDING AppendEntries to vehicle 3 (n_entries=0, leader_commit=0)
8774.8ms Vehicle 3 RECEIVED AppendEntries from 0 (n_entries=0, leader_commit=0)
8775.1ms Vehicle 2 RECEIVED AppendEntries from 0 (n_entries=0, leader_commit=0)
8783.2ms Vehicle 0 BECAME LEADER (term=1)
8859.1ms Vehicle 2 EXECUTING oneshot cb
8863.2ms Vehicle 1 EXECUTING oneshot cb
8863.2ms Vehicle 3 EXECUTING oneshot cb
8863.2ms Vehicle 0 EXECUTING oneshot cb
8883.2ms Leader 0 SENDING AppendEntries to vehicle 1 (n_entries=0, leader_commit=0)
8883.2ms Leader 0 SENDING AppendEntries to vehicle 2 (n_entries=0, leader_commit=0)
8883.2ms Leader 0 SENDING AppendEntries to vehicle 3 (n_entries=0, leader_commit=0)
8885.6ms Vehicle 2 RECEIVED AppendEntries from 0 (n_entries=0, leader_commit=0)
8886.8ms Vehicle 3 RECEIVED AppendEntries from 0 (n_entries=0, leader_commit=0)
8983.2ms Vehicle 1 sendRequestVote called for node 1
8983.2ms Vehicle 1 sendRequestVote called for node 3
8983.2ms Vehicle 1 sendRequestVote called for node 4
8983.2ms Vehicle 1 RAFT STATE CHANGED from 1 to 2
8983.2ms Vehicle 1 I am a candidate now! Starting election...
9003.2ms Leader 0 SENDING AppendEntries to vehicle 1 (n_entries=0, leader_commit=0)
9003.2ms Leader 0 SENDING AppendEntries to vehicle 2 (n_entries=0, leader_commit=0)
9003.2ms Leader 0 SENDING AppendEntries to vehicle 3 (n_entries=0, leader_commit=0)
9004.9ms Vehicle 3 RECEIVED AppendEntries from 0 (n_entries=0, leader_commit=0)
9007.0ms Vehicle 2 RECEIVED AppendEntries from 0 (n_entries=0, leader_commit=0)
9123.2ms Leader 0 SENDING AppendEntries to vehicle 1 (n_entries=0, leader_commit=0)
9123.2ms Leader 0 SENDING AppendEntries to vehicle 2 (n_entries=0, leader_commit=0)
9123.2ms Leader 0 SENDING AppendEntries to vehicle 3 (n_entries=0, leader_commit=0)
9124.7ms Vehicle 3 RECEIVED AppendEntries from 0 (n_entries=0, leader_commit=0)
9127.8ms Vehicle 2 RECEIVED AppendEntries from 0 (n_entries=0, leader_commit=0)
9243.2ms Leader 0 SENDING AppendEntries to vehicle 1 (n_entries=0, leader_commit=0)
9243.2ms Leader 0 SENDING AppendEntries to vehicle 2 (n_entries=0, leader_commit=0)
9243.2ms Leader 0 SENDING AppendEntries to vehicle 3 (n_entries=0, leader_commit=0)
9245.3ms Vehicle 3 RECEIVED AppendEntries from 0 (n_entries=0, leader_commit=0)
9248.0ms Vehicle 2 RECEIVED AppendEntries from 0 (n_entries=0, leader_commit=0)
9359.1ms Vehicle 2 EXECUTING oneshot cb
9363.2ms Vehicle 1 EXECUTING oneshot cb
9363.2ms Vehicle 3 EXECUTING oneshot cb
9363.2ms Vehicle 0 EXECUTING oneshot cb
9363.2ms Leader 0 SENDING AppendEntries to vehicle 1 (n_entries=0, leader_commit=0)
9363.2ms Leader 0 SENDING AppendEntries to vehicle 2 (n_entries=0, leader_commit=0)
9363.2ms Leader 0 SENDING AppendEntries to vehicle 3 (n_entries=0, leader_commit=0)
9367.2ms Vehicle 1 RECEIVED AppendEntries from 0 (n_entries=0, leader_commit=0)
9367.5ms Vehicle 2 RECEIVED AppendEntries from 0 (n_entries=0, leader_commit=0)
9368.0ms Vehicle 3 RECEIVED AppendEntries from 0 (n_entries=0, leader_commit=0)
9483.2ms Leader 0 SENDING AppendEntries to vehicle 1 (n_entries=0, leader_commit=0)
9483.2ms Leader 0 SENDING AppendEntries to vehicle 2 (n_entries=0, leader_commit=0)
9483.2ms Leader 0 SENDING AppendEntries to vehicle 3 (n_entries=0, leader_commit=0)
9484.5ms Vehicle 1 RECEIVED AppendEntries from 0 (n_entries=0, leader_commit=0)
9487.6ms Vehicle 2 RECEIVED AppendEntries from 0 (n_entries=0, leader_commit=0)
9487.9ms Vehicle 3 RECEIVED AppendEntries from 0 (n_entries=0, leader_commit=0)
9603.2ms Leader 0 SENDING AppendEntries to vehicle 1 (n_entries=0, leader_commit=0)
9603.2ms Leader 0 SENDING AppendEntries to vehicle 2 (n_entries=0, leader_commit=0)
9603.2ms Leader 0 SENDING AppendEntries to vehicle 3 (n_entries=0, leader_commit=0)
9606.4ms Vehicle 2 RECEIVED AppendEntries from 0 (n_entries=0, leader_commit=0)
9606.7ms Vehicle 1 RECEIVED AppendEntries from 0 (n_entries=0, leader_commit=0)
9608.1ms Vehicle 3 RECEIVED AppendEntries from 0 (n_entries=0, leader_commit=0)
9723.2ms Leader 0 SENDING AppendEntries to vehicle 1 (n_entries=0, leader_commit=0)
9723.2ms Leader 0 SENDING AppendEntries to vehicle 2 (n_entries=0, leader_commit=0)
9723.2ms Leader 0 SENDING AppendEntries to vehicle 3 (n_entries=0, leader_commit=0)
9724.8ms Vehicle 1 RECEIVED AppendEntries from 0 (n_entries=0, leader_commit=0)
9727.7ms Vehicle 3 RECEIVED AppendEntries from 0 (n_entries=0, leader_commit=0)
9728.0ms Vehicle 2 RECEIVED AppendEntries from 0 (n_entries=0, leader_commit=0)
9843.2ms Leader 0 SENDING AppendEntries to vehicle 1 (n_entries=0, leader_commit=0)
9843.2ms Leader 0 SENDING AppendEntries to vehicle 2 (n_entries=0, leader_commit=0)
9843.2ms Leader 0 SENDING AppendEntries to vehicle 3 (n_entries=0, leader_commit=0)
9845.6ms Vehicle 2 RECEIVED AppendEntries from 0 (n_entries=0, leader_commit=0)
9847.6ms Vehicle 3 RECEIVED AppendEntries from 0 (n_entries=0, leader_commit=0)
9848.3ms Vehicle 1 RECEIVED AppendEntries from 0 (n_entries=0, leader_commit=0)
9900.0ms Vehicle 0 STOPPED (front) at dist=23.9m
9900.0ms Vehicle 0 scheduling oneshot IN 900.0ms
9959.1ms Vehicle 2 EXECUTING oneshot cb
9963.2ms Vehicle 1 EXECUTING oneshot cb
9963.2ms Vehicle 3 EXECUTING oneshot cb
9963.2ms Vehicle 0 EXECUTING oneshot cb
9963.2ms Leader 0 SENDING AppendEntries to vehicle 1 (n_entries=0, leader_commit=0)
9963.2ms Leader 0 SENDING AppendEntries to vehicle 2 (n_entries=0, leader_commit=0)
9963.2ms Leader 0 SENDING AppendEntries to vehicle 3 (n_entries=0, leader_commit=0)
9964.5ms Vehicle 3 RECEIVED AppendEntries from 0 (n_entries=0, leader_commit=0)
9965.7ms Vehicle 2 RECEIVED AppendEntries from 0 (n_entries=0, leader_commit=0)
9966.3ms Vehicle 1 RECEIVED AppendEntries from 0 (n_entries=0, leader_commit=0)
10083.2ms Leader 0 SENDING AppendEntries to vehicle 1 (n_entries=0, leader_commit=0)
10083.2ms Leader 0 SENDING AppendEntries to vehicle 2 (n_entries=0, leader_commit=0)
10083.2ms Leader 0 SENDING AppendEntries to vehicle 3 (n_entries=0, leader_commit=0)
10084.5ms Vehicle 3 RECEIVED AppendEntries from 0 (n_entries=0, leader_commit=0)
10085.0ms Vehicle 1 RECEIVED AppendEntries from 0 (n_entries=0, leader_commit=0)
10086.0ms Vehicle 2 RECEIVED AppendEntries from 0 (n_entries=0, leader_commit=0)
10203.2ms Leader 0 SENDING AppendEntries to vehicle 1 (n_entries=0, leader_commit=0)
10203.2ms Leader 0 SENDING AppendEntries to vehicle 2 (n_entries=0, leader_commit=0)
10203.2ms Leader 0 SENDING AppendEntries to vehicle 3 (n_entries=0, leader_commit=0)
10205.1ms Vehicle 1 RECEIVED AppendEntries from 0 (n_entries=0, leader_commit=0)
10205.7ms Vehicle 2 RECEIVED AppendEntries from 0 (n_entries=0, leader_commit=0)
10207.2ms Vehicle 3 RECEIVED AppendEntries from 0 (n_entries=0, leader_commit=0)
10323.2ms Leader 0 SENDING AppendEntries to vehicle 1 (n_entries=0, leader_commit=0)
10323.2ms Leader 0 SENDING AppendEntries to vehicle 2 (n_entries=0, leader_commit=0)
10323.2ms Leader 0 SENDING AppendEntries to vehicle 3 (n_entries=0, leader_commit=0)
10325.9ms Vehicle 1 RECEIVED AppendEntries from 0 (n_entries=0, leader_commit=0)
10326.6ms Vehicle 2 RECEIVED AppendEntries from 0 (n_entries=0, leader_commit=0)
10327.8ms Vehicle 3 RECEIVED AppendEntries from 0 (n_entries=0, leader_commit=0)
10443.2ms Leader 0 SENDING AppendEntries to vehicle 1 (n_entries=0, leader_commit=0)
10443.2ms Leader 0 SENDING AppendEntries to vehicle 2 (n_entries=0, leader_commit=0)
10443.2ms Leader 0 SENDING AppendEntries to vehicle 3 (n_entries=0, leader_commit=0)
10447.2ms Vehicle 3 RECEIVED AppendEntries from 0 (n_entries=0, leader_commit=0)
10447.5ms Vehicle 1 RECEIVED AppendEntries from 0 (n_entries=0, leader_commit=0)
10447.9ms Vehicle 2 RECEIVED AppendEntries from 0 (n_entries=0, leader_commit=0)
10563.2ms Leader 0 SENDING AppendEntries to vehicle 1 (n_entries=0, leader_commit=0)
10563.2ms Leader 0 SENDING AppendEntries to vehicle 2 (n_entries=0, leader_commit=0)
10563.2ms Leader 0 SENDING AppendEntries to vehicle 3 (n_entries=0, leader_commit=0)
10566.4ms Vehicle 1 RECEIVED AppendEntries from 0 (n_entries=0, leader_commit=0)
10566.7ms Vehicle 3 RECEIVED AppendEntries from 0 (n_entries=0, leader_commit=0)
10567.4ms Vehicle 2 RECEIVED AppendEntries from 0 (n_entries=0, leader_commit=0)
10683.2ms Leader 0 SENDING AppendEntries to vehicle 1 (n_entries=0, leader_commit=0)
10683.2ms Leader 0 SENDING AppendEntries to vehicle 2 (n_entries=0, leader_commit=0)
10683.2ms Leader 0 SENDING AppendEntries to vehicle 3 (n_entries=0, leader_commit=0)
10684.9ms Vehicle 2 RECEIVED AppendEntries from 0 (n_entries=0, leader_commit=0)
10685.8ms Vehicle 1 RECEIVED AppendEntries from 0 (n_entries=0, leader_commit=0)
10688.3ms Vehicle 3 RECEIVED AppendEntries from 0 (n_entries=0, leader_commit=0)
10800.0ms Vehicle 0 EXECUTING oneshot cb
10800.0ms Leader 0 sending STATUS_REQUEST (timeout=1100ms)
10800.0ms Vehicle 0 scheduling oneshot IN 1100.0ms
10803.2ms Leader 0 SENDING AppendEntries to vehicle 1 (n_entries=0, leader_commit=0)
10803.2ms Leader 0 SENDING AppendEntries to vehicle 2 (n_entries=0, leader_commit=0)
10803.2ms Leader 0 SENDING AppendEntries to vehicle 3 (n_entries=0, leader_commit=0)
10804.6ms Vehicle 2 RECEIVED AppendEntries from 0 (n_entries=0, leader_commit=0)
10805.8ms Vehicle 3 RECEIVED AppendEntries from 0 (n_entries=0, leader_commit=0)
10806.7ms Vehicle 1 RECEIVED AppendEntries from 0 (n_entries=0, leader_commit=0)
10810.1ms Leader 0 PROPOSING PASS_SCHEDULE with 2 batches:
  Batch 0: [2,0]
  Batch 1: [1,3]
10810.1ms Vehicle 0 doLogOffer entry #1 (len=581)
10810.1ms Leader 0 SENDING AppendEntries to vehicle 1 (n_entries=1, leader_commit=0)
10810.1ms Leader 0 SENDING AppendEntries to vehicle 2 (n_entries=1, leader_commit=0)
10810.1ms Leader 0 SENDING AppendEntries to vehicle 3 (n_entries=1, leader_commit=0)
10810.1ms Leader 0 submitted PASS_SCHEDULE entry #1
10810.1ms Vehicle 0 scheduling oneshot IN 100.0ms
10812.9ms Vehicle 3 RECEIVED AppendEntries from 0 (n_entries=1, leader_commit=0)
10812.9ms Vehicle 3 doLogOffer entry #1 (len=581)
10813.3ms Vehicle 1 RECEIVED AppendEntries from 0 (n_entries=1, leader_commit=0)
10813.3ms Vehicle 1 doLogOffer entry #1 (len=581)
10813.7ms Vehicle 2 RECEIVED AppendEntries from 0 (n_entries=1, leader_commit=0)
10813.7ms Vehicle 2 doLogOffer entry #1 (len=581)
10823.2ms Vehicle 0 doApplyLog entry #1 (lastApplied=0, len=581)
10823.2ms Vehicle 0 APPLYING PASS_ORDER entry #1 (2 batches)
10823.2ms Vehicle 0 assigned to batch 0 (current batch: 0)
10823.2ms Vehicle 0 RESUMING movement
10910.1ms Vehicle 0 EXECUTING oneshot cb
10923.2ms Leader 0 SENDING AppendEntries to vehicle 1 (n_entries=0, leader_commit=1)
10923.2ms Leader 0 SENDING AppendEntries to vehicle 2 (n_entries=0, leader_commit=1)
10923.2ms Leader 0 SENDING AppendEntries to vehicle 3 (n_entries=0, leader_commit=1)
10925.1ms Vehicle 2 RECEIVED AppendEntries from 0 (n_entries=0, leader_commit=1)
10925.6ms Vehicle 1 RECEIVED AppendEntries from 0 (n_entries=0, leader_commit=1)
10926.2ms Vehicle 3 RECEIVED AppendEntries from 0 (n_entries=0, leader_commit=1)
10939.1ms Vehicle 2 doApplyLog entry #1 (lastApplied=0, len=581)
10939.1ms Vehicle 2 APPLYING PASS_ORDER entry #1 (2 batches)
10939.1ms Vehicle 2 assigned to batch 0 (current batch: 0)
10939.1ms Vehicle 2 RESUMING movement
10943.2ms Vehicle 1 doApplyLog entry #1 (lastApplied=0, len=581)
10943.2ms Vehicle 1 APPLYING PASS_ORDER entry #1 (2 batches)
10943.2ms Vehicle 1 assigned to batch 1 (current batch: 0)
10943.2ms Vehicle 1 scheduling oneshot IN 30000.0ms
10943.2ms Vehicle 1 waiting for batch 1 via checkBatchAdvance
10943.2ms Vehicle 3 doApplyLog entry #1 (lastApplied=0, len=581)
10943.2ms Vehicle 3 APPLYING PASS_ORDER entry #1 (2 batches)
10943.2ms Vehicle 3 assigned to batch 1 (current batch: 0)
10943.2ms Vehicle 3 scheduling oneshot IN 30000.0ms
10943.2ms Vehicle 3 waiting for batch 1 via checkBatchAdvance
11043.2ms Leader 0 SENDING AppendEntries to vehicle 1 (n_entries=0, leader_commit=1)
11043.2ms Leader 0 SENDING AppendEntries to vehicle 2 (n_entries=0, leader_commit=1)
11043.2ms Leader 0 SENDING AppendEntries to vehicle 3 (n_entries=0, leader_commit=1)
11044.7ms Vehicle 1 RECEIVED AppendEntries from 0 (n_entries=0, leader_commit=1)
11047.4ms Vehicle 2 RECEIVED AppendEntries from 0 (n_entries=0, leader_commit=1)
11048.2ms Vehicle 3 RECEIVED AppendEntries from 0 (n_entries=0, leader_commit=1)
11163.2ms Leader 0 SENDING AppendEntries to vehicle 1 (n_entries=0, leader_commit=1)
11163.2ms Leader 0 SENDING AppendEntries to vehicle 2 (n_entries=0, leader_commit=1)
11163.2ms Leader 0 SENDING AppendEntries to vehicle 3 (n_entries=0, leader_commit=1)
11166.2ms Vehicle 3 RECEIVED AppendEntries from 0 (n_entries=0, leader_commit=1)
11166.5ms Vehicle 1 RECEIVED AppendEntries from 0 (n_entries=0, leader_commit=1)
11166.9ms Vehicle 2 RECEIVED AppendEntries from 0 (n_entries=0, leader_commit=1)
11283.2ms Leader 0 SENDING AppendEntries to vehicle 1 (n_entries=0, leader_commit=1)
11283.2ms Leader 0 SENDING AppendEntries to vehicle 2 (n_entries=0, leader_commit=1)
11283.2ms Leader 0 SENDING AppendEntries to vehicle 3 (n_entries=0, leader_commit=1)
11284.6ms Vehicle 1 RECEIVED AppendEntries from 0 (n_entries=0, leader_commit=1)
11285.6ms Vehicle 3 RECEIVED AppendEntries from 0 (n_entries=0, leader_commit=1)
11286.8ms Vehicle 2 RECEIVED AppendEntries from 0 (n_entries=0, leader_commit=1)
11403.2ms Leader 0 SENDING AppendEntries to vehicle 1 (n_entries=0, leader_commit=1)
11403.2ms Leader 0 SENDING AppendEntries to vehicle 2 (n_entries=0, leader_commit=1)
11403.2ms Leader 0 SENDING AppendEntries to vehicle 3 (n_entries=0, leader_commit=1)
11404.8ms Vehicle 1 RECEIVED AppendEntries from 0 (n_entries=0, leader_commit=1)
11406.9ms Vehicle 3 RECEIVED AppendEntries from 0 (n_entries=0, leader_commit=1)
11408.4ms Vehicle 2 RECEIVED AppendEntries from 0 (n_entries=0, leader_commit=1)
11523.2ms Leader 0 SENDING AppendEntries to vehicle 1 (n_entries=0, leader_commit=1)
11523.2ms Leader 0 SENDING AppendEntries to vehicle 2 (n_entries=0, leader_commit=1)
11523.2ms Leader 0 SENDING AppendEntries to vehicle 3 (n_entries=0, leader_commit=1)
11526.9ms Vehicle 2 RECEIVED AppendEntries from 0 (n_entries=0, leader_commit=1)
11527.2ms Vehicle 1 RECEIVED AppendEntries from 0 (n_entries=0, leader_commit=1)
11527.6ms Vehicle 3 RECEIVED AppendEntries from 0 (n_entries=0, leader_commit=1)
11643.2ms Leader 0 SENDING AppendEntries to vehicle 1 (n_entries=0, leader_commit=1)
11643.2ms Leader 0 SENDING AppendEntries to vehicle 2 (n_entries=0, leader_commit=1)
11643.2ms Leader 0 SENDING AppendEntries to vehicle 3 (n_entries=0, leader_commit=1)
11644.6ms Vehicle 2 RECEIVED AppendEntries from 0 (n_entries=0, leader_commit=1)
11644.9ms Vehicle 1 RECEIVED AppendEntries from 0 (n_entries=0, leader_commit=1)
11647.8ms Vehicle 3 RECEIVED AppendEntries from 0 (n_entries=0, leader_commit=1)
11763.2ms Leader 0 SENDING AppendEntries to vehicle 1 (n_entries=0, leader_commit=1)
11763.2ms Leader 0 SENDING AppendEntries to vehicle 2 (n_entries=0, leader_commit=1)
11763.2ms Leader 0 SENDING AppendEntries to vehicle 3 (n_entries=0, leader_commit=1)
11764.6ms Vehicle 1 RECEIVED AppendEntries from 0 (n_entries=0, leader_commit=1)
11765.6ms Vehicle 3 RECEIVED AppendEntries from 0 (n_entries=0, leader_commit=1)
11766.9ms Vehicle 2 RECEIVED AppendEntries from 0 (n_entries=0, leader_commit=1)
11883.2ms Leader 0 SENDING AppendEntries to vehicle 1 (n_entries=0, leader_commit=1)
11883.2ms Leader 0 SENDING AppendEntries to vehicle 2 (n_entries=0, leader_commit=1)
11883.2ms Leader 0 SENDING AppendEntries to vehicle 3 (n_entries=0, leader_commit=1)
11886.4ms Vehicle 3 RECEIVED AppendEntries from 0 (n_entries=0, leader_commit=1)
11886.8ms Vehicle 2 RECEIVED AppendEntries from 0 (n_entries=0, leader_commit=1)
11887.1ms Vehicle 1 RECEIVED AppendEntries from 0 (n_entries=0, leader_commit=1)
11900.0ms Vehicle 0 EXECUTING oneshot cb
12003.2ms Leader 0 SENDING AppendEntries to vehicle 1 (n_entries=0, leader_commit=1)
12003.2ms Leader 0 SENDING AppendEntries to vehicle 2 (n_entries=0, leader_commit=1)
12003.2ms Leader 0 SENDING AppendEntries to vehicle 3 (n_entries=0, leader_commit=1)
12005.6ms Vehicle 3 RECEIVED AppendEntries from 0 (n_entries=0, leader_commit=1)
12008.0ms Vehicle 1 RECEIVED AppendEntries from 0 (n_entries=0, leader_commit=1)
12008.6ms Vehicle 2 RECEIVED AppendEntries from 0 (n_entries=0, leader_commit=1)
12123.2ms Leader 0 SENDING AppendEntries to vehicle 1 (n_entries=0, leader_commit=1)
12123.2ms Leader 0 SENDING AppendEntries to vehicle 2 (n_entries=0, leader_commit=1)
12123.2ms Leader 0 SENDING AppendEntries to vehicle 3 (n_entries=0, leader_commit=1)
12125.8ms Vehicle 3 RECEIVED AppendEntries from 0 (n_entries=0, leader_commit=1)
12126.1ms Vehicle 1 RECEIVED AppendEntries from 0 (n_entries=0, leader_commit=1)
12126.4ms Vehicle 2 RECEIVED AppendEntries from 0 (n_entries=0, leader_commit=1)
12243.2ms Leader 0 SENDING AppendEntries to vehicle 1 (n_entries=0, leader_commit=1)
12243.2ms Leader 0 SENDING AppendEntries to vehicle 2 (n_entries=0, leader_commit=1)
12243.2ms Leader 0 SENDING AppendEntries to vehicle 3 (n_entries=0, leader_commit=1)
12244.8ms Vehicle 3 RECEIVED AppendEntries from 0 (n_entries=0, leader_commit=1)
12245.1ms Vehicle 1 RECEIVED AppendEntries from 0 (n_entries=0, leader_commit=1)
12245.4ms Vehicle 2 RECEIVED AppendEntries from 0 (n_entries=0, leader_commit=1)
12363.2ms Leader 0 SENDING AppendEntries to vehicle 1 (n_entries=0, leader_commit=1)
12363.2ms Leader 0 SENDING AppendEntries to vehicle 2 (n_entries=0, leader_commit=1)
12363.2ms Leader 0 SENDING AppendEntries to vehicle 3 (n_entries=0, leader_commit=1)
12364.5ms Vehicle 2 RECEIVED AppendEntries from 0 (n_entries=0, leader_commit=1)
12366.1ms Vehicle 3 RECEIVED AppendEntries from 0 (n_entries=0, leader_commit=1)
12366.4ms Vehicle 1 RECEIVED AppendEntries from 0 (n_entries=0, leader_commit=1)
12483.2ms Leader 0 SENDING AppendEntries to vehicle 1 (n_entries=0, leader_commit=1)
12483.2ms Leader 0 SENDING AppendEntries to vehicle 2 (n_entries=0, leader_commit=1)
12483.2ms Leader 0 SENDING AppendEntries to vehicle 3 (n_entries=0, leader_commit=1)
12486.1ms Vehicle 1 RECEIVED AppendEntries from 0 (n_entries=0, leader_commit=1)
12486.4ms Vehicle 2 RECEIVED AppendEntries from 0 (n_entries=0, leader_commit=1)
12486.7ms Vehicle 3 RECEIVED AppendEntries from 0 (n_entries=0, leader_commit=1)
12603.2ms Leader 0 SENDING AppendEntries to vehicle 1 (n_entries=0, leader_commit=1)
12603.2ms Leader 0 SENDING AppendEntries to vehicle 2 (n_entries=0, leader_commit=1)
12603.2ms Leader 0 SENDING AppendEntries to vehicle 3 (n_entries=0, leader_commit=1)
12605.7ms Vehicle 1 RECEIVED AppendEntries from 0 (n_entries=0, leader_commit=1)
12607.5ms Vehicle 3 RECEIVED AppendEntries from 0 (n_entries=0, leader_commit=1)
12607.8ms Vehicle 2 RECEIVED AppendEntries from 0 (n_entries=0, leader_commit=1)
12723.2ms Leader 0 SENDING AppendEntries to vehicle 1 (n_entries=0, leader_commit=1)
12723.2ms Leader 0 SENDING AppendEntries to vehicle 2 (n_entries=0, leader_commit=1)
12723.2ms Leader 0 SENDING AppendEntries to vehicle 3 (n_entries=0, leader_commit=1)
12726.1ms Vehicle 3 RECEIVED AppendEntries from 0 (n_entries=0, leader_commit=1)
12726.6ms Vehicle 2 RECEIVED AppendEntries from 0 (n_entries=0, leader_commit=1)
12726.9ms Vehicle 1 RECEIVED AppendEntries from 0 (n_entries=0, leader_commit=1)
12843.2ms Leader 0 SENDING AppendEntries to vehicle 1 (n_entries=0, leader_commit=1)
12843.2ms Leader 0 SENDING AppendEntries to vehicle 2 (n_entries=0, leader_commit=1)
12843.2ms Leader 0 SENDING AppendEntries to vehicle 3 (n_entries=0, leader_commit=1)
12844.7ms Vehicle 2 RECEIVED AppendEntries from 0 (n_entries=0, leader_commit=1)
12845.2ms Vehicle 1 RECEIVED AppendEntries from 0 (n_entries=0, leader_commit=1)
12847.2ms Vehicle 3 RECEIVED AppendEntries from 0 (n_entries=0, leader_commit=1)
12963.2ms Leader 0 SENDING AppendEntries to vehicle 1 (n_entries=0, leader_commit=1)
12963.2ms Leader 0 SENDING AppendEntries to vehicle 2 (n_entries=0, leader_commit=1)
12963.2ms Leader 0 SENDING AppendEntries to vehicle 3 (n_entries=0, leader_commit=1)
12964.8ms Vehicle 1 RECEIVED AppendEntries from 0 (n_entries=0, leader_commit=1)
12965.4ms Vehicle 3 RECEIVED AppendEntries from 0 (n_entries=0, leader_commit=1)
12967.7ms Vehicle 2 RECEIVED AppendEntries from 0 (n_entries=0, leader_commit=1)
13 Vehicle 0 hasPassed=true (on exit edge -34894202#10)
13000.0ms Vehicle 0 LEFT intersection
13000.0ms Vehicle 0 BROADCASTING vehicle-passed
13000.0ms Vehicle 0 sending vehicle-left (isLeader=1, myBatch=0)
13 Vehicle 2 hasPassed=true (on exit edge -37551802#8)
13000.0ms Vehicle 2 LEFT intersection
13000.0ms Vehicle 2 BROADCASTING vehicle-passed
13000.0ms Vehicle 2 sending vehicle-left (isLeader=0, myBatch=0)
13001.3ms Vehicle 3 RECEIVED vehicle-left from vehicle 2
13001.3ms Vehicle 1 RECEIVED vehicle-left from vehicle 2
13003.6ms Vehicle 3 RECEIVED vehicle-passed from vehicle 2
13003.6ms Vehicle 1 RECEIVED vehicle-passed from vehicle 2
13004.6ms Vehicle 1 RECEIVED vehicle-passed from vehicle 0
13004.6ms Vehicle 3 RECEIVED vehicle-passed from vehicle 0
13563.2ms Vehicle 1 sendRequestVote called for node 1
13563.2ms Vehicle 1 sendRequestVote called for node 3
13563.2ms Vehicle 1 sendRequestVote called for node 4
13563.2ms Vehicle 1 RAFT STATE CHANGED from 1 to 2
13563.2ms Vehicle 1 I am a candidate now! Starting election...
14283.2ms Vehicle 3 sendRequestVote called for node 1
14283.2ms Vehicle 3 sendRequestVote called for node 2
14283.2ms Vehicle 3 sendRequestVote called for node 3
14283.2ms Vehicle 3 RAFT STATE CHANGED from 1 to 2
14283.2ms Vehicle 3 I am a candidate now! Starting election...
15043.2ms Vehicle 1 sendRequestVote called for node 1
15043.2ms Vehicle 1 sendRequestVote called for node 3
15043.2ms Vehicle 1 sendRequestVote called for node 4
15043.2ms Vehicle 1 RAFT STATE CHANGED from 1 to 2
15043.2ms Vehicle 1 I am a candidate now! Starting election...
15723.2ms Vehicle 3 sendRequestVote called for node 1
15723.2ms Vehicle 3 sendRequestVote called for node 2
15723.2ms Vehicle 3 sendRequestVote called for node 3
15723.2ms Vehicle 3 RAFT STATE CHANGED from 1 to 2
15723.2ms Vehicle 3 I am a candidate now! Starting election...
16543.2ms Vehicle 1 sendRequestVote called for node 1
16543.2ms Vehicle 1 sendRequestVote called for node 3
16543.2ms Vehicle 1 sendRequestVote called for node 4
16543.2ms Vehicle 1 RAFT STATE CHANGED from 1 to 2
16543.2ms Vehicle 1 I am a candidate now! Starting election...
17283.2ms Vehicle 3 sendRequestVote called for node 1
17283.2ms Vehicle 3 sendRequestVote called for node 2
17283.2ms Vehicle 3 sendRequestVote called for node 3
17283.2ms Vehicle 3 RAFT STATE CHANGED from 1 to 2
17283.2ms Vehicle 3 I am a candidate now! Starting election...
18123.2ms Vehicle 3 sendRequestVote called for node 1
18123.2ms Vehicle 3 sendRequestVote called for node 2
18123.2ms Vehicle 3 sendRequestVote called for node 3
19123.2ms Vehicle 1 sendRequestVote called for node 1
19123.2ms Vehicle 1 sendRequestVote called for node 3
19123.2ms Vehicle 1 sendRequestVote called for node 4
19123.2ms Vehicle 1 RAFT STATE CHANGED from 1 to 2
19123.2ms Vehicle 1 I am a candidate now! Starting election...
19763.2ms Vehicle 3 sendRequestVote called for node 1
19763.2ms Vehicle 3 sendRequestVote called for node 2
19763.2ms Vehicle 3 sendRequestVote called for node 3
19763.2ms Vehicle 3 RAFT STATE CHANGED from 1 to 2
19763.2ms Vehicle 3 I am a candidate now! Starting election...
20443.2ms Vehicle 1 sendRequestVote called for node 1
20443.2ms Vehicle 1 sendRequestVote called for node 3
20443.2ms Vehicle 1 sendRequestVote called for node 4
20443.2ms Vehicle 1 RAFT STATE CHANGED from 1 to 2
20443.2ms Vehicle 1 I am a candidate now! Starting election...
21243.2ms Vehicle 1 sendRequestVote called for node 1
21243.2ms Vehicle 1 sendRequestVote called for node 3
21243.2ms Vehicle 1 sendRequestVote called for node 4
22103.2ms Vehicle 1 sendRequestVote called for node 1
22103.2ms Vehicle 1 sendRequestVote called for node 3
22103.2ms Vehicle 1 sendRequestVote called for node 4
22723.2ms Vehicle 1 sendRequestVote called for node 1
22723.2ms Vehicle 1 sendRequestVote called for node 3
22723.2ms Vehicle 1 sendRequestVote called for node 4
23563.2ms Vehicle 3 sendRequestVote called for node 1
23563.2ms Vehicle 3 sendRequestVote called for node 2
23563.2ms Vehicle 3 sendRequestVote called for node 3
23563.2ms Vehicle 3 RAFT STATE CHANGED from 1 to 2
23563.2ms Vehicle 3 I am a candidate now! Starting election...
24343.2ms Vehicle 1 sendRequestVote called for node 1
24343.2ms Vehicle 1 sendRequestVote called for node 3
24343.2ms Vehicle 1 sendRequestVote called for node 4
24343.2ms Vehicle 1 RAFT STATE CHANGED from 1 to 2
24343.2ms Vehicle 1 I am a candidate now! Starting election...
25123.2ms Vehicle 1 sendRequestVote called for node 1
25123.2ms Vehicle 1 sendRequestVote called for node 3
25123.2ms Vehicle 1 sendRequestVote called for node 4
25963.2ms Vehicle 1 sendRequestVote called for node 1
25963.2ms Vehicle 1 sendRequestVote called for node 3
25963.2ms Vehicle 1 sendRequestVote called for node 4
26563.2ms Vehicle 1 sendRequestVote called for node 1
26563.2ms Vehicle 1 sendRequestVote called for node 3
26563.2ms Vehicle 1 sendRequestVote called for node 4
27503.2ms Vehicle 1 sendRequestVote called for node 1
27503.2ms Vehicle 1 sendRequestVote called for node 3
27503.2ms Vehicle 1 sendRequestVote called for node 4
28223.2ms Vehicle 1 sendRequestVote called for node 1
28223.2ms Vehicle 1 sendRequestVote called for node 3
28223.2ms Vehicle 1 sendRequestVote called for node 4
29083.2ms Vehicle 3 sendRequestVote called for node 1
29083.2ms Vehicle 3 sendRequestVote called for node 2
29083.2ms Vehicle 3 sendRequestVote called for node 3
29083.2ms Vehicle 3 RAFT STATE CHANGED from 1 to 2
29083.2ms Vehicle 3 I am a candidate now! Starting election...
29623.2ms Vehicle 1 sendRequestVote called for node 1
29623.2ms Vehicle 1 sendRequestVote called for node 3
29623.2ms Vehicle 1 sendRequestVote called for node 4
29623.2ms Vehicle 1 RAFT STATE CHANGED from 1 to 2
29623.2ms Vehicle 1 I am a candidate now! Starting election...
30343.2ms Vehicle 1 sendRequestVote called for node 1
30343.2ms Vehicle 1 sendRequestVote called for node 3
30343.2ms Vehicle 1 sendRequestVote called for node 4
31063.2ms Vehicle 1 sendRequestVote called for node 1
31063.2ms Vehicle 1 sendRequestVote called for node 3
31063.2ms Vehicle 1 sendRequestVote called for node 4
31903.2ms Vehicle 1 sendRequestVote called for node 1
31903.2ms Vehicle 1 sendRequestVote called for node 3
31903.2ms Vehicle 1 sendRequestVote called for node 4
32503.2ms Vehicle 3 sendRequestVote called for node 1
32503.2ms Vehicle 3 sendRequestVote called for node 2
32503.2ms Vehicle 3 sendRequestVote called for node 3
32503.2ms Vehicle 3 RAFT STATE CHANGED from 1 to 2
32503.2ms Vehicle 3 I am a candidate now! Starting election...
33043.2ms Vehicle 1 sendRequestVote called for node 1
33043.2ms Vehicle 1 sendRequestVote called for node 3
33043.2ms Vehicle 1 sendRequestVote called for node 4
33043.2ms Vehicle 1 RAFT STATE CHANGED from 1 to 2
33043.2ms Vehicle 1 I am a candidate now! Starting election...
33603.2ms Vehicle 1 sendRequestVote called for node 1
33603.2ms Vehicle 1 sendRequestVote called for node 3
33603.2ms Vehicle 1 sendRequestVote called for node 4
34263.2ms Vehicle 3 sendRequestVote called for node 1
34263.2ms Vehicle 3 sendRequestVote called for node 2
34263.2ms Vehicle 3 sendRequestVote called for node 3
34263.2ms Vehicle 3 RAFT STATE CHANGED from 1 to 2
34263.2ms Vehicle 3 I am a candidate now! Starting election...
35063.2ms Vehicle 1 sendRequestVote called for node 1
35063.2ms Vehicle 1 sendRequestVote called for node 3
35063.2ms Vehicle 1 sendRequestVote called for node 4
35063.2ms Vehicle 1 RAFT STATE CHANGED from 1 to 2
35063.2ms Vehicle 1 I am a candidate now! Starting election...
35763.2ms Vehicle 1 sendRequestVote called for node 1
35763.2ms Vehicle 1 sendRequestVote called for node 3
35763.2ms Vehicle 1 sendRequestVote called for node 4
36683.2ms Vehicle 1 sendRequestVote called for node 1
36683.2ms Vehicle 1 sendRequestVote called for node 3
36683.2ms Vehicle 1 sendRequestVote called for node 4
37343.2ms Vehicle 1 sendRequestVote called for node 1
37343.2ms Vehicle 1 sendRequestVote called for node 3
37343.2ms Vehicle 1 sendRequestVote called for node 4
38043.2ms Vehicle 3 sendRequestVote called for node 1
38043.2ms Vehicle 3 sendRequestVote called for node 2
38043.2ms Vehicle 3 sendRequestVote called for node 3
38043.2ms Vehicle 3 RAFT STATE CHANGED from 1 to 2
38043.2ms Vehicle 3 I am a candidate now! Starting election...
38623.2ms Vehicle 3 sendRequestVote called for node 1
38623.2ms Vehicle 3 sendRequestVote called for node 2
38623.2ms Vehicle 3 sendRequestVote called for node 3
39383.2ms Vehicle 1 sendRequestVote called for node 1
39383.2ms Vehicle 1 sendRequestVote called for node 3
39383.2ms Vehicle 1 sendRequestVote called for node 4
39383.2ms Vehicle 1 RAFT STATE CHANGED from 1 to 2
39383.2ms Vehicle 1 I am a candidate now! Starting election...
39983.2ms Vehicle 3 sendRequestVote called for node 1
39983.2ms Vehicle 3 sendRequestVote called for node 2
39983.2ms Vehicle 3 sendRequestVote called for node 3
39983.2ms Vehicle 3 RAFT STATE CHANGED from 1 to 2
39983.2ms Vehicle 3 I am a candidate now! Starting election...
40583.2ms Vehicle 3 sendRequestVote called for node 1
40583.2ms Vehicle 3 sendRequestVote called for node 2
40583.2ms Vehicle 3 sendRequestVote called for node 3
40943.2ms Vehicle 1 EXECUTING oneshot cb
40943.2ms Vehicle 1 BATCH SAFETY FALLBACK (lost VEHICLE_LEFT?) for batch 1
40943.2ms Vehicle 1 RESUMING movement
40943.2ms Vehicle 3 EXECUTING oneshot cb
40943.2ms Vehicle 3 BATCH SAFETY FALLBACK (lost VEHICLE_LEFT?) for batch 1
40943.2ms Vehicle 3 RESUMING movement
41243.2ms Vehicle 1 sendRequestVote called for node 1
41243.2ms Vehicle 1 sendRequestVote called for node 3
41243.2ms Vehicle 1 sendRequestVote called for node 4
41243.2ms Vehicle 1 RAFT STATE CHANGED from 1 to 2
41243.2ms Vehicle 1 I am a candidate now! Starting election...
42303.2ms Vehicle 1 sendRequestVote called for node 1
42303.2ms Vehicle 1 sendRequestVote called for node 3
42303.2ms Vehicle 1 sendRequestVote called for node 4
42303.2ms Vehicle 3 sendRequestVote called for node 1
42303.2ms Vehicle 3 sendRequestVote called for node 2
42303.2ms Vehicle 3 sendRequestVote called for node 3
42303.2ms Vehicle 3 RAFT STATE CHANGED from 1 to 2
42303.2ms Vehicle 3 I am a candidate now! Starting election...
43 Vehicle 3 hasPassed=true (on exit edge -36905242#11)
43000.0ms Vehicle 3 LEFT intersection
43000.0ms Vehicle 3 BROADCASTING vehicle-passed
43000.0ms Vehicle 3 sending vehicle-left (isLeader=0, myBatch=1)
43002.7ms Vehicle 1 RECEIVED vehicle-left from vehicle 3
43003.6ms Vehicle 1 RECEIVED vehicle-passed from vehicle 3
43023.2ms Vehicle 1 sendRequestVote called for node 1
43023.2ms Vehicle 1 sendRequestVote called for node 3
43023.2ms Vehicle 1 sendRequestVote called for node 4
43.1 Vehicle 1 hasPassed=true (on exit edge 34894202#13)
43100.0ms Vehicle 1 LEFT intersection
43100.0ms Vehicle 1 BROADCASTING vehicle-passed
43100.0ms Vehicle 1 sending vehicle-left (isLeader=0, myBatch=1)
Closed results file.
** Event #44391   t=300   Elapsed: 1.02476s (0m 01s)  100% completed  (100% total)
     Speed:     ev/sec=43318.8   simsec/sec=47.4262   ev/simsec=913.395
     Messages:  created: 33284   present: 2   in FES: 0

<!> Simulation time limit reached -- at t=300s, event #44391

Calling finish() at end of Run #0...

End.
