[0;32m========================================[0m
[0;32m  RAFT over WAVE Multi-Run Benchmark[0m
[0;32m========================================[0m

Transport:   [1;33mWAVE/802.11p[0m
Vehicles:    [1;33m8[0m
Iterations:  [1;33m1[0m
Result Name: [1;33mraftwave_8veh_debug[0m

Results dir: [1;33m/home/mathesh/omnetpp-workspace/benchmark/results/raftwave_8veh_debug[0m

[0;34m========================================[0m
[0;34m  Iteration 1 / 1[0m
[0;34m========================================[0m

Setting up route file...
[0;32mRunning WAVE simulation (iteration 1)...[0m

[1;33mGenerating timeline plot...[0m
[0;32mIteration 1 complete[0m


[0;32m========================================[0m
[0;32m  Benchmark Complete![0m
[0;32m========================================[0m

Results saved in: [1;33m/home/mathesh/omnetpp-workspace/benchmark/results/raftwave_8veh_debug[0m
  - run_1/ through run_1/  (individual runs)

To analyze results, check the JSON files in each run directory.


[0;32m========================================[0m
[0;32m  Generating Aggregate Analysis[0m
[0;32m========================================[0m

Aggregate Statistics (1 runs, 8 vehicles each):
  RAFT Decision:   1400.0 ± 0.0 ms
  Total Intersect: 10500.0 ± 0.0 ms
  Throughput:      0.762 ± 0.000 veh/s
  Wait Time:       5837.5 ± 2764.9 ms
  Transit Time:    4600.0 ± 2686.8 ms
  Messages Sent:   27.8 ± 22.9
  Messages Recv:   29.4 ± 14.5
  Election Rounds: 4.25 ± 2.68

Aggregate plots saved to: /home/mathesh/omnetpp-workspace/benchmark/results/raftwave_8veh_debug/aggregate_analysis.png
Statistics saved to: /home/mathesh/omnetpp-workspace/benchmark/results/raftwave_8veh_debug/aggregate_stats.json

[0;32mAggregate analysis complete![0m

