nohup: ignoring input
WARNING: the sumo-launchd.py script is deprecated in favor of bin/veins_launchd. Redirecting.
WARNING: the sumo-launchd.py script is deprecated in favor of bin/veins_launchd. Redirecting.
Logging to /tmp/sumo-launchd.log
Listening on port 9998
Connection from 127.0.0.1 on port 43754
Handling connection from 127.0.0.1 on port 43754
Got TraCI message of length 2
Got TraCI command of length 1
Got TraCI command 0x0
Got CMD_GETVERSION
Got TraCI message of length 309
Got TraCI command of length 304
Got TraCI command 0x75
Got CMD_FILE_SEND for "b'sumo-launchd.launch.xml'"
Got CMD_FILE_SEND with data "b'<launch>\n  <copy file="intersection.sumocfg" type="config"/>\n  <copy file="osm.net.xml" type="net"/>\n  <copy file="intersection.rou.xml" type="route"/>\n  <basedir path="/home/mathesh/omnetpp-workspace/benchmark/simulations/intersection_4/"/>\n  <seed value="0"/>\n</launch>\n'"
Creating temporary directory...
Temporary dir is /tmp/sumo-launchd-tmp-wzp4n7ft
Base dir is /home/mathesh/omnetpp-workspace/benchmark/simulations/intersection_4/
Seed is 0
Finding free port number...
Claiming lock on port
...found port 41517
Starting SUMO (sumo -c intersection.sumocfg) on port 41517, seed 0
Connecting to SUMO (sumo -c intersection.sumocfg) on port 41517 (try 1)
Error ([Errno 111] Connection refused)
Connecting to SUMO (sumo -c intersection.sumocfg) on port 41517 (try 2)
Releasing lock on port
Starting proxy mode
Done with proxy mode
Done with proxy mode, killing SUMO
Done running SUMO
Cleaning up
Result: "<?xml version="1.0"?>
<status>
	<exit-code>0</exit-code>
	<start>1770592493</start>
	<end>1770592494</end>
	<status>Done.</status>
	<stdout><![CDATA[Loading configuration ... done.
Step #0.00 (0ms ?*RT. ?UPS, TraCI: 6ms, vehicles TOT 1 ACT 1 BUF 0)                       
Step #1.00 (0ms ?*RT. ?UPS, TraCI: 67ms, vehicles TOT 1 ACT 1 BUF 0)                      
]]></stdout>
	<stderr><![CDATA[Warning: Environment variable SUMO_HOME is not set, schema resolution will use slow website lookups.
]]></stderr>
</status>
"
Closing connection from 127.0.0.1 on port 43754
Connection from 127.0.0.1 on port 37838
Handling connection from 127.0.0.1 on port 37838
Got TraCI message of length 2
Got TraCI command of length 1
Got TraCI command 0x0
Got CMD_GETVERSION
Got TraCI message of length 309
Got TraCI command of length 304
Got TraCI command 0x75
Got CMD_FILE_SEND for "b'sumo-launchd.launch.xml'"
Got CMD_FILE_SEND with data "b'<launch>\n  <copy file="intersection.sumocfg" type="config"/>\n  <copy file="osm.net.xml" type="net"/>\n  <copy file="intersection.rou.xml" type="route"/>\n  <basedir path="/home/mathesh/omnetpp-workspace/benchmark/simulations/intersection_4/"/>\n  <seed value="0"/>\n</launch>\n'"
Creating temporary directory...
Temporary dir is /tmp/sumo-launchd-tmp-hfm1t2eu
Base dir is /home/mathesh/omnetpp-workspace/benchmark/simulations/intersection_4/
Seed is 0
Finding free port number...
Claiming lock on port
...found port 45661
Starting SUMO (sumo -c intersection.sumocfg) on port 45661, seed 0
Connecting to SUMO (sumo -c intersection.sumocfg) on port 45661 (try 1)
Error ([Errno 111] Connection refused)
Connecting to SUMO (sumo -c intersection.sumocfg) on port 45661 (try 2)
Releasing lock on port
Starting proxy mode
Done with proxy mode
Done with proxy mode, killing SUMO
Done running SUMO
Cleaning up
Result: "<?xml version="1.0"?>
<status>
	<exit-code>0</exit-code>
	<start>1770592526</start>
	<end>1770592529</end>
	<status>Done.</status>
	<stdout><![CDATA[Loading configuration ... done.
Step #0.00 (1ms ~= 1000.00*RT, ~1000.00UPS, TraCI: 4ms, vehicles TOT 1 ACT 1 BUF 0)       
Step #24.00 (0ms ?*RT. ?UPS, TraCI: 41ms, vehicles TOT 4 ACT 0 BUF 0)                     
]]></stdout>
	<stderr><![CDATA[Warning: Environment variable SUMO_HOME is not set, schema resolution will use slow website lookups.
]]></stderr>
</status>
"
Closing connection from 127.0.0.1 on port 37838
Killed.
Shutting down.
WARNING: the sumo-launchd.py script is deprecated in favor of bin/veins_launchd. Redirection done.
WARNING: the sumo-launchd.py script is deprecated in favor of bin/veins_launchd. Redirection done.
