OMNeT++ Discrete Event Simulation  (C) 1992-2019 Andras Varga, OpenSim Ltd.
Version: 5.6.2, build: 200518-aa79d0918f, edition: Academic Public License -- NOT FOR COMMERCIAL USE
See the license for distribution terms and warranty disclaimer

Setting up Cmdenv...

Loading NED files from ..:  9
Loading NED files from ../../src:  11
Loading NED files from ../../../inet/src:  831
Loading NED files from ../../../inet/examples:  174
Loading NED files from ../../../inet/tutorials:  10
Loading NED files from ../../../inet/showcases:  46
Loading NED files from ../../../../veins/examples/veins:  1
Loading NED files from ../../../../veins/src/veins:  44

Preparing for running configuration General, run #0...
Assigned runID=General-0-20260222-01:50:25-303577
Setting up network "IntersectionScenarioWave"...
Initializing...

Running simulation...
** Event #0   t=0   Elapsed: 1.2e-05s (0m 00s)  0% completed  (0% total)
     Speed:     ev/sec=0   simsec/sec=0   ev/simsec=0
     Messages:  created: 2   present: 2   in FES: 3
Vehicle 0 edge config: 4 approach edges, 4 exit edges
Opened results file: /home/mathesh/omnetpp-workspace/benchmark/results/benchmark_4v/run_3/raft_results.json
Vehicle 1 edge config: 4 approach edges, 4 exit edges
500.0ms Vehicle 1 STOPPED at intersection (edge=34894202#10)
531.1ms Vehicle 1 CLUSTER TRIGGER (at intersection with 1 peers)
531.1ms Vehicle 1 FORMING CLUSTER with 4 members: [0,1,2,3]
531.7ms Vehicle 0 received CLUSTER_FORM from 1 with 2 members
531.7ms Vehicle 0 FORMING CLUSTER with 4 members: [0,1,2,3]
Vehicle 2 edge config: 4 approach edges, 4 exit edges
831.7ms Vehicle 2 joining EXISTING cluster from 1 with 4 members
831.7ms Vehicle 2 FORMING CLUSTER with 4 members: [0,1,2,3]
Vehicle 3 edge config: 4 approach edges, 4 exit edges
1431.7ms Vehicle 3 joining EXISTING cluster from 1 with 4 members
1431.7ms Vehicle 3 FORMING CLUSTER with 4 members: [0,1,2,3]
1533.7ms Leader 1 SENDING AppendEntries to vehicle 0 (n_entries=0, leader_commit=0)
1533.7ms Leader 1 SENDING AppendEntries to vehicle 2 (n_entries=0, leader_commit=0)
1533.7ms Leader 1 SENDING AppendEntries to vehicle 3 (n_entries=0, leader_commit=0)
1534.0ms Vehicle 0 RECEIVED AppendEntries from 1 (n_entries=0, leader_commit=0)
1534.0ms Vehicle 0 SENDING AppendEntriesResponse to 1 (success=1, current_idx=0)
1534.6ms Vehicle 3 RECEIVED AppendEntries from 1 (n_entries=0, leader_commit=0)
1534.6ms Vehicle 3 SENDING AppendEntriesResponse to 1 (success=1, current_idx=0)
1534.9ms Leader 1 RECEIVED AppendEntriesResponse from 3 (success=1, current_idx=0)
1631.1ms Vehicle 1 BECAME LEADER (term=4)
1631.1ms Leader 1 sending STATUS_REQUEST to all (timeout=1100ms)
1731.1ms Leader 1 SENDING AppendEntries to vehicle 0 (n_entries=0, leader_commit=0)
1731.1ms Leader 1 SENDING AppendEntries to vehicle 2 (n_entries=0, leader_commit=0)
1731.1ms Leader 1 SENDING AppendEntries to vehicle 3 (n_entries=0, leader_commit=0)
1731.4ms Vehicle 0 RECEIVED AppendEntries from 1 (n_entries=0, leader_commit=0)
1731.4ms Vehicle 0 SENDING AppendEntriesResponse to 1 (success=1, current_idx=0)
1731.7ms Leader 1 RECEIVED AppendEntriesResponse from 0 (success=1, current_idx=0)
1732.0ms Vehicle 2 RECEIVED AppendEntries from 1 (n_entries=0, leader_commit=0)
1732.0ms Vehicle 2 SENDING AppendEntriesResponse to 1 (success=1, current_idx=0)
1732.3ms Leader 1 RECEIVED AppendEntriesResponse from 2 (success=1, current_idx=0)
1732.6ms Vehicle 3 RECEIVED AppendEntries from 1 (n_entries=0, leader_commit=0)
1732.6ms Vehicle 3 SENDING AppendEntriesResponse to 1 (success=1, current_idx=0)
1732.8ms Leader 1 RECEIVED AppendEntriesResponse from 3 (success=1, current_idx=0)
1931.1ms Leader 1 SENDING AppendEntries to vehicle 0 (n_entries=0, leader_commit=0)
1931.1ms Leader 1 SENDING AppendEntries to vehicle 2 (n_entries=0, leader_commit=0)
1931.1ms Leader 1 SENDING AppendEntries to vehicle 3 (n_entries=0, leader_commit=0)
1931.4ms Vehicle 0 RECEIVED AppendEntries from 1 (n_entries=0, leader_commit=0)
1931.4ms Vehicle 0 SENDING AppendEntriesResponse to 1 (success=1, current_idx=0)
1931.6ms Vehicle 2 RECEIVED AppendEntries from 1 (n_entries=0, leader_commit=0)
1931.6ms Vehicle 2 SENDING AppendEntriesResponse to 1 (success=1, current_idx=0)
1983.5ms Leader 1 received STATUS_RESPONSE from 3 (isLeader=1, waiting=1)
1983.5ms Leader 1 stored proposal from 3 (count=1/3)
1991.3ms Leader 1 received STATUS_RESPONSE from 2 (isLeader=1, waiting=1)
1991.3ms Leader 1 stored proposal from 2 (count=2/3)
2096.6ms Leader 1 received STATUS_RESPONSE from 0 (isLeader=1, waiting=1)
2096.6ms Leader 1 stored proposal from 0 (count=3/3)
2096.6ms Leader 1 proposePassOrder: collectedProposals has 4 entries: [0(lane=0,first=1,wait=0.0ms,blockedBy=-1), 1(lane=1,first=1,wait=1596.6ms,blockedBy=-1), 2(lane=2,first=1,wait=0.0ms,blockedBy=-1), 3(lane=3,first=1,wait=0.0ms,blockedBy=-1), ]
2096.6ms Vehicle 1 doLogOffer called for entry #1 (len=293)
2096.6ms Leader 1 SENDING AppendEntries to vehicle 0 (n_entries=1, leader_commit=0)
2096.6ms Leader 1 SENDING AppendEntries to vehicle 2 (n_entries=1, leader_commit=0)
2096.6ms Leader 1 SENDING AppendEntries to vehicle 3 (n_entries=1, leader_commit=0)
2096.6ms Leader 1 PROPOSED PASS_SCHEDULE entry #1 (2 batches): [1,3] -> [0,2]
  Entry 0: dataLen=293, firstByte=3
2096.9ms Vehicle 0 RECEIVED AppendEntries from 1 (n_entries=1, leader_commit=0)
2096.9ms Vehicle 0 doLogOffer called for entry #1 (len=293)
2096.9ms Vehicle 0 SENDING AppendEntriesResponse to 1 (success=1, current_idx=1)
2097.2ms Leader 1 RECEIVED AppendEntriesResponse from 0 (success=1, current_idx=1)
  Entry 0: dataLen=293, firstByte=3
2097.5ms Vehicle 2 RECEIVED AppendEntries from 1 (n_entries=1, leader_commit=0)
2097.5ms Vehicle 2 doLogOffer called for entry #1 (len=293)
2097.5ms Vehicle 2 SENDING AppendEntriesResponse to 1 (success=1, current_idx=1)
2131.1ms Leader 1 SENDING AppendEntries to vehicle 0 (n_entries=0, leader_commit=0)
2131.1ms Leader 1 SENDING AppendEntries to vehicle 2 (n_entries=1, leader_commit=0)
2131.1ms Leader 1 SENDING AppendEntries to vehicle 3 (n_entries=1, leader_commit=0)
2131.4ms Vehicle 0 RECEIVED AppendEntries from 1 (n_entries=0, leader_commit=0)
2131.4ms Vehicle 0 SENDING AppendEntriesResponse to 1 (success=1, current_idx=1)
  Entry 0: dataLen=293, firstByte=3
2131.6ms Vehicle 2 RECEIVED AppendEntries from 1 (n_entries=1, leader_commit=0)
2131.6ms Vehicle 2 SENDING AppendEntriesResponse to 1 (success=1, current_idx=1)
2331.1ms Leader 1 SENDING AppendEntries to vehicle 0 (n_entries=0, leader_commit=0)
2331.1ms Leader 1 SENDING AppendEntries to vehicle 2 (n_entries=1, leader_commit=0)
2331.1ms Leader 1 SENDING AppendEntries to vehicle 3 (n_entries=1, leader_commit=0)
2331.4ms Vehicle 0 RECEIVED AppendEntries from 1 (n_entries=0, leader_commit=0)
2331.4ms Vehicle 0 SENDING AppendEntriesResponse to 1 (success=1, current_idx=1)
2331.7ms Leader 1 RECEIVED AppendEntriesResponse from 0 (success=1, current_idx=1)
  Entry 0: dataLen=293, firstByte=3
2332.0ms Vehicle 2 RECEIVED AppendEntries from 1 (n_entries=1, leader_commit=0)
2332.0ms Vehicle 2 SENDING AppendEntriesResponse to 1 (success=1, current_idx=1)
2531.1ms Leader 1 SENDING AppendEntries to vehicle 0 (n_entries=0, leader_commit=0)
2531.1ms Leader 1 SENDING AppendEntries to vehicle 2 (n_entries=1, leader_commit=0)
2531.1ms Leader 1 SENDING AppendEntries to vehicle 3 (n_entries=1, leader_commit=0)
2531.4ms Vehicle 0 RECEIVED AppendEntries from 1 (n_entries=0, leader_commit=0)
2531.4ms Vehicle 0 SENDING AppendEntriesResponse to 1 (success=1, current_idx=1)
2531.7ms Leader 1 RECEIVED AppendEntriesResponse from 0 (success=1, current_idx=1)
  Entry 0: dataLen=293, firstByte=3
2531.9ms Vehicle 2 RECEIVED AppendEntries from 1 (n_entries=1, leader_commit=0)
2531.9ms Vehicle 2 SENDING AppendEntriesResponse to 1 (success=1, current_idx=1)
2532.2ms Leader 1 RECEIVED AppendEntriesResponse from 2 (success=1, current_idx=1)
  Entry 0: dataLen=293, firstByte=3
2532.5ms Vehicle 3 RECEIVED AppendEntries from 1 (n_entries=1, leader_commit=0)
2532.5ms Vehicle 3 SENDING AppendEntriesResponse to 1 (success=0, current_idx=0)
2532.8ms Leader 1 RECEIVED AppendEntriesResponse from 3 (success=0, current_idx=0)
2600.0ms Vehicle 2 STOPPED at intersection (edge=36905242#11)
2631.1ms Vehicle 1 doApplyLog called for entry #1 (lastApplied=0, len=293)
2631.1ms Vehicle 1 doApplyLog type=3 (PASS_ORDER=3, PASS_COMMAND=1)
2631.1ms Vehicle 1 APPLYING committed PASS_SCHEDULE entry #1 (numBatches=2)
  Batch 0: [1,3]
  Batch 1: [0,2]
2631.1ms Vehicle 1 executes. Assigned Batch: 0 (currentBatch=0)
2631.1ms Vehicle 1 RESUMING movement
2631.1ms Vehicle 1 LOST leadership
3800.0ms Vehicle 3 STOPPED at intersection (edge=37551802#8)
5632.9ms Leader 0 SENDING AppendEntries to vehicle 1 (n_entries=0, leader_commit=0)
5632.9ms Leader 0 SENDING AppendEntries to vehicle 2 (n_entries=0, leader_commit=0)
5632.9ms Leader 0 SENDING AppendEntries to vehicle 3 (n_entries=0, leader_commit=0)
5633.7ms Vehicle 1 RECEIVED AppendEntries from 0 (n_entries=0, leader_commit=0)
5633.7ms Vehicle 1 SENDING AppendEntriesResponse to 0 (success=1, current_idx=1)
5634.0ms Leader 0 RECEIVED AppendEntriesResponse from 1 (success=1, current_idx=1)
5634.3ms Vehicle 2 RECEIVED AppendEntries from 0 (n_entries=0, leader_commit=0)
5634.3ms Vehicle 2 SENDING AppendEntriesResponse to 0 (success=1, current_idx=1)
5731.7ms Vehicle 0 BECAME LEADER (term=11)
5831.7ms Leader 0 SENDING AppendEntries to vehicle 1 (n_entries=0, leader_commit=0)
5831.7ms Leader 0 SENDING AppendEntries to vehicle 2 (n_entries=0, leader_commit=0)
5831.7ms Leader 0 SENDING AppendEntries to vehicle 3 (n_entries=0, leader_commit=0)
5831.9ms Vehicle 1 RECEIVED AppendEntries from 0 (n_entries=0, leader_commit=0)
5831.9ms Vehicle 1 SENDING AppendEntriesResponse to 0 (success=1, current_idx=1)
5832.5ms Vehicle 3 RECEIVED AppendEntries from 0 (n_entries=0, leader_commit=0)
5832.5ms Vehicle 3 SENDING AppendEntriesResponse to 0 (success=0, current_idx=0)
5832.8ms Leader 0 RECEIVED AppendEntriesResponse from 3 (success=0, current_idx=0)
5832.8ms Leader 0 SENDING AppendEntries to vehicle 3 (n_entries=1, leader_commit=0)
  Entry 0: dataLen=293, firstByte=3
5833.1ms Vehicle 3 RECEIVED AppendEntries from 0 (n_entries=1, leader_commit=0)
5833.1ms Vehicle 3 doLogOffer called for entry #1 (len=293)
5833.1ms Vehicle 3 SENDING AppendEntriesResponse to 0 (success=1, current_idx=1)
5833.4ms Leader 0 RECEIVED AppendEntriesResponse from 3 (success=1, current_idx=1)
6031.7ms Leader 0 SENDING AppendEntries to vehicle 1 (n_entries=0, leader_commit=0)
6031.7ms Leader 0 SENDING AppendEntries to vehicle 2 (n_entries=0, leader_commit=0)
6031.7ms Leader 0 SENDING AppendEntries to vehicle 3 (n_entries=0, leader_commit=0)
6031.9ms Vehicle 1 RECEIVED AppendEntries from 0 (n_entries=0, leader_commit=0)
6031.9ms Vehicle 1 SENDING AppendEntriesResponse to 0 (success=1, current_idx=1)
6032.2ms Leader 0 RECEIVED AppendEntriesResponse from 1 (success=1, current_idx=1)
6032.5ms Vehicle 2 RECEIVED AppendEntries from 0 (n_entries=0, leader_commit=0)
6032.5ms Vehicle 2 SENDING AppendEntriesResponse to 0 (success=1, current_idx=1)
6231.7ms Leader 0 SENDING AppendEntries to vehicle 1 (n_entries=0, leader_commit=0)
6231.7ms Leader 0 SENDING AppendEntries to vehicle 2 (n_entries=0, leader_commit=0)
6231.7ms Leader 0 SENDING AppendEntries to vehicle 3 (n_entries=0, leader_commit=0)
6232.0ms Vehicle 1 RECEIVED AppendEntries from 0 (n_entries=0, leader_commit=0)
6232.0ms Vehicle 1 SENDING AppendEntriesResponse to 0 (success=1, current_idx=1)
6232.3ms Leader 0 RECEIVED AppendEntriesResponse from 1 (success=1, current_idx=1)
6232.6ms Vehicle 2 RECEIVED AppendEntries from 0 (n_entries=0, leader_commit=0)
6232.6ms Vehicle 2 SENDING AppendEntriesResponse to 0 (success=1, current_idx=1)
6232.9ms Leader 0 RECEIVED AppendEntriesResponse from 2 (success=1, current_idx=1)
6233.2ms Vehicle 3 RECEIVED AppendEntries from 0 (n_entries=0, leader_commit=0)
6233.2ms Vehicle 3 SENDING AppendEntriesResponse to 0 (success=1, current_idx=1)
6233.5ms Leader 0 RECEIVED AppendEntriesResponse from 3 (success=1, current_idx=1)
6431.7ms Leader 0 SENDING AppendEntries to vehicle 1 (n_entries=0, leader_commit=0)
6431.7ms Leader 0 SENDING AppendEntries to vehicle 2 (n_entries=0, leader_commit=0)
6431.7ms Leader 0 SENDING AppendEntries to vehicle 3 (n_entries=0, leader_commit=0)
6431.9ms Vehicle 1 RECEIVED AppendEntries from 0 (n_entries=0, leader_commit=0)
6431.9ms Vehicle 1 SENDING AppendEntriesResponse to 0 (success=1, current_idx=1)
6432.2ms Leader 0 RECEIVED AppendEntriesResponse from 1 (success=1, current_idx=1)
6432.5ms Vehicle 2 RECEIVED AppendEntries from 0 (n_entries=0, leader_commit=0)
6432.5ms Vehicle 2 SENDING AppendEntriesResponse to 0 (success=1, current_idx=1)
6432.8ms Leader 0 RECEIVED AppendEntriesResponse from 2 (success=1, current_idx=1)
6433.1ms Vehicle 3 RECEIVED AppendEntries from 0 (n_entries=0, leader_commit=0)
6433.1ms Vehicle 3 SENDING AppendEntriesResponse to 0 (success=1, current_idx=1)
6433.4ms Leader 0 RECEIVED AppendEntriesResponse from 3 (success=1, current_idx=1)
6631.7ms Leader 0 SENDING AppendEntries to vehicle 1 (n_entries=0, leader_commit=0)
6631.7ms Leader 0 SENDING AppendEntries to vehicle 2 (n_entries=0, leader_commit=0)
6631.7ms Leader 0 SENDING AppendEntries to vehicle 3 (n_entries=0, leader_commit=0)
6631.9ms Vehicle 1 RECEIVED AppendEntries from 0 (n_entries=0, leader_commit=0)
6631.9ms Vehicle 1 SENDING AppendEntriesResponse to 0 (success=1, current_idx=1)
6632.2ms Leader 0 RECEIVED AppendEntriesResponse from 1 (success=1, current_idx=1)
6632.5ms Vehicle 2 RECEIVED AppendEntries from 0 (n_entries=0, leader_commit=0)
6632.5ms Vehicle 2 SENDING AppendEntriesResponse to 0 (success=1, current_idx=1)
6632.8ms Leader 0 RECEIVED AppendEntriesResponse from 2 (success=1, current_idx=1)
6633.1ms Vehicle 3 RECEIVED AppendEntries from 0 (n_entries=0, leader_commit=0)
6633.1ms Vehicle 3 SENDING AppendEntriesResponse to 0 (success=1, current_idx=1)
6633.4ms Leader 0 RECEIVED AppendEntriesResponse from 3 (success=1, current_idx=1)
6831.7ms Leader 0 SENDING AppendEntries to vehicle 1 (n_entries=0, leader_commit=0)
6831.7ms Leader 0 SENDING AppendEntries to vehicle 2 (n_entries=0, leader_commit=0)
6831.7ms Leader 0 SENDING AppendEntries to vehicle 3 (n_entries=0, leader_commit=0)
6832.0ms Vehicle 1 RECEIVED AppendEntries from 0 (n_entries=0, leader_commit=0)
6832.0ms Vehicle 1 SENDING AppendEntriesResponse to 0 (success=1, current_idx=1)
6832.3ms Leader 0 RECEIVED AppendEntriesResponse from 1 (success=1, current_idx=1)
6832.6ms Vehicle 2 RECEIVED AppendEntries from 0 (n_entries=0, leader_commit=0)
6832.6ms Vehicle 2 SENDING AppendEntriesResponse to 0 (success=1, current_idx=1)
6832.9ms Leader 0 RECEIVED AppendEntriesResponse from 2 (success=1, current_idx=1)
6833.2ms Vehicle 3 RECEIVED AppendEntries from 0 (n_entries=0, leader_commit=0)
6833.2ms Vehicle 3 SENDING AppendEntriesResponse to 0 (success=1, current_idx=1)
6833.5ms Leader 0 RECEIVED AppendEntriesResponse from 3 (success=1, current_idx=1)
7031.7ms Leader 0 SENDING AppendEntries to vehicle 1 (n_entries=0, leader_commit=0)
7031.7ms Leader 0 SENDING AppendEntries to vehicle 2 (n_entries=0, leader_commit=0)
7031.7ms Leader 0 SENDING AppendEntries to vehicle 3 (n_entries=0, leader_commit=0)
7031.9ms Vehicle 1 RECEIVED AppendEntries from 0 (n_entries=0, leader_commit=0)
7031.9ms Vehicle 1 SENDING AppendEntriesResponse to 0 (success=1, current_idx=1)
7032.2ms Leader 0 RECEIVED AppendEntriesResponse from 1 (success=1, current_idx=1)
7032.5ms Vehicle 2 RECEIVED AppendEntries from 0 (n_entries=0, leader_commit=0)
7032.5ms Vehicle 2 SENDING AppendEntriesResponse to 0 (success=1, current_idx=1)
7032.8ms Leader 0 RECEIVED AppendEntriesResponse from 2 (success=1, current_idx=1)
7033.1ms Vehicle 3 RECEIVED AppendEntries from 0 (n_entries=0, leader_commit=0)
7033.1ms Vehicle 3 SENDING AppendEntriesResponse to 0 (success=1, current_idx=1)
7033.4ms Leader 0 RECEIVED AppendEntriesResponse from 3 (success=1, current_idx=1)
7231.7ms Leader 0 SENDING AppendEntries to vehicle 1 (n_entries=0, leader_commit=0)
7231.7ms Leader 0 SENDING AppendEntries to vehicle 2 (n_entries=0, leader_commit=0)
7231.7ms Leader 0 SENDING AppendEntries to vehicle 3 (n_entries=0, leader_commit=0)
7231.9ms Vehicle 1 RECEIVED AppendEntries from 0 (n_entries=0, leader_commit=0)
7231.9ms Vehicle 1 SENDING AppendEntriesResponse to 0 (success=1, current_idx=1)
7232.2ms Leader 0 RECEIVED AppendEntriesResponse from 1 (success=1, current_idx=1)
7232.5ms Vehicle 2 RECEIVED AppendEntries from 0 (n_entries=0, leader_commit=0)
7232.5ms Vehicle 2 SENDING AppendEntriesResponse to 0 (success=1, current_idx=1)
7400.0ms Vehicle 1 LEFT intersection
7400.0ms Vehicle 1 METRICS: wait=6900.0ms, decision=2100.0ms, method=raft
7400.6ms Leader 0 proposing VEHICLE_LEFT for vehicle 1 (batch=-1)
7400.6ms Vehicle 0 doLogOffer called for entry #2 (len=9)
7400.6ms Leader 0 SENDING AppendEntries to vehicle 1 (n_entries=1, leader_commit=0)
7400.6ms Leader 0 SENDING AppendEntries to vehicle 2 (n_entries=1, leader_commit=0)
7400.6ms Leader 0 SENDING AppendEntries to vehicle 3 (n_entries=1, leader_commit=0)
  Entry 0: dataLen=9, firstByte=4
7401.2ms Vehicle 2 RECEIVED AppendEntries from 0 (n_entries=1, leader_commit=0)
7401.2ms Vehicle 2 doLogOffer called for entry #2 (len=9)
7401.2ms Vehicle 2 SENDING AppendEntriesResponse to 0 (success=1, current_idx=2)
7401.5ms Leader 0 RECEIVED AppendEntriesResponse from 2 (success=1, current_idx=2)
  Entry 0: dataLen=9, firstByte=4
7401.8ms Vehicle 3 RECEIVED AppendEntries from 0 (n_entries=1, leader_commit=0)
7401.8ms Vehicle 3 doLogOffer called for entry #2 (len=9)
7401.8ms Vehicle 3 SENDING AppendEntriesResponse to 0 (success=1, current_idx=2)
7402.1ms Leader 0 RECEIVED AppendEntriesResponse from 3 (success=1, current_idx=2)
7431.7ms Leader 0 SENDING AppendEntries to vehicle 2 (n_entries=0, leader_commit=2)
7431.7ms Leader 0 SENDING AppendEntries to vehicle 3 (n_entries=0, leader_commit=2)
7431.7ms Vehicle 0 doApplyLog called for entry #1 (lastApplied=0, len=293)
7431.7ms Vehicle 0 doApplyLog type=3 (PASS_ORDER=3, PASS_COMMAND=1)
7431.7ms Vehicle 0 APPLYING committed PASS_SCHEDULE entry #1 (numBatches=2)
  Batch 0: [1,3]
  Batch 1: [0,2]
7431.7ms Vehicle 0 executes. Assigned Batch: 1 (currentBatch=0)
7431.7ms Vehicle 0 scheduling safety timer for batch 1 in 2000.0ms
7431.7ms Vehicle 0 doApplyLog called for entry #2 (lastApplied=1, len=9)
7431.7ms Vehicle 0 doApplyLog type=4 (PASS_ORDER=3, PASS_COMMAND=1)
7431.7ms Vehicle 0 APPLYING committed VEHICLE_LEFT entry #2 - vehicle 1 (batch=-1)
7431.7ms Vehicle 0 RAFT-COMMITTED: vehicle 1 left (batch=-1)
7431.9ms Vehicle 2 RECEIVED AppendEntries from 0 (n_entries=0, leader_commit=2)
7431.9ms Vehicle 2 SENDING AppendEntriesResponse to 0 (success=1, current_idx=2)
7432.2ms Leader 0 RECEIVED AppendEntriesResponse from 2 (success=1, current_idx=2)
7432.5ms Vehicle 3 RECEIVED AppendEntries from 0 (n_entries=0, leader_commit=2)
7432.5ms Vehicle 3 SENDING AppendEntriesResponse to 0 (success=1, current_idx=2)
7432.8ms Leader 0 RECEIVED AppendEntriesResponse from 3 (success=1, current_idx=2)
7531.7ms Vehicle 2 doApplyLog called for entry #1 (lastApplied=0, len=293)
7531.7ms Vehicle 2 doApplyLog type=3 (PASS_ORDER=3, PASS_COMMAND=1)
7531.7ms Vehicle 2 APPLYING committed PASS_SCHEDULE entry #1 (numBatches=2)
  Batch 0: [1,3]
  Batch 1: [0,2]
7531.7ms Vehicle 2 executes. Assigned Batch: 1 (currentBatch=0)
7531.7ms Vehicle 2 scheduling safety timer for batch 1 in 2000.0ms
7531.7ms Vehicle 2 doApplyLog called for entry #2 (lastApplied=1, len=9)
7531.7ms Vehicle 2 doApplyLog type=4 (PASS_ORDER=3, PASS_COMMAND=1)
7531.7ms Vehicle 2 APPLYING committed VEHICLE_LEFT entry #2 - vehicle 1 (batch=-1)
7531.7ms Vehicle 2 RAFT-COMMITTED: vehicle 1 left (batch=-1)
7531.7ms Vehicle 3 doApplyLog called for entry #1 (lastApplied=0, len=293)
7531.7ms Vehicle 3 doApplyLog type=3 (PASS_ORDER=3, PASS_COMMAND=1)
7531.7ms Vehicle 3 APPLYING committed PASS_SCHEDULE entry #1 (numBatches=2)
  Batch 0: [1,3]
  Batch 1: [0,2]
7531.7ms Vehicle 3 executes. Assigned Batch: 0 (currentBatch=0)
7531.7ms Vehicle 3 RESUMING movement
7531.7ms Vehicle 3 doApplyLog called for entry #2 (lastApplied=1, len=9)
7531.7ms Vehicle 3 doApplyLog type=4 (PASS_ORDER=3, PASS_COMMAND=1)
7531.7ms Vehicle 3 APPLYING committed VEHICLE_LEFT entry #2 - vehicle 1 (batch=-1)
7531.7ms Vehicle 3 RAFT-COMMITTED: vehicle 1 left (batch=-1)
7631.7ms Leader 0 SENDING AppendEntries to vehicle 2 (n_entries=0, leader_commit=2)
7631.7ms Leader 0 SENDING AppendEntries to vehicle 3 (n_entries=0, leader_commit=2)
7631.9ms Vehicle 2 RECEIVED AppendEntries from 0 (n_entries=0, leader_commit=2)
7631.9ms Vehicle 2 SENDING AppendEntriesResponse to 0 (success=1, current_idx=2)
7831.7ms Leader 0 SENDING AppendEntries to vehicle 2 (n_entries=0, leader_commit=2)
7831.7ms Leader 0 SENDING AppendEntries to vehicle 3 (n_entries=0, leader_commit=2)
7831.9ms Vehicle 2 RECEIVED AppendEntries from 0 (n_entries=0, leader_commit=2)
7831.9ms Vehicle 2 SENDING AppendEntriesResponse to 0 (success=1, current_idx=2)
8031.7ms Leader 0 SENDING AppendEntries to vehicle 2 (n_entries=0, leader_commit=2)
8031.7ms Leader 0 SENDING AppendEntries to vehicle 3 (n_entries=0, leader_commit=2)
8031.9ms Vehicle 2 RECEIVED AppendEntries from 0 (n_entries=0, leader_commit=2)
8031.9ms Vehicle 2 SENDING AppendEntriesResponse to 0 (success=1, current_idx=2)
8032.2ms Leader 0 RECEIVED AppendEntriesResponse from 2 (success=1, current_idx=2)
8032.5ms Vehicle 3 RECEIVED AppendEntries from 0 (n_entries=0, leader_commit=2)
8032.5ms Vehicle 3 SENDING AppendEntriesResponse to 0 (success=0, current_idx=2)
8032.8ms Leader 0 RECEIVED AppendEntriesResponse from 3 (success=0, current_idx=2)
8131.7ms Vehicle 0 LOST leadership
8400.0ms Vehicle 0 STOPPED at intersection (edge=-34894202#13)
8632.8ms Leader 3 SENDING AppendEntries to vehicle 0 (n_entries=0, leader_commit=2)
8632.8ms Leader 3 SENDING AppendEntries to vehicle 2 (n_entries=0, leader_commit=2)
8633.1ms Vehicle 0 RECEIVED AppendEntries from 3 (n_entries=0, leader_commit=2)
8633.1ms Vehicle 0 SENDING AppendEntriesResponse to 3 (success=1, current_idx=2)
8731.7ms Vehicle 3 BECAME LEADER (term=13)
8831.7ms Leader 3 SENDING AppendEntries to vehicle 0 (n_entries=0, leader_commit=2)
8831.7ms Leader 3 SENDING AppendEntries to vehicle 2 (n_entries=0, leader_commit=2)
8831.9ms Vehicle 0 RECEIVED AppendEntries from 3 (n_entries=0, leader_commit=2)
8831.9ms Vehicle 0 SENDING AppendEntriesResponse to 3 (success=1, current_idx=2)
9031.7ms Leader 3 SENDING AppendEntries to vehicle 0 (n_entries=0, leader_commit=2)
9031.7ms Leader 3 SENDING AppendEntries to vehicle 2 (n_entries=0, leader_commit=2)
9031.9ms Vehicle 0 RECEIVED AppendEntries from 3 (n_entries=0, leader_commit=2)
9031.9ms Vehicle 0 SENDING AppendEntriesResponse to 3 (success=1, current_idx=2)
9032.2ms Leader 3 RECEIVED AppendEntriesResponse from 0 (success=1, current_idx=2)
9032.5ms Vehicle 2 RECEIVED AppendEntries from 3 (n_entries=0, leader_commit=2)
9032.5ms Vehicle 2 SENDING AppendEntriesResponse to 3 (success=1, current_idx=2)
9032.8ms Leader 3 RECEIVED AppendEntriesResponse from 2 (success=1, current_idx=2)
9231.7ms Leader 3 SENDING AppendEntries to vehicle 0 (n_entries=0, leader_commit=2)
9231.7ms Leader 3 SENDING AppendEntries to vehicle 2 (n_entries=0, leader_commit=2)
9231.9ms Vehicle 0 RECEIVED AppendEntries from 3 (n_entries=0, leader_commit=2)
9231.9ms Vehicle 0 SENDING AppendEntriesResponse to 3 (success=1, current_idx=2)
9232.2ms Leader 3 RECEIVED AppendEntriesResponse from 0 (success=1, current_idx=2)
9232.5ms Vehicle 2 RECEIVED AppendEntries from 3 (n_entries=0, leader_commit=2)
9232.5ms Vehicle 2 SENDING AppendEntriesResponse to 3 (success=1, current_idx=2)
9232.8ms Leader 3 RECEIVED AppendEntriesResponse from 2 (success=1, current_idx=2)
9431.7ms Vehicle 0 SAFETY TIMER fired for batch 1, starting movement
9431.7ms Vehicle 0 RESUMING movement
9431.7ms Leader 3 SENDING AppendEntries to vehicle 0 (n_entries=0, leader_commit=2)
9431.7ms Leader 3 SENDING AppendEntries to vehicle 2 (n_entries=0, leader_commit=2)
9431.9ms Vehicle 0 RECEIVED AppendEntries from 3 (n_entries=0, leader_commit=2)
9431.9ms Vehicle 0 SENDING AppendEntriesResponse to 3 (success=1, current_idx=2)
9432.2ms Leader 3 RECEIVED AppendEntriesResponse from 0 (success=1, current_idx=2)
9432.5ms Vehicle 2 RECEIVED AppendEntries from 3 (n_entries=0, leader_commit=2)
9432.5ms Vehicle 2 SENDING AppendEntriesResponse to 3 (success=1, current_idx=2)
9432.8ms Leader 3 RECEIVED AppendEntriesResponse from 2 (success=1, current_idx=2)
9531.7ms Vehicle 2 SAFETY TIMER fired for batch 1, starting movement
9531.7ms Vehicle 2 RESUMING movement
9631.7ms Leader 3 SENDING AppendEntries to vehicle 0 (n_entries=0, leader_commit=2)
9631.7ms Leader 3 SENDING AppendEntries to vehicle 2 (n_entries=0, leader_commit=2)
9631.9ms Vehicle 0 RECEIVED AppendEntries from 3 (n_entries=0, leader_commit=2)
9631.9ms Vehicle 0 SENDING AppendEntriesResponse to 3 (success=1, current_idx=2)
9831.7ms Leader 3 SENDING AppendEntries to vehicle 0 (n_entries=0, leader_commit=2)
9831.7ms Leader 3 SENDING AppendEntries to vehicle 2 (n_entries=0, leader_commit=2)
9831.9ms Vehicle 0 RECEIVED AppendEntries from 3 (n_entries=0, leader_commit=2)
9831.9ms Vehicle 0 SENDING AppendEntriesResponse to 3 (success=1, current_idx=2)
9832.2ms Leader 3 RECEIVED AppendEntriesResponse from 0 (success=1, current_idx=2)
9832.5ms Vehicle 2 RECEIVED AppendEntries from 3 (n_entries=0, leader_commit=2)
9832.5ms Vehicle 2 SENDING AppendEntriesResponse to 3 (success=1, current_idx=2)
9832.8ms Leader 3 RECEIVED AppendEntriesResponse from 2 (success=1, current_idx=2)
10031.7ms Leader 3 SENDING AppendEntries to vehicle 0 (n_entries=0, leader_commit=2)
10031.7ms Leader 3 SENDING AppendEntries to vehicle 2 (n_entries=0, leader_commit=2)
10031.9ms Vehicle 0 RECEIVED AppendEntries from 3 (n_entries=0, leader_commit=2)
10031.9ms Vehicle 0 SENDING AppendEntriesResponse to 3 (success=1, current_idx=2)
10032.2ms Leader 3 RECEIVED AppendEntriesResponse from 0 (success=1, current_idx=2)
10032.5ms Vehicle 2 RECEIVED AppendEntries from 3 (n_entries=0, leader_commit=2)
10032.5ms Vehicle 2 SENDING AppendEntriesResponse to 3 (success=1, current_idx=2)
10032.8ms Leader 3 RECEIVED AppendEntriesResponse from 2 (success=1, current_idx=2)
10231.7ms Leader 3 SENDING AppendEntries to vehicle 0 (n_entries=0, leader_commit=2)
10231.7ms Leader 3 SENDING AppendEntries to vehicle 2 (n_entries=0, leader_commit=2)
10231.9ms Vehicle 0 RECEIVED AppendEntries from 3 (n_entries=0, leader_commit=2)
10231.9ms Vehicle 0 SENDING AppendEntriesResponse to 3 (success=1, current_idx=2)
10232.2ms Leader 3 RECEIVED AppendEntriesResponse from 0 (success=1, current_idx=2)
10232.5ms Vehicle 2 RECEIVED AppendEntries from 3 (n_entries=0, leader_commit=2)
10232.5ms Vehicle 2 SENDING AppendEntriesResponse to 3 (success=1, current_idx=2)
10232.8ms Leader 3 RECEIVED AppendEntriesResponse from 2 (success=1, current_idx=2)
10431.7ms Leader 3 SENDING AppendEntries to vehicle 0 (n_entries=0, leader_commit=2)
10431.7ms Leader 3 SENDING AppendEntries to vehicle 2 (n_entries=0, leader_commit=2)
10431.9ms Vehicle 0 RECEIVED AppendEntries from 3 (n_entries=0, leader_commit=2)
10431.9ms Vehicle 0 SENDING AppendEntriesResponse to 3 (success=1, current_idx=2)
10432.2ms Leader 3 RECEIVED AppendEntriesResponse from 0 (success=1, current_idx=2)
10432.5ms Vehicle 2 RECEIVED AppendEntries from 3 (n_entries=0, leader_commit=2)
10432.5ms Vehicle 2 SENDING AppendEntriesResponse to 3 (success=1, current_idx=2)
10432.8ms Leader 3 RECEIVED AppendEntriesResponse from 2 (success=1, current_idx=2)
10631.7ms Leader 3 SENDING AppendEntries to vehicle 0 (n_entries=0, leader_commit=2)
10631.7ms Leader 3 SENDING AppendEntries to vehicle 2 (n_entries=0, leader_commit=2)
10631.9ms Vehicle 0 RECEIVED AppendEntries from 3 (n_entries=0, leader_commit=2)
10631.9ms Vehicle 0 SENDING AppendEntriesResponse to 3 (success=1, current_idx=2)
10632.2ms Leader 3 RECEIVED AppendEntriesResponse from 0 (success=1, current_idx=2)
10632.5ms Vehicle 2 RECEIVED AppendEntries from 3 (n_entries=0, leader_commit=2)
10632.5ms Vehicle 2 SENDING AppendEntriesResponse to 3 (success=1, current_idx=2)
10632.8ms Leader 3 RECEIVED AppendEntriesResponse from 2 (success=1, current_idx=2)
10831.7ms Leader 3 SENDING AppendEntries to vehicle 0 (n_entries=0, leader_commit=2)
10831.7ms Leader 3 SENDING AppendEntries to vehicle 2 (n_entries=0, leader_commit=2)
10831.9ms Vehicle 0 RECEIVED AppendEntries from 3 (n_entries=0, leader_commit=2)
10831.9ms Vehicle 0 SENDING AppendEntriesResponse to 3 (success=1, current_idx=2)
10832.2ms Leader 3 RECEIVED AppendEntriesResponse from 0 (success=1, current_idx=2)
10832.5ms Vehicle 2 RECEIVED AppendEntries from 3 (n_entries=0, leader_commit=2)
10832.5ms Vehicle 2 SENDING AppendEntriesResponse to 3 (success=1, current_idx=2)
10832.8ms Leader 3 RECEIVED AppendEntriesResponse from 2 (success=1, current_idx=2)
11031.7ms Leader 3 SENDING AppendEntries to vehicle 0 (n_entries=0, leader_commit=2)
11031.7ms Leader 3 SENDING AppendEntries to vehicle 2 (n_entries=0, leader_commit=2)
11031.9ms Vehicle 0 RECEIVED AppendEntries from 3 (n_entries=0, leader_commit=2)
11031.9ms Vehicle 0 SENDING AppendEntriesResponse to 3 (success=1, current_idx=2)
11231.7ms Leader 3 SENDING AppendEntries to vehicle 0 (n_entries=0, leader_commit=2)
11231.7ms Leader 3 SENDING AppendEntries to vehicle 2 (n_entries=0, leader_commit=2)
11231.9ms Vehicle 0 RECEIVED AppendEntries from 3 (n_entries=0, leader_commit=2)
11231.9ms Vehicle 0 SENDING AppendEntriesResponse to 3 (success=1, current_idx=2)
11232.2ms Leader 3 RECEIVED AppendEntriesResponse from 0 (success=1, current_idx=2)
11232.5ms Vehicle 2 RECEIVED AppendEntries from 3 (n_entries=0, leader_commit=2)
11232.5ms Vehicle 2 SENDING AppendEntriesResponse to 3 (success=1, current_idx=2)
11232.8ms Leader 3 RECEIVED AppendEntriesResponse from 2 (success=1, current_idx=2)
11431.7ms Leader 3 SENDING AppendEntries to vehicle 0 (n_entries=0, leader_commit=2)
11431.7ms Leader 3 SENDING AppendEntries to vehicle 2 (n_entries=0, leader_commit=2)
11431.9ms Vehicle 0 RECEIVED AppendEntries from 3 (n_entries=0, leader_commit=2)
11431.9ms Vehicle 0 SENDING AppendEntriesResponse to 3 (success=1, current_idx=2)
11432.2ms Leader 3 RECEIVED AppendEntriesResponse from 0 (success=1, current_idx=2)
11432.5ms Vehicle 2 RECEIVED AppendEntries from 3 (n_entries=0, leader_commit=2)
11432.5ms Vehicle 2 SENDING AppendEntriesResponse to 3 (success=1, current_idx=2)
11432.8ms Leader 3 RECEIVED AppendEntriesResponse from 2 (success=1, current_idx=2)
11631.7ms Leader 3 SENDING AppendEntries to vehicle 0 (n_entries=0, leader_commit=2)
11631.7ms Leader 3 SENDING AppendEntries to vehicle 2 (n_entries=0, leader_commit=2)
11631.9ms Vehicle 0 RECEIVED AppendEntries from 3 (n_entries=0, leader_commit=2)
11631.9ms Vehicle 0 SENDING AppendEntriesResponse to 3 (success=1, current_idx=2)
11632.2ms Leader 3 RECEIVED AppendEntriesResponse from 0 (success=1, current_idx=2)
11632.5ms Vehicle 2 RECEIVED AppendEntries from 3 (n_entries=0, leader_commit=2)
11632.5ms Vehicle 2 SENDING AppendEntriesResponse to 3 (success=1, current_idx=2)
11632.8ms Leader 3 RECEIVED AppendEntriesResponse from 2 (success=1, current_idx=2)
11831.7ms Leader 3 SENDING AppendEntries to vehicle 0 (n_entries=0, leader_commit=2)
11831.7ms Leader 3 SENDING AppendEntries to vehicle 2 (n_entries=0, leader_commit=2)
11831.9ms Vehicle 0 RECEIVED AppendEntries from 3 (n_entries=0, leader_commit=2)
11831.9ms Vehicle 0 SENDING AppendEntriesResponse to 3 (success=1, current_idx=2)
11832.2ms Leader 3 RECEIVED AppendEntriesResponse from 0 (success=1, current_idx=2)
11832.5ms Vehicle 2 RECEIVED AppendEntries from 3 (n_entries=0, leader_commit=2)
11832.5ms Vehicle 2 SENDING AppendEntriesResponse to 3 (success=1, current_idx=2)
11832.8ms Leader 3 RECEIVED AppendEntriesResponse from 2 (success=1, current_idx=2)
12031.7ms Leader 3 SENDING AppendEntries to vehicle 0 (n_entries=0, leader_commit=2)
12031.7ms Leader 3 SENDING AppendEntries to vehicle 2 (n_entries=0, leader_commit=2)
12031.9ms Vehicle 0 RECEIVED AppendEntries from 3 (n_entries=0, leader_commit=2)
12031.9ms Vehicle 0 SENDING AppendEntriesResponse to 3 (success=1, current_idx=2)
12032.2ms Leader 3 RECEIVED AppendEntriesResponse from 0 (success=1, current_idx=2)
12032.5ms Vehicle 2 RECEIVED AppendEntries from 3 (n_entries=0, leader_commit=2)
12032.5ms Vehicle 2 SENDING AppendEntriesResponse to 3 (success=1, current_idx=2)
12032.8ms Leader 3 RECEIVED AppendEntriesResponse from 2 (success=1, current_idx=2)
12231.7ms Leader 3 SENDING AppendEntries to vehicle 0 (n_entries=0, leader_commit=2)
12231.7ms Leader 3 SENDING AppendEntries to vehicle 2 (n_entries=0, leader_commit=2)
12231.9ms Vehicle 0 RECEIVED AppendEntries from 3 (n_entries=0, leader_commit=2)
12231.9ms Vehicle 0 SENDING AppendEntriesResponse to 3 (success=1, current_idx=2)
12232.2ms Leader 3 RECEIVED AppendEntriesResponse from 0 (success=1, current_idx=2)
12232.5ms Vehicle 2 RECEIVED AppendEntries from 3 (n_entries=0, leader_commit=2)
12232.5ms Vehicle 2 SENDING AppendEntriesResponse to 3 (success=1, current_idx=2)
12232.8ms Leader 3 RECEIVED AppendEntriesResponse from 2 (success=1, current_idx=2)
12431.7ms Leader 3 SENDING AppendEntries to vehicle 0 (n_entries=0, leader_commit=2)
12431.7ms Leader 3 SENDING AppendEntries to vehicle 2 (n_entries=0, leader_commit=2)
12431.9ms Vehicle 0 RECEIVED AppendEntries from 3 (n_entries=0, leader_commit=2)
12431.9ms Vehicle 0 SENDING AppendEntriesResponse to 3 (success=1, current_idx=2)
12432.2ms Leader 3 RECEIVED AppendEntriesResponse from 0 (success=1, current_idx=2)
12432.5ms Vehicle 2 RECEIVED AppendEntries from 3 (n_entries=0, leader_commit=2)
12432.5ms Vehicle 2 SENDING AppendEntriesResponse to 3 (success=1, current_idx=2)
12432.8ms Leader 3 RECEIVED AppendEntriesResponse from 2 (success=1, current_idx=2)
12631.7ms Leader 3 SENDING AppendEntries to vehicle 0 (n_entries=0, leader_commit=2)
12631.7ms Leader 3 SENDING AppendEntries to vehicle 2 (n_entries=0, leader_commit=2)
12631.9ms Vehicle 0 RECEIVED AppendEntries from 3 (n_entries=0, leader_commit=2)
12631.9ms Vehicle 0 SENDING AppendEntriesResponse to 3 (success=1, current_idx=2)
12632.2ms Leader 3 RECEIVED AppendEntriesResponse from 0 (success=1, current_idx=2)
12632.5ms Vehicle 2 RECEIVED AppendEntries from 3 (n_entries=0, leader_commit=2)
12632.5ms Vehicle 2 SENDING AppendEntriesResponse to 3 (success=1, current_idx=2)
12632.8ms Leader 3 RECEIVED AppendEntriesResponse from 2 (success=1, current_idx=2)
12831.7ms Leader 3 SENDING AppendEntries to vehicle 0 (n_entries=0, leader_commit=2)
12831.7ms Leader 3 SENDING AppendEntries to vehicle 2 (n_entries=0, leader_commit=2)
12831.9ms Vehicle 0 RECEIVED AppendEntries from 3 (n_entries=0, leader_commit=2)
12831.9ms Vehicle 0 SENDING AppendEntriesResponse to 3 (success=1, current_idx=2)
13031.7ms Leader 3 SENDING AppendEntries to vehicle 0 (n_entries=0, leader_commit=2)
13031.7ms Leader 3 SENDING AppendEntries to vehicle 2 (n_entries=0, leader_commit=2)
13031.9ms Vehicle 0 RECEIVED AppendEntries from 3 (n_entries=0, leader_commit=2)
13031.9ms Vehicle 0 SENDING AppendEntriesResponse to 3 (success=1, current_idx=2)
13032.2ms Leader 3 RECEIVED AppendEntriesResponse from 0 (success=1, current_idx=2)
13032.5ms Vehicle 2 RECEIVED AppendEntries from 3 (n_entries=0, leader_commit=2)
13032.5ms Vehicle 2 SENDING AppendEntriesResponse to 3 (success=1, current_idx=2)
13032.8ms Leader 3 RECEIVED AppendEntriesResponse from 2 (success=1, current_idx=2)
13231.7ms Leader 3 SENDING AppendEntries to vehicle 0 (n_entries=0, leader_commit=2)
13231.7ms Leader 3 SENDING AppendEntries to vehicle 2 (n_entries=0, leader_commit=2)
13231.9ms Vehicle 0 RECEIVED AppendEntries from 3 (n_entries=0, leader_commit=2)
13231.9ms Vehicle 0 SENDING AppendEntriesResponse to 3 (success=1, current_idx=2)
13431.7ms Leader 3 SENDING AppendEntries to vehicle 0 (n_entries=0, leader_commit=2)
13431.7ms Leader 3 SENDING AppendEntries to vehicle 2 (n_entries=0, leader_commit=2)
13431.9ms Vehicle 0 RECEIVED AppendEntries from 3 (n_entries=0, leader_commit=2)
13431.9ms Vehicle 0 SENDING AppendEntriesResponse to 3 (success=1, current_idx=2)
13432.2ms Leader 3 RECEIVED AppendEntriesResponse from 0 (success=1, current_idx=2)
13432.5ms Vehicle 2 RECEIVED AppendEntries from 3 (n_entries=0, leader_commit=2)
13432.5ms Vehicle 2 SENDING AppendEntriesResponse to 3 (success=1, current_idx=2)
13432.8ms Leader 3 RECEIVED AppendEntriesResponse from 2 (success=1, current_idx=2)
13631.7ms Leader 3 SENDING AppendEntries to vehicle 0 (n_entries=0, leader_commit=2)
13631.7ms Leader 3 SENDING AppendEntries to vehicle 2 (n_entries=0, leader_commit=2)
13631.9ms Vehicle 0 RECEIVED AppendEntries from 3 (n_entries=0, leader_commit=2)
13631.9ms Vehicle 0 SENDING AppendEntriesResponse to 3 (success=1, current_idx=2)
13632.2ms Leader 3 RECEIVED AppendEntriesResponse from 0 (success=1, current_idx=2)
13632.5ms Vehicle 2 RECEIVED AppendEntries from 3 (n_entries=0, leader_commit=2)
13632.5ms Vehicle 2 SENDING AppendEntriesResponse to 3 (success=1, current_idx=2)
13632.8ms Leader 3 RECEIVED AppendEntriesResponse from 2 (success=1, current_idx=2)
13800.0ms Vehicle 2 LEFT intersection
13800.0ms Vehicle 2 METRICS: wait=11200.0ms, decision=4931.7ms, method=raft
13800.6ms Leader 3 proposing VEHICLE_LEFT for vehicle 2 (batch=1)
13800.6ms Vehicle 3 doLogOffer called for entry #3 (len=9)
13800.6ms Leader 3 SENDING AppendEntries to vehicle 0 (n_entries=1, leader_commit=2)
13800.6ms Leader 3 SENDING AppendEntries to vehicle 2 (n_entries=1, leader_commit=2)
  Entry 0: dataLen=9, firstByte=4
13800.9ms Vehicle 0 RECEIVED AppendEntries from 3 (n_entries=1, leader_commit=2)
13800.9ms Vehicle 0 doLogOffer called for entry #3 (len=9)
13800.9ms Vehicle 0 SENDING AppendEntriesResponse to 3 (success=1, current_idx=3)
13801.2ms Leader 3 RECEIVED AppendEntriesResponse from 0 (success=1, current_idx=3)
13831.7ms Leader 3 SENDING AppendEntries to vehicle 0 (n_entries=0, leader_commit=2)
13831.9ms Vehicle 0 RECEIVED AppendEntries from 3 (n_entries=0, leader_commit=2)
13831.9ms Vehicle 0 SENDING AppendEntriesResponse to 3 (success=1, current_idx=3)
13832.2ms Leader 3 RECEIVED AppendEntriesResponse from 0 (success=1, current_idx=3)
14031.7ms Leader 3 SENDING AppendEntries to vehicle 0 (n_entries=0, leader_commit=2)
14031.9ms Vehicle 0 RECEIVED AppendEntries from 3 (n_entries=0, leader_commit=2)
14031.9ms Vehicle 0 SENDING AppendEntriesResponse to 3 (success=1, current_idx=3)
14032.2ms Leader 3 RECEIVED AppendEntriesResponse from 0 (success=1, current_idx=3)
14231.7ms Leader 3 SENDING AppendEntries to vehicle 0 (n_entries=0, leader_commit=2)
14231.9ms Vehicle 0 RECEIVED AppendEntries from 3 (n_entries=0, leader_commit=2)
14231.9ms Vehicle 0 SENDING AppendEntriesResponse to 3 (success=1, current_idx=3)
14232.2ms Leader 3 RECEIVED AppendEntriesResponse from 0 (success=1, current_idx=3)
14431.7ms Leader 3 SENDING AppendEntries to vehicle 0 (n_entries=0, leader_commit=2)
14431.9ms Vehicle 0 RECEIVED AppendEntries from 3 (n_entries=0, leader_commit=2)
14431.9ms Vehicle 0 SENDING AppendEntriesResponse to 3 (success=1, current_idx=3)
14432.2ms Leader 3 RECEIVED AppendEntriesResponse from 0 (success=1, current_idx=3)
14631.7ms Leader 3 SENDING AppendEntries to vehicle 0 (n_entries=0, leader_commit=2)
14631.9ms Vehicle 0 RECEIVED AppendEntries from 3 (n_entries=0, leader_commit=2)
14631.9ms Vehicle 0 SENDING AppendEntriesResponse to 3 (success=1, current_idx=3)
14632.2ms Leader 3 RECEIVED AppendEntriesResponse from 0 (success=1, current_idx=3)
14831.7ms Leader 3 SENDING AppendEntries to vehicle 0 (n_entries=0, leader_commit=2)
14831.9ms Vehicle 0 RECEIVED AppendEntries from 3 (n_entries=0, leader_commit=2)
14831.9ms Vehicle 0 SENDING AppendEntriesResponse to 3 (success=1, current_idx=3)
14832.2ms Leader 3 RECEIVED AppendEntriesResponse from 0 (success=1, current_idx=3)
15031.7ms Leader 3 SENDING AppendEntries to vehicle 0 (n_entries=0, leader_commit=2)
15031.9ms Vehicle 0 RECEIVED AppendEntries from 3 (n_entries=0, leader_commit=2)
15031.9ms Vehicle 0 SENDING AppendEntriesResponse to 3 (success=1, current_idx=3)
15032.2ms Leader 3 RECEIVED AppendEntriesResponse from 0 (success=1, current_idx=3)
15231.7ms Leader 3 SENDING AppendEntries to vehicle 0 (n_entries=0, leader_commit=2)
15231.9ms Vehicle 0 RECEIVED AppendEntries from 3 (n_entries=0, leader_commit=2)
15231.9ms Vehicle 0 SENDING AppendEntriesResponse to 3 (success=1, current_idx=3)
15232.2ms Leader 3 RECEIVED AppendEntriesResponse from 0 (success=1, current_idx=3)
15400.0ms Vehicle 0 LEFT intersection
15400.0ms Vehicle 0 METRICS: wait=7000.0ms, decision=0.0ms, method=raft
15400.5ms Leader 3 proposing VEHICLE_LEFT for vehicle 0 (batch=1)
15400.5ms Vehicle 3 doLogOffer called for entry #4 (len=9)
15400.5ms Leader 3 SENDING AppendEntries to vehicle 0 (n_entries=1, leader_commit=2)
17600.0ms Vehicle 3 LEFT intersection
17600.0ms Leader 3 proposing VEHICLE_LEFT for vehicle 3 (batch=0)
17600.0ms Vehicle 3 doLogOffer called for entry #5 (len=9)
17600.0ms Vehicle 3 METRICS: wait=13800.0ms, decision=3731.7ms, method=raft
All 4 vehicles completed. Terminating simulation.
** Event #12147   t=17.6   Elapsed: 0.478119s (0m 00s)  5% completed  (5% total)
     Speed:     ev/sec=25406.3   simsec/sec=36.6687   ev/simsec=692.86
     Messages:  created: 9722   present: 79   in FES: 8

<!> Simulation stopped with endSimulation() -- in module (WillemtRaftWaveApplication) IntersectionScenarioWave.node[3].appl (id=27), at t=17.6s, event #12147

Calling finish() at end of Run #0...

End.
