OMNeT++ Discrete Event Simulation  (C) 1992-2019 Andras Varga, OpenSim Ltd.
Version: 5.6.2, build: 200518-aa79d0918f, edition: Academic Public License -- NOT FOR COMMERCIAL USE
See the license for distribution terms and warranty disclaimer

Setting up Cmdenv...

Loading NED files from ..:  9
Loading NED files from ../../src:  11
Loading NED files from ../../../inet/src:  831
Loading NED files from ../../../inet/examples:  174
Loading NED files from ../../../inet/tutorials:  10
Loading NED files from ../../../inet/showcases:  46
Loading NED files from ../../../../veins/examples/veins:  1
Loading NED files from ../../../../veins/src/veins:  44

Preparing for running configuration General, run #0...
Assigned runID=General-0-20260225-00:09:59-461128
Setting up network "IntersectionScenarioInet"...
Initializing...

Running simulation...
** Event #0   t=0   Elapsed: 8e-06s (0m 00s)  0% completed  (0% total)
     Speed:     ev/sec=0   simsec/sec=0   ev/simsec=0
     Messages:  created: 3   present: 3   in FES: 3
Vehicle RAFT (UDP) starting application.
Vehicle 0 edge config: 4 approach, 4 exit edges
Opened results file: /home/mathesh/omnetpp-workspace/benchmark/results/raft_4veh_report/run_2/raft_results.json
Vehicle RAFT (UDP) starting application.
Vehicle 1 edge config: 4 approach, 4 exit edges
Vehicle RAFT (UDP) starting application.
Vehicle 2 edge config: 4 approach, 4 exit edges
Vehicle RAFT (UDP) starting application.
Vehicle 3 edge config: 4 approach, 4 exit edges
2200.0ms Vehicle 2 STOPPED (front) at dist=24.6m
3500.0ms Vehicle 1 STOPPED (front) at dist=24.9m
4489.4ms Vehicle 2 CLUSTER FORMATION (all 4 vehicles discovered)
4489.4ms Vehicle 2 FORMING CLUSTER with 4 members: [
0 1 2 3 ]
4489.8ms Vehicle 3 FORMING CLUSTER with 4 members: [
0 1 2 3 ]
4520.1ms Vehicle 1 FORMING CLUSTER with 4 members: [
0 1 2 3 ]
4529.4ms Vehicle 2 processRaftPeriodic executes! delta=0.02, msecElapsed=20
4529.8ms Vehicle 3 processRaftPeriodic executes! delta=0.02, msecElapsed=20
4549.4ms Vehicle 2 processRaftPeriodic executes! delta=0.02, msecElapsed=20
4549.8ms Vehicle 3 processRaftPeriodic executes! delta=0.02, msecElapsed=20
4560.1ms Vehicle 1 processRaftPeriodic executes! delta=0.02, msecElapsed=20
4569.4ms Vehicle 2 processRaftPeriodic executes! delta=0.02, msecElapsed=20
4569.8ms Vehicle 3 processRaftPeriodic executes! delta=0.02, msecElapsed=20
4580.1ms Vehicle 1 processRaftPeriodic executes! delta=0.02, msecElapsed=20
4589.4ms Vehicle 2 processRaftPeriodic executes! delta=0.02, msecElapsed=20
4589.8ms Vehicle 3 processRaftPeriodic executes! delta=0.02, msecElapsed=20
4710.9ms Vehicle 0 FORMING CLUSTER with 4 members: [
0 1 2 3 ]
5040.1ms Vehicle 1 sendRequestVote called for node 1
5040.1ms Vehicle 1 sendRequestVote called for node 3
5040.1ms Vehicle 1 sendRequestVote called for node 4
5040.1ms Vehicle 1 RAFT STATE CHANGED from 1 to 2
5040.1ms Vehicle 1 I am a candidate now! Starting election...
5041.0ms Leader 1 SENDING AppendEntries to vehicle 0 (n_entries=0, leader_commit=0)
5041.0ms Leader 1 SENDING AppendEntries to vehicle 2 (n_entries=0, leader_commit=0)
5041.0ms Leader 1 SENDING AppendEntries to vehicle 3 (n_entries=0, leader_commit=0)
5041.1ms Vehicle 0 RECEIVED AppendEntries from vehicle 1 (n_entries=0, leader_commit=0)
5041.4ms Vehicle 2 RECEIVED AppendEntries from vehicle 1 (n_entries=0, leader_commit=0)
5041.5ms Vehicle 3 RECEIVED AppendEntries from vehicle 1 (n_entries=0, leader_commit=0)
5060.1ms Vehicle 1 BECAME LEADER (term=1)
5060.1ms Leader 1 sending STATUS_REQUEST (timeout=1100ms)
5160.1ms Leader 1 SENDING AppendEntries to vehicle 0 (n_entries=0, leader_commit=0)
5160.1ms Leader 1 SENDING AppendEntries to vehicle 2 (n_entries=0, leader_commit=0)
5160.1ms Leader 1 SENDING AppendEntries to vehicle 3 (n_entries=0, leader_commit=0)
5160.4ms Vehicle 2 RECEIVED AppendEntries from vehicle 1 (n_entries=0, leader_commit=0)
5160.7ms Vehicle 3 RECEIVED AppendEntries from vehicle 1 (n_entries=0, leader_commit=0)
5200.0ms Vehicle 3 STOPPED (front) at dist=24.8m
5280.1ms Leader 1 SENDING AppendEntries to vehicle 0 (n_entries=0, leader_commit=0)
5280.1ms Leader 1 SENDING AppendEntries to vehicle 2 (n_entries=0, leader_commit=0)
5280.1ms Leader 1 SENDING AppendEntries to vehicle 3 (n_entries=0, leader_commit=0)
5280.5ms Vehicle 2 RECEIVED AppendEntries from vehicle 1 (n_entries=0, leader_commit=0)
5280.6ms Vehicle 3 RECEIVED AppendEntries from vehicle 1 (n_entries=0, leader_commit=0)
5400.1ms Leader 1 SENDING AppendEntries to vehicle 0 (n_entries=0, leader_commit=0)
5400.1ms Leader 1 SENDING AppendEntries to vehicle 2 (n_entries=0, leader_commit=0)
5400.1ms Leader 1 SENDING AppendEntries to vehicle 3 (n_entries=0, leader_commit=0)
5400.5ms Vehicle 2 RECEIVED AppendEntries from vehicle 1 (n_entries=0, leader_commit=0)
5400.6ms Vehicle 3 RECEIVED AppendEntries from vehicle 1 (n_entries=0, leader_commit=0)
5520.1ms Leader 1 SENDING AppendEntries to vehicle 0 (n_entries=0, leader_commit=0)
5520.1ms Leader 1 SENDING AppendEntries to vehicle 2 (n_entries=0, leader_commit=0)
5520.1ms Leader 1 SENDING AppendEntries to vehicle 3 (n_entries=0, leader_commit=0)
5520.1ms Vehicle 0 RECEIVED AppendEntries from vehicle 1 (n_entries=0, leader_commit=0)
5520.4ms Vehicle 2 RECEIVED AppendEntries from vehicle 1 (n_entries=0, leader_commit=0)
5520.9ms Vehicle 3 RECEIVED AppendEntries from vehicle 1 (n_entries=0, leader_commit=0)
5640.1ms Leader 1 SENDING AppendEntries to vehicle 0 (n_entries=0, leader_commit=0)
5640.1ms Leader 1 SENDING AppendEntries to vehicle 2 (n_entries=0, leader_commit=0)
5640.1ms Leader 1 SENDING AppendEntries to vehicle 3 (n_entries=0, leader_commit=0)
5640.4ms Vehicle 2 RECEIVED AppendEntries from vehicle 1 (n_entries=0, leader_commit=0)
5640.7ms Vehicle 3 RECEIVED AppendEntries from vehicle 1 (n_entries=0, leader_commit=0)
5760.1ms Leader 1 SENDING AppendEntries to vehicle 0 (n_entries=0, leader_commit=0)
5760.1ms Leader 1 SENDING AppendEntries to vehicle 2 (n_entries=0, leader_commit=0)
5760.1ms Leader 1 SENDING AppendEntries to vehicle 3 (n_entries=0, leader_commit=0)
5760.3ms Vehicle 2 RECEIVED AppendEntries from vehicle 1 (n_entries=0, leader_commit=0)
5760.7ms Vehicle 3 RECEIVED AppendEntries from vehicle 1 (n_entries=0, leader_commit=0)
5880.1ms Leader 1 SENDING AppendEntries to vehicle 0 (n_entries=0, leader_commit=0)
5880.1ms Leader 1 SENDING AppendEntries to vehicle 2 (n_entries=0, leader_commit=0)
5880.1ms Leader 1 SENDING AppendEntries to vehicle 3 (n_entries=0, leader_commit=0)
5880.3ms Vehicle 2 RECEIVED AppendEntries from vehicle 1 (n_entries=0, leader_commit=0)
5880.5ms Vehicle 3 RECEIVED AppendEntries from vehicle 1 (n_entries=0, leader_commit=0)
6000.1ms Leader 1 SENDING AppendEntries to vehicle 0 (n_entries=0, leader_commit=0)
6000.1ms Leader 1 SENDING AppendEntries to vehicle 2 (n_entries=0, leader_commit=0)
6000.1ms Leader 1 SENDING AppendEntries to vehicle 3 (n_entries=0, leader_commit=0)
6000.3ms Vehicle 2 RECEIVED AppendEntries from vehicle 1 (n_entries=0, leader_commit=0)
6000.5ms Vehicle 3 RECEIVED AppendEntries from vehicle 1 (n_entries=0, leader_commit=0)
6120.1ms Leader 1 SENDING AppendEntries to vehicle 0 (n_entries=0, leader_commit=0)
6120.1ms Leader 1 SENDING AppendEntries to vehicle 2 (n_entries=0, leader_commit=0)
6120.1ms Leader 1 SENDING AppendEntries to vehicle 3 (n_entries=0, leader_commit=0)
6120.5ms Vehicle 2 RECEIVED AppendEntries from vehicle 1 (n_entries=0, leader_commit=0)
6160.1ms Leader 1 collected status from 3 vehicles
6160.1ms Leader 1 PROPOSING STATUS_REPORT to quorum
6160.1ms Vehicle 1 doLogOffer entry #1 (len=2565)
6160.1ms Leader 1 SENDING AppendEntries to vehicle 0 (n_entries=1, leader_commit=0)
6160.1ms Leader 1 SENDING AppendEntries to vehicle 2 (n_entries=1, leader_commit=0)
6160.1ms Leader 1 SENDING AppendEntries to vehicle 3 (n_entries=1, leader_commit=0)
6160.1ms Leader 1 submitted STATUS_REPORT entry #1
6163.0ms Vehicle 2 RECEIVED AppendEntries from vehicle 1 (n_entries=1, leader_commit=0)
6163.0ms Vehicle 2 doLogOffer entry #1 (len=2565)
6164.8ms Vehicle 3 RECEIVED AppendEntries from vehicle 1 (n_entries=1, leader_commit=0)
6164.8ms Vehicle 3 doLogOffer entry #1 (len=2565)
6180.1ms Vehicle 1 doApplyLog entry #1 (lastApplied=0, len=2565)
6240.1ms Leader 1 SENDING AppendEntries to vehicle 0 (n_entries=1, leader_commit=1)
6240.1ms Leader 1 SENDING AppendEntries to vehicle 2 (n_entries=0, leader_commit=1)
6240.1ms Leader 1 SENDING AppendEntries to vehicle 3 (n_entries=0, leader_commit=1)
6241.7ms Vehicle 2 RECEIVED AppendEntries from vehicle 1 (n_entries=0, leader_commit=1)
6242.2ms Vehicle 3 RECEIVED AppendEntries from vehicle 1 (n_entries=0, leader_commit=1)
6249.4ms Vehicle 2 doApplyLog entry #1 (lastApplied=0, len=2565)
6249.4ms Vehicle 2 APPLYING STATUS_REPORT entry #1 (4 vehicles)
6249.8ms Vehicle 3 doApplyLog entry #1 (lastApplied=0, len=2565)
6249.8ms Vehicle 3 APPLYING STATUS_REPORT entry #1 (4 vehicles)
6260.1ms Leader 1 vehicle 0 response lost — using default proposal
6260.1ms Leader 1 PROPOSING PASS_SCHEDULE with 2 batches:
  Batch 0: [0,2]
  Batch 1: [1,3]
6260.1ms Vehicle 1 doLogOffer entry #2 (len=581)
6260.1ms Leader 1 SENDING AppendEntries to vehicle 2 (n_entries=1, leader_commit=1)
6260.1ms Leader 1 SENDING AppendEntries to vehicle 3 (n_entries=1, leader_commit=1)
6260.1ms Leader 1 submitted PASS_SCHEDULE entry #2
6260.3ms Vehicle 2 RECEIVED AppendEntries from vehicle 1 (n_entries=1, leader_commit=1)
6260.3ms Vehicle 2 doLogOffer entry #2 (len=581)
6260.9ms Vehicle 3 RECEIVED AppendEntries from vehicle 1 (n_entries=1, leader_commit=1)
6260.9ms Vehicle 3 doLogOffer entry #2 (len=581)
6280.1ms Vehicle 1 doApplyLog entry #2 (lastApplied=0, len=581)
6280.1ms Vehicle 1 APPLYING PASS_ORDER entry #2 (2 batches)
6280.1ms Vehicle 1 assigned to batch 1 (current batch: 0)
6280.1ms Vehicle 1 waiting for batch 1 via checkBatchAdvance
6360.1ms Leader 1 SENDING AppendEntries to vehicle 0 (n_entries=2, leader_commit=2)
6360.1ms Leader 1 SENDING AppendEntries to vehicle 2 (n_entries=0, leader_commit=2)
6360.1ms Leader 1 SENDING AppendEntries to vehicle 3 (n_entries=0, leader_commit=2)
6362.0ms Vehicle 2 RECEIVED AppendEntries from vehicle 1 (n_entries=0, leader_commit=2)
6362.1ms Vehicle 3 RECEIVED AppendEntries from vehicle 1 (n_entries=0, leader_commit=2)
6369.4ms Vehicle 2 doApplyLog entry #2 (lastApplied=1, len=581)
6369.4ms Vehicle 2 APPLYING PASS_ORDER entry #2 (2 batches)
6369.4ms Vehicle 2 assigned to batch 0 (current batch: 0)
6369.4ms Vehicle 2 RESUMING movement
6369.8ms Vehicle 3 doApplyLog entry #2 (lastApplied=1, len=581)
6369.8ms Vehicle 3 APPLYING PASS_ORDER entry #2 (2 batches)
6369.8ms Vehicle 3 assigned to batch 1 (current batch: 0)
6369.8ms Vehicle 3 waiting for batch 1 via checkBatchAdvance
6410.9ms Vehicle 0 sendRequestVote called for node 2
6410.9ms Vehicle 0 sendRequestVote called for node 3
6410.9ms Vehicle 0 sendRequestVote called for node 4
6410.9ms Vehicle 0 RAFT STATE CHANGED from 1 to 2
6410.9ms Vehicle 0 I am a candidate now! Starting election...
6480.1ms Leader 1 SENDING AppendEntries to vehicle 0 (n_entries=2, leader_commit=2)
6480.1ms Leader 1 SENDING AppendEntries to vehicle 2 (n_entries=0, leader_commit=2)
6480.1ms Leader 1 SENDING AppendEntries to vehicle 3 (n_entries=0, leader_commit=2)
6482.0ms Vehicle 2 RECEIVED AppendEntries from vehicle 1 (n_entries=0, leader_commit=2)
6482.4ms Vehicle 3 RECEIVED AppendEntries from vehicle 1 (n_entries=0, leader_commit=2)
6600.1ms Leader 1 SENDING AppendEntries to vehicle 0 (n_entries=2, leader_commit=2)
6600.1ms Leader 1 SENDING AppendEntries to vehicle 2 (n_entries=0, leader_commit=2)
6600.1ms Leader 1 SENDING AppendEntries to vehicle 3 (n_entries=0, leader_commit=2)
6601.9ms Vehicle 2 RECEIVED AppendEntries from vehicle 1 (n_entries=0, leader_commit=2)
6602.4ms Vehicle 3 RECEIVED AppendEntries from vehicle 1 (n_entries=0, leader_commit=2)
6720.1ms Leader 1 SENDING AppendEntries to vehicle 0 (n_entries=2, leader_commit=2)
6720.1ms Leader 1 SENDING AppendEntries to vehicle 2 (n_entries=0, leader_commit=2)
6720.1ms Leader 1 SENDING AppendEntries to vehicle 3 (n_entries=0, leader_commit=2)
6721.8ms Vehicle 2 RECEIVED AppendEntries from vehicle 1 (n_entries=0, leader_commit=2)
6722.3ms Vehicle 3 RECEIVED AppendEntries from vehicle 1 (n_entries=0, leader_commit=2)
6840.1ms Leader 1 SENDING AppendEntries to vehicle 0 (n_entries=2, leader_commit=2)
6840.1ms Leader 1 SENDING AppendEntries to vehicle 2 (n_entries=0, leader_commit=2)
6840.1ms Leader 1 SENDING AppendEntries to vehicle 3 (n_entries=0, leader_commit=2)
6841.9ms Vehicle 2 RECEIVED AppendEntries from vehicle 1 (n_entries=0, leader_commit=2)
6842.3ms Vehicle 3 RECEIVED AppendEntries from vehicle 1 (n_entries=0, leader_commit=2)
6960.1ms Leader 1 SENDING AppendEntries to vehicle 0 (n_entries=2, leader_commit=2)
6960.1ms Leader 1 SENDING AppendEntries to vehicle 2 (n_entries=0, leader_commit=2)
6960.1ms Leader 1 SENDING AppendEntries to vehicle 3 (n_entries=0, leader_commit=2)
6961.9ms Vehicle 2 RECEIVED AppendEntries from vehicle 1 (n_entries=0, leader_commit=2)
6962.1ms Vehicle 3 RECEIVED AppendEntries from vehicle 1 (n_entries=0, leader_commit=2)
7080.1ms Leader 1 SENDING AppendEntries to vehicle 0 (n_entries=2, leader_commit=2)
7080.1ms Leader 1 SENDING AppendEntries to vehicle 2 (n_entries=0, leader_commit=2)
7080.1ms Leader 1 SENDING AppendEntries to vehicle 3 (n_entries=0, leader_commit=2)
7081.9ms Vehicle 2 RECEIVED AppendEntries from vehicle 1 (n_entries=0, leader_commit=2)
7082.1ms Vehicle 3 RECEIVED AppendEntries from vehicle 1 (n_entries=0, leader_commit=2)
7200.1ms Leader 1 SENDING AppendEntries to vehicle 0 (n_entries=2, leader_commit=2)
7200.1ms Leader 1 SENDING AppendEntries to vehicle 2 (n_entries=0, leader_commit=2)
7200.1ms Leader 1 SENDING AppendEntries to vehicle 3 (n_entries=0, leader_commit=2)
7202.0ms Vehicle 2 RECEIVED AppendEntries from vehicle 1 (n_entries=0, leader_commit=2)
7202.4ms Vehicle 3 RECEIVED AppendEntries from vehicle 1 (n_entries=0, leader_commit=2)
7210.9ms Vehicle 0 sendRequestVote called for node 2
7210.9ms Vehicle 0 sendRequestVote called for node 3
7210.9ms Vehicle 0 sendRequestVote called for node 4
7320.1ms Leader 1 SENDING AppendEntries to vehicle 0 (n_entries=2, leader_commit=2)
7320.1ms Leader 1 SENDING AppendEntries to vehicle 2 (n_entries=0, leader_commit=2)
7320.1ms Leader 1 SENDING AppendEntries to vehicle 3 (n_entries=0, leader_commit=2)
7321.8ms Vehicle 2 RECEIVED AppendEntries from vehicle 1 (n_entries=0, leader_commit=2)
7322.2ms Vehicle 3 RECEIVED AppendEntries from vehicle 1 (n_entries=0, leader_commit=2)
7440.1ms Leader 1 SENDING AppendEntries to vehicle 0 (n_entries=2, leader_commit=2)
7440.1ms Leader 1 SENDING AppendEntries to vehicle 2 (n_entries=0, leader_commit=2)
7440.1ms Leader 1 SENDING AppendEntries to vehicle 3 (n_entries=0, leader_commit=2)
7442.1ms Vehicle 2 RECEIVED AppendEntries from vehicle 1 (n_entries=0, leader_commit=2)
7442.4ms Vehicle 3 RECEIVED AppendEntries from vehicle 1 (n_entries=0, leader_commit=2)
7560.1ms Leader 1 SENDING AppendEntries to vehicle 0 (n_entries=2, leader_commit=2)
7560.1ms Leader 1 SENDING AppendEntries to vehicle 2 (n_entries=0, leader_commit=2)
7560.1ms Leader 1 SENDING AppendEntries to vehicle 3 (n_entries=0, leader_commit=2)
7562.0ms Vehicle 2 RECEIVED AppendEntries from vehicle 1 (n_entries=0, leader_commit=2)
7562.4ms Vehicle 3 RECEIVED AppendEntries from vehicle 1 (n_entries=0, leader_commit=2)
7680.1ms Leader 1 SENDING AppendEntries to vehicle 0 (n_entries=2, leader_commit=2)
7680.1ms Leader 1 SENDING AppendEntries to vehicle 2 (n_entries=0, leader_commit=2)
7680.1ms Leader 1 SENDING AppendEntries to vehicle 3 (n_entries=0, leader_commit=2)
7681.8ms Vehicle 2 RECEIVED AppendEntries from vehicle 1 (n_entries=0, leader_commit=2)
7682.0ms Vehicle 3 RECEIVED AppendEntries from vehicle 1 (n_entries=0, leader_commit=2)
7800.1ms Leader 1 SENDING AppendEntries to vehicle 0 (n_entries=2, leader_commit=2)
7800.1ms Leader 1 SENDING AppendEntries to vehicle 2 (n_entries=0, leader_commit=2)
7800.1ms Leader 1 SENDING AppendEntries to vehicle 3 (n_entries=0, leader_commit=2)
7801.8ms Vehicle 2 RECEIVED AppendEntries from vehicle 1 (n_entries=0, leader_commit=2)
7801.9ms Vehicle 3 RECEIVED AppendEntries from vehicle 1 (n_entries=0, leader_commit=2)
7920.1ms Leader 1 SENDING AppendEntries to vehicle 0 (n_entries=2, leader_commit=2)
7920.1ms Leader 1 SENDING AppendEntries to vehicle 2 (n_entries=0, leader_commit=2)
7920.1ms Leader 1 SENDING AppendEntries to vehicle 3 (n_entries=0, leader_commit=2)
7922.0ms Vehicle 2 RECEIVED AppendEntries from vehicle 1 (n_entries=0, leader_commit=2)
7922.3ms Vehicle 3 RECEIVED AppendEntries from vehicle 1 (n_entries=0, leader_commit=2)
8040.1ms Leader 1 SENDING AppendEntries to vehicle 0 (n_entries=2, leader_commit=2)
8040.1ms Leader 1 SENDING AppendEntries to vehicle 2 (n_entries=0, leader_commit=2)
8040.1ms Leader 1 SENDING AppendEntries to vehicle 3 (n_entries=0, leader_commit=2)
8041.7ms Vehicle 2 RECEIVED AppendEntries from vehicle 1 (n_entries=0, leader_commit=2)
8042.0ms Vehicle 3 RECEIVED AppendEntries from vehicle 1 (n_entries=0, leader_commit=2)
8160.1ms Leader 1 SENDING AppendEntries to vehicle 0 (n_entries=2, leader_commit=2)
8160.1ms Leader 1 SENDING AppendEntries to vehicle 2 (n_entries=0, leader_commit=2)
8160.1ms Leader 1 SENDING AppendEntries to vehicle 3 (n_entries=0, leader_commit=2)
8161.9ms Vehicle 2 RECEIVED AppendEntries from vehicle 1 (n_entries=0, leader_commit=2)
8162.4ms Vehicle 3 RECEIVED AppendEntries from vehicle 1 (n_entries=0, leader_commit=2)
8210.9ms Vehicle 0 sendRequestVote called for node 2
8210.9ms Vehicle 0 sendRequestVote called for node 3
8210.9ms Vehicle 0 sendRequestVote called for node 4
8280.1ms Leader 1 SENDING AppendEntries to vehicle 0 (n_entries=2, leader_commit=2)
8280.1ms Leader 1 SENDING AppendEntries to vehicle 2 (n_entries=0, leader_commit=2)
8280.1ms Leader 1 SENDING AppendEntries to vehicle 3 (n_entries=0, leader_commit=2)
8281.8ms Vehicle 2 RECEIVED AppendEntries from vehicle 1 (n_entries=0, leader_commit=2)
8282.0ms Vehicle 3 RECEIVED AppendEntries from vehicle 1 (n_entries=0, leader_commit=2)
8.4 Vehicle 2 hasPassed=true (on exit edge -37551802#8)
8400.0ms Vehicle 2 LEFT intersection
8400.0ms Vehicle 2 BROADCASTING vehicle-passed
8400.0ms Vehicle 2 sending vehicle-left (isLeader=0, myBatch=0)
8400.1ms Vehicle 3 RECEIVED vehicle-passed from vehicle 2
8400.1ms Vehicle 1 RECEIVED vehicle-passed from vehicle 2
8400.1ms Leader 1 SENDING AppendEntries to vehicle 0 (n_entries=2, leader_commit=2)
8400.1ms Leader 1 SENDING AppendEntries to vehicle 3 (n_entries=0, leader_commit=2)
8401.0ms Vehicle 3 RECEIVED vehicle-left from vehicle 2
8401.0ms Vehicle 1 RECEIVED vehicle-left from vehicle 2
8401.0ms Leader 1 proposing VEHICLE_LEFT for vehicle 2 (batch=0)
8401.0ms Vehicle 1 doLogOffer entry #3 (len=9)
8401.0ms Leader 1 SENDING AppendEntries to vehicle 3 (n_entries=1, leader_commit=2)
8401.0ms Vehicle 0 RECEIVED vehicle-left from vehicle 2
8402.4ms Vehicle 3 RECEIVED AppendEntries from vehicle 1 (n_entries=0, leader_commit=2)
8402.8ms Vehicle 3 RECEIVED AppendEntries from vehicle 1 (n_entries=1, leader_commit=2)
8402.8ms Vehicle 3 doLogOffer entry #3 (len=9)
8520.1ms Leader 1 SENDING AppendEntries to vehicle 0 (n_entries=3, leader_commit=2)
8520.1ms Leader 1 SENDING AppendEntries to vehicle 3 (n_entries=0, leader_commit=2)
8640.1ms Leader 1 SENDING AppendEntries to vehicle 0 (n_entries=3, leader_commit=2)
8640.1ms Leader 1 SENDING AppendEntries to vehicle 3 (n_entries=0, leader_commit=2)
8642.2ms Vehicle 3 RECEIVED AppendEntries from vehicle 1 (n_entries=0, leader_commit=2)
8760.1ms Leader 1 SENDING AppendEntries to vehicle 0 (n_entries=3, leader_commit=2)
8760.1ms Leader 1 SENDING AppendEntries to vehicle 3 (n_entries=0, leader_commit=2)
8830.9ms Vehicle 0 sendRequestVote called for node 2
8830.9ms Vehicle 0 sendRequestVote called for node 3
8830.9ms Vehicle 0 sendRequestVote called for node 4
8880.1ms Leader 1 SENDING AppendEntries to vehicle 0 (n_entries=3, leader_commit=2)
8880.1ms Leader 1 SENDING AppendEntries to vehicle 3 (n_entries=0, leader_commit=2)
8881.7ms Vehicle 0 RECEIVED AppendEntries from vehicle 1 (n_entries=3, leader_commit=2)
9000.1ms Leader 1 SENDING AppendEntries to vehicle 0 (n_entries=3, leader_commit=2)
9000.1ms Leader 1 SENDING AppendEntries to vehicle 3 (n_entries=0, leader_commit=2)
9001.8ms Vehicle 0 RECEIVED AppendEntries from vehicle 1 (n_entries=3, leader_commit=2)
9002.3ms Vehicle 3 RECEIVED AppendEntries from vehicle 1 (n_entries=0, leader_commit=2)
9120.1ms Leader 1 SENDING AppendEntries to vehicle 0 (n_entries=3, leader_commit=2)
9120.1ms Leader 1 SENDING AppendEntries to vehicle 3 (n_entries=0, leader_commit=2)
9240.1ms Leader 1 SENDING AppendEntries to vehicle 0 (n_entries=3, leader_commit=2)
9240.1ms Leader 1 SENDING AppendEntries to vehicle 3 (n_entries=0, leader_commit=2)
9242.1ms Vehicle 3 RECEIVED AppendEntries from vehicle 1 (n_entries=0, leader_commit=2)
9360.1ms Leader 1 SENDING AppendEntries to vehicle 0 (n_entries=3, leader_commit=2)
9360.1ms Leader 1 SENDING AppendEntries to vehicle 3 (n_entries=0, leader_commit=2)
9362.0ms Vehicle 3 RECEIVED AppendEntries from vehicle 1 (n_entries=0, leader_commit=2)
9480.1ms Leader 1 SENDING AppendEntries to vehicle 0 (n_entries=3, leader_commit=2)
9480.1ms Leader 1 SENDING AppendEntries to vehicle 3 (n_entries=0, leader_commit=2)
9481.9ms Vehicle 3 RECEIVED AppendEntries from vehicle 1 (n_entries=0, leader_commit=2)
9550.9ms Vehicle 0 sendRequestVote called for node 2
9550.9ms Vehicle 0 sendRequestVote called for node 3
9550.9ms Vehicle 0 sendRequestVote called for node 4
9600.1ms Leader 1 SENDING AppendEntries to vehicle 0 (n_entries=3, leader_commit=2)
9600.1ms Leader 1 SENDING AppendEntries to vehicle 3 (n_entries=0, leader_commit=2)
9601.7ms Vehicle 0 RECEIVED AppendEntries from vehicle 1 (n_entries=3, leader_commit=2)
9602.2ms Vehicle 3 RECEIVED AppendEntries from vehicle 1 (n_entries=0, leader_commit=2)
9720.1ms Leader 1 SENDING AppendEntries to vehicle 0 (n_entries=3, leader_commit=2)
9720.1ms Leader 1 SENDING AppendEntries to vehicle 3 (n_entries=0, leader_commit=2)
9721.7ms Vehicle 3 RECEIVED AppendEntries from vehicle 1 (n_entries=0, leader_commit=2)
9840.1ms Leader 1 SENDING AppendEntries to vehicle 0 (n_entries=3, leader_commit=2)
9840.1ms Leader 1 SENDING AppendEntries to vehicle 3 (n_entries=0, leader_commit=2)
9842.2ms Vehicle 3 RECEIVED AppendEntries from vehicle 1 (n_entries=0, leader_commit=2)
9900.0ms Vehicle 0 STOPPED (front) at dist=23.9m
9960.1ms Leader 1 SENDING AppendEntries to vehicle 0 (n_entries=3, leader_commit=2)
9960.1ms Leader 1 SENDING AppendEntries to vehicle 3 (n_entries=0, leader_commit=2)
9961.8ms Vehicle 0 RECEIVED AppendEntries from vehicle 1 (n_entries=3, leader_commit=2)
9962.0ms Vehicle 3 RECEIVED AppendEntries from vehicle 1 (n_entries=0, leader_commit=2)
9980.1ms Vehicle 1 LOST leadership
10590.9ms Vehicle 0 sendRequestVote called for node 2
10590.9ms Vehicle 0 sendRequestVote called for node 3
10590.9ms Vehicle 0 sendRequestVote called for node 4
10629.8ms Vehicle 3 sendRequestVote called for node 1
10629.8ms Vehicle 3 sendRequestVote called for node 2
10629.8ms Vehicle 3 sendRequestVote called for node 3
10629.8ms Vehicle 3 RAFT STATE CHANGED from 1 to 2
10629.8ms Vehicle 3 I am a candidate now! Starting election...
11290.9ms Vehicle 0 sendRequestVote called for node 2
11290.9ms Vehicle 0 sendRequestVote called for node 3
11290.9ms Vehicle 0 sendRequestVote called for node 4
11780.1ms Vehicle 1 sendRequestVote called for node 1
11780.1ms Vehicle 1 sendRequestVote called for node 3
11780.1ms Vehicle 1 sendRequestVote called for node 4
11780.1ms Vehicle 1 RAFT STATE CHANGED from 1 to 2
11780.1ms Vehicle 1 I am a candidate now! Starting election...
11830.9ms Vehicle 0 RAFT TIMEOUT: 7120.0ms since cluster formed (threshold=7100.0ms)
11830.9ms Vehicle 0 FALLBACK MODE activated
11830.9ms Vehicle 0 RESUMING movement
12620.1ms Vehicle 1 sendRequestVote called for node 1
12620.1ms Vehicle 1 sendRequestVote called for node 3
12620.1ms Vehicle 1 sendRequestVote called for node 4
12621.1ms Leader 1 SENDING AppendEntries to vehicle 0 (n_entries=0, leader_commit=2)
12621.1ms Leader 1 SENDING AppendEntries to vehicle 3 (n_entries=0, leader_commit=2)
12621.4ms Vehicle 0 RECEIVED AppendEntries from vehicle 1 (n_entries=0, leader_commit=2)
12621.6ms Vehicle 3 RECEIVED AppendEntries from vehicle 1 (n_entries=0, leader_commit=2)
12621.7ms Leader 1 SENDING AppendEntries to vehicle 0 (n_entries=3, leader_commit=2)
12623.7ms Vehicle 0 RECEIVED AppendEntries from vehicle 1 (n_entries=3, leader_commit=2)
12623.7ms Vehicle 0 doLogOffer entry #1 (len=2565)
12623.7ms Vehicle 0 doLogOffer entry #2 (len=581)
12623.7ms Vehicle 0 doLogOffer entry #3 (len=9)
12640.1ms Vehicle 1 BECAME LEADER (term=10)
12740.1ms Leader 1 SENDING AppendEntries to vehicle 0 (n_entries=0, leader_commit=2)
12740.1ms Leader 1 SENDING AppendEntries to vehicle 3 (n_entries=0, leader_commit=2)
12740.1ms Vehicle 0 RECEIVED AppendEntries from vehicle 1 (n_entries=0, leader_commit=2)
12740.3ms Vehicle 3 RECEIVED AppendEntries from vehicle 1 (n_entries=0, leader_commit=2)
12860.1ms Leader 1 SENDING AppendEntries to vehicle 0 (n_entries=0, leader_commit=2)
12860.1ms Leader 1 SENDING AppendEntries to vehicle 3 (n_entries=0, leader_commit=2)
12860.1ms Vehicle 0 RECEIVED AppendEntries from vehicle 1 (n_entries=0, leader_commit=2)
12860.6ms Vehicle 3 RECEIVED AppendEntries from vehicle 1 (n_entries=0, leader_commit=2)
12980.1ms Leader 1 SENDING AppendEntries to vehicle 0 (n_entries=0, leader_commit=2)
12980.1ms Leader 1 SENDING AppendEntries to vehicle 3 (n_entries=0, leader_commit=2)
12980.1ms Vehicle 0 RECEIVED AppendEntries from vehicle 1 (n_entries=0, leader_commit=2)
12980.4ms Vehicle 3 RECEIVED AppendEntries from vehicle 1 (n_entries=0, leader_commit=2)
13100.1ms Leader 1 SENDING AppendEntries to vehicle 0 (n_entries=0, leader_commit=2)
13100.1ms Leader 1 SENDING AppendEntries to vehicle 3 (n_entries=0, leader_commit=2)
13100.1ms Vehicle 0 RECEIVED AppendEntries from vehicle 1 (n_entries=0, leader_commit=2)
13100.5ms Vehicle 3 RECEIVED AppendEntries from vehicle 1 (n_entries=0, leader_commit=2)
13220.1ms Leader 1 SENDING AppendEntries to vehicle 0 (n_entries=0, leader_commit=2)
13220.1ms Leader 1 SENDING AppendEntries to vehicle 3 (n_entries=0, leader_commit=2)
13220.1ms Vehicle 0 RECEIVED AppendEntries from vehicle 1 (n_entries=0, leader_commit=2)
13220.4ms Vehicle 3 RECEIVED AppendEntries from vehicle 1 (n_entries=0, leader_commit=2)
13340.1ms Leader 1 SENDING AppendEntries to vehicle 0 (n_entries=0, leader_commit=2)
13340.1ms Leader 1 SENDING AppendEntries to vehicle 3 (n_entries=0, leader_commit=2)
13340.1ms Vehicle 0 RECEIVED AppendEntries from vehicle 1 (n_entries=0, leader_commit=2)
13340.7ms Vehicle 3 RECEIVED AppendEntries from vehicle 1 (n_entries=0, leader_commit=2)
13460.1ms Leader 1 SENDING AppendEntries to vehicle 0 (n_entries=0, leader_commit=2)
13460.1ms Leader 1 SENDING AppendEntries to vehicle 3 (n_entries=0, leader_commit=2)
13460.1ms Vehicle 0 RECEIVED AppendEntries from vehicle 1 (n_entries=0, leader_commit=2)
13460.6ms Vehicle 3 RECEIVED AppendEntries from vehicle 1 (n_entries=0, leader_commit=2)
13580.1ms Leader 1 SENDING AppendEntries to vehicle 0 (n_entries=0, leader_commit=2)
13580.1ms Leader 1 SENDING AppendEntries to vehicle 3 (n_entries=0, leader_commit=2)
13580.1ms Vehicle 0 RECEIVED AppendEntries from vehicle 1 (n_entries=0, leader_commit=2)
13580.6ms Vehicle 3 RECEIVED AppendEntries from vehicle 1 (n_entries=0, leader_commit=2)
13700.1ms Leader 1 SENDING AppendEntries to vehicle 0 (n_entries=0, leader_commit=2)
13700.1ms Leader 1 SENDING AppendEntries to vehicle 3 (n_entries=0, leader_commit=2)
13700.1ms Vehicle 0 RECEIVED AppendEntries from vehicle 1 (n_entries=0, leader_commit=2)
13700.5ms Vehicle 3 RECEIVED AppendEntries from vehicle 1 (n_entries=0, leader_commit=2)
13820.1ms Leader 1 SENDING AppendEntries to vehicle 0 (n_entries=0, leader_commit=2)
13820.1ms Leader 1 SENDING AppendEntries to vehicle 3 (n_entries=0, leader_commit=2)
13820.1ms Vehicle 0 RECEIVED AppendEntries from vehicle 1 (n_entries=0, leader_commit=2)
13820.3ms Vehicle 3 RECEIVED AppendEntries from vehicle 1 (n_entries=0, leader_commit=2)
13940.1ms Leader 1 SENDING AppendEntries to vehicle 0 (n_entries=0, leader_commit=2)
13940.1ms Leader 1 SENDING AppendEntries to vehicle 3 (n_entries=0, leader_commit=2)
13940.1ms Vehicle 0 RECEIVED AppendEntries from vehicle 1 (n_entries=0, leader_commit=2)
13940.3ms Vehicle 3 RECEIVED AppendEntries from vehicle 1 (n_entries=0, leader_commit=2)
14 Vehicle 0 hasPassed=true (on exit edge -34894202#10)
14000.0ms Vehicle 0 LEFT intersection
14000.0ms Vehicle 0 BROADCASTING vehicle-passed
14000.0ms Vehicle 0 sending vehicle-left (isLeader=0, myBatch=-1)
14000.1ms Vehicle 1 RECEIVED vehicle-passed from vehicle 0
14000.1ms Vehicle 3 RECEIVED vehicle-passed from vehicle 0
14000.2ms Vehicle 1 RECEIVED vehicle-left from vehicle 0
14000.2ms Leader 1 proposing VEHICLE_LEFT for vehicle 0 (batch=0)
14000.2ms Vehicle 1 doLogOffer entry #4 (len=9)
14000.2ms Leader 1 SENDING AppendEntries to vehicle 3 (n_entries=1, leader_commit=2)
14000.2ms Vehicle 1 BATCH ADVANCE: now on batch 1
14000.2ms Vehicle 1 MY BATCH - starting movement
14000.2ms Vehicle 1 RESUMING movement
14000.2ms Vehicle 3 RECEIVED vehicle-left from vehicle 0
14000.2ms Vehicle 3 BATCH ADVANCE: now on batch 1
14000.2ms Vehicle 3 MY BATCH - starting movement
14000.2ms Vehicle 3 RESUMING movement
14000.6ms Vehicle 3 RECEIVED AppendEntries from vehicle 1 (n_entries=1, leader_commit=2)
14000.6ms Vehicle 3 doLogOffer entry #4 (len=9)
14060.1ms Leader 1 SENDING AppendEntries to vehicle 3 (n_entries=0, leader_commit=2)
14060.1ms Vehicle 3 RECEIVED AppendEntries from vehicle 1 (n_entries=0, leader_commit=2)
14180.1ms Leader 1 SENDING AppendEntries to vehicle 3 (n_entries=0, leader_commit=2)
14180.1ms Vehicle 3 RECEIVED AppendEntries from vehicle 1 (n_entries=0, leader_commit=2)
14300.1ms Leader 1 SENDING AppendEntries to vehicle 3 (n_entries=0, leader_commit=2)
14300.1ms Vehicle 3 RECEIVED AppendEntries from vehicle 1 (n_entries=0, leader_commit=2)
14420.1ms Leader 1 SENDING AppendEntries to vehicle 3 (n_entries=0, leader_commit=2)
14420.1ms Vehicle 3 RECEIVED AppendEntries from vehicle 1 (n_entries=0, leader_commit=2)
14540.1ms Leader 1 SENDING AppendEntries to vehicle 3 (n_entries=0, leader_commit=2)
14540.1ms Vehicle 3 RECEIVED AppendEntries from vehicle 1 (n_entries=0, leader_commit=2)
14660.1ms Leader 1 SENDING AppendEntries to vehicle 3 (n_entries=0, leader_commit=2)
14660.1ms Vehicle 3 RECEIVED AppendEntries from vehicle 1 (n_entries=0, leader_commit=2)
14780.1ms Leader 1 SENDING AppendEntries to vehicle 3 (n_entries=0, leader_commit=2)
14780.1ms Vehicle 3 RECEIVED AppendEntries from vehicle 1 (n_entries=0, leader_commit=2)
14900.1ms Leader 1 SENDING AppendEntries to vehicle 3 (n_entries=0, leader_commit=2)
14900.1ms Vehicle 3 RECEIVED AppendEntries from vehicle 1 (n_entries=0, leader_commit=2)
15020.1ms Leader 1 SENDING AppendEntries to vehicle 3 (n_entries=0, leader_commit=2)
15020.1ms Vehicle 3 RECEIVED AppendEntries from vehicle 1 (n_entries=0, leader_commit=2)
15140.1ms Leader 1 SENDING AppendEntries to vehicle 3 (n_entries=0, leader_commit=2)
15140.1ms Vehicle 3 RECEIVED AppendEntries from vehicle 1 (n_entries=0, leader_commit=2)
15260.1ms Leader 1 SENDING AppendEntries to vehicle 3 (n_entries=0, leader_commit=2)
15260.1ms Vehicle 3 RECEIVED AppendEntries from vehicle 1 (n_entries=0, leader_commit=2)
15380.1ms Leader 1 SENDING AppendEntries to vehicle 3 (n_entries=0, leader_commit=2)
15380.1ms Vehicle 3 RECEIVED AppendEntries from vehicle 1 (n_entries=0, leader_commit=2)
15500.1ms Leader 1 SENDING AppendEntries to vehicle 3 (n_entries=0, leader_commit=2)
15500.1ms Vehicle 3 RECEIVED AppendEntries from vehicle 1 (n_entries=0, leader_commit=2)
15620.1ms Leader 1 SENDING AppendEntries to vehicle 3 (n_entries=0, leader_commit=2)
15620.1ms Vehicle 3 RECEIVED AppendEntries from vehicle 1 (n_entries=0, leader_commit=2)
15740.1ms Leader 1 SENDING AppendEntries to vehicle 3 (n_entries=0, leader_commit=2)
15740.1ms Vehicle 3 RECEIVED AppendEntries from vehicle 1 (n_entries=0, leader_commit=2)
15860.1ms Leader 1 SENDING AppendEntries to vehicle 3 (n_entries=0, leader_commit=2)
15860.1ms Vehicle 3 RECEIVED AppendEntries from vehicle 1 (n_entries=0, leader_commit=2)
15980.1ms Leader 1 SENDING AppendEntries to vehicle 3 (n_entries=0, leader_commit=2)
15980.1ms Vehicle 3 RECEIVED AppendEntries from vehicle 1 (n_entries=0, leader_commit=2)
16.1 Vehicle 3 hasPassed=true (on exit edge -36905242#11)
16100.0ms Vehicle 3 LEFT intersection
16100.0ms Vehicle 3 BROADCASTING vehicle-passed
16100.0ms Vehicle 3 sending vehicle-left (isLeader=0, myBatch=1)
16100.1ms Vehicle 1 RECEIVED vehicle-passed from vehicle 3
16100.2ms Vehicle 1 RECEIVED vehicle-left from vehicle 3
16100.2ms Leader 1 proposing VEHICLE_LEFT for vehicle 3 (batch=1)
16100.2ms Vehicle 1 doLogOffer entry #5 (len=9)
16.2 Vehicle 1 hasPassed=true (on exit edge 34894202#13)
16200.0ms Vehicle 1 LEFT intersection
16200.0ms Vehicle 1 BROADCASTING vehicle-passed
16200.0ms Vehicle 1 sending vehicle-left (isLeader=1, myBatch=1)
Closed results file.
** Event #34995   t=300   Elapsed: 0.830623s (0m 00s)  100% completed  (100% total)
     Speed:     ev/sec=42131.3   simsec/sec=26.1252   ev/simsec=1612.67
     Messages:  created: 22224   present: 3   in FES: 0

<!> Simulation time limit reached -- at t=300s, event #34995

Calling finish() at end of Run #0...
[INFO]	Radio signal arrival computation count = 2900
[INFO]	Transmission count = 1027
[INFO]	Signal send count = 2900
[INFO]	Reception computation count = 2900
[INFO]	Interference computation count = 9710
[INFO]	Reception decision computation count = 2064
[INFO]	Listening decision computation count = 4752
[INFO]	Reception cache hit = 83.7088 %
[INFO]	Interference cache hit = 66.6667 %
[INFO]	Noise cache hit = 0 %
[INFO]	SNIR cache hit = 50 %
[INFO]	Reception decision cache hit = 50 %
[INFO]	Reception result cache hit = 0 %

End.
