OMNeT++ Discrete Event Simulation  (C) 1992-2019 Andras Varga, OpenSim Ltd.
Version: 5.6.2, build: 200518-aa79d0918f, edition: Academic Public License -- NOT FOR COMMERCIAL USE
See the license for distribution terms and warranty disclaimer

Setting up Cmdenv...

Loading NED files from ..:  9
Loading NED files from ../../src:  11
Loading NED files from ../../../inet/src:  831
Loading NED files from ../../../inet/examples:  174
Loading NED files from ../../../inet/tutorials:  10
Loading NED files from ../../../inet/showcases:  46
Loading NED files from ../../../../veins/examples/veins:  1
Loading NED files from ../../../../veins/src/veins:  44

Preparing for running configuration General, run #0...
Assigned runID=General-0-20260222-01:50:22-303531
Setting up network "IntersectionScenarioWave"...
Initializing...

Running simulation...
** Event #0   t=0   Elapsed: 1.3e-05s (0m 00s)  0% completed  (0% total)
     Speed:     ev/sec=0   simsec/sec=0   ev/simsec=0
     Messages:  created: 2   present: 2   in FES: 3
Vehicle 0 edge config: 4 approach edges, 4 exit edges
Opened results file: /home/mathesh/omnetpp-workspace/benchmark/results/benchmark_4v/run_1/raft_results.json
Vehicle 1 edge config: 4 approach edges, 4 exit edges
500.0ms Vehicle 1 STOPPED at intersection (edge=34894202#10)
Vehicle 2 edge config: 4 approach edges, 4 exit edges
770.8ms Vehicle 1 CLUSTER TRIGGER (at intersection with 1 peers)
770.8ms Vehicle 1 FORMING CLUSTER with 4 members: [0,1,2,3]
771.4ms Vehicle 2 received CLUSTER_FORM from 1 with 3 members
771.4ms Vehicle 2 FORMING CLUSTER with 4 members: [0,1,2,3]
771.4ms Vehicle 0 received CLUSTER_FORM from 1 with 2 members
771.4ms Vehicle 0 FORMING CLUSTER with 4 members: [0,1,2,3]
Vehicle 3 edge config: 4 approach edges, 4 exit edges
1071.4ms Vehicle 3 joining EXISTING cluster from 1 with 4 members
1071.4ms Vehicle 3 FORMING CLUSTER with 4 members: [0,1,2,3]
1272.5ms Leader 0 SENDING AppendEntries to vehicle 1 (n_entries=0, leader_commit=0)
1272.5ms Leader 0 SENDING AppendEntries to vehicle 2 (n_entries=0, leader_commit=0)
1272.5ms Leader 0 SENDING AppendEntries to vehicle 3 (n_entries=0, leader_commit=0)
1273.4ms Vehicle 1 RECEIVED AppendEntries from 0 (n_entries=0, leader_commit=0)
1273.4ms Vehicle 1 SENDING AppendEntriesResponse to 0 (success=1, current_idx=0)
1273.6ms Leader 0 RECEIVED AppendEntriesResponse from 1 (success=1, current_idx=0)
1274.0ms Vehicle 2 RECEIVED AppendEntries from 0 (n_entries=0, leader_commit=0)
1274.0ms Vehicle 2 SENDING AppendEntriesResponse to 0 (success=1, current_idx=0)
1274.3ms Leader 0 RECEIVED AppendEntriesResponse from 2 (success=1, current_idx=0)
1274.6ms Vehicle 3 RECEIVED AppendEntries from 0 (n_entries=0, leader_commit=0)
1274.6ms Vehicle 3 SENDING AppendEntriesResponse to 0 (success=1, current_idx=0)
1274.9ms Leader 0 RECEIVED AppendEntriesResponse from 3 (success=1, current_idx=0)
1371.4ms Vehicle 0 BECAME LEADER (term=3)
1471.4ms Leader 0 SENDING AppendEntries to vehicle 1 (n_entries=0, leader_commit=0)
1471.4ms Leader 0 SENDING AppendEntries to vehicle 2 (n_entries=0, leader_commit=0)
1471.4ms Leader 0 SENDING AppendEntries to vehicle 3 (n_entries=0, leader_commit=0)
1471.6ms Vehicle 1 RECEIVED AppendEntries from 0 (n_entries=0, leader_commit=0)
1471.6ms Vehicle 1 SENDING AppendEntriesResponse to 0 (success=1, current_idx=0)
1471.9ms Leader 0 RECEIVED AppendEntriesResponse from 1 (success=1, current_idx=0)
1472.2ms Vehicle 2 RECEIVED AppendEntries from 0 (n_entries=0, leader_commit=0)
1472.2ms Vehicle 2 SENDING AppendEntriesResponse to 0 (success=1, current_idx=0)
1671.4ms Leader 0 SENDING AppendEntries to vehicle 1 (n_entries=0, leader_commit=0)
1671.4ms Leader 0 SENDING AppendEntries to vehicle 2 (n_entries=0, leader_commit=0)
1671.4ms Leader 0 SENDING AppendEntries to vehicle 3 (n_entries=0, leader_commit=0)
1671.7ms Vehicle 1 RECEIVED AppendEntries from 0 (n_entries=0, leader_commit=0)
1671.7ms Vehicle 1 SENDING AppendEntriesResponse to 0 (success=1, current_idx=0)
1672.0ms Leader 0 RECEIVED AppendEntriesResponse from 1 (success=1, current_idx=0)
1672.3ms Vehicle 2 RECEIVED AppendEntries from 0 (n_entries=0, leader_commit=0)
1672.3ms Vehicle 2 SENDING AppendEntriesResponse to 0 (success=1, current_idx=0)
1672.6ms Leader 0 RECEIVED AppendEntriesResponse from 2 (success=1, current_idx=0)
1672.9ms Vehicle 3 RECEIVED AppendEntries from 0 (n_entries=0, leader_commit=0)
1672.9ms Vehicle 3 SENDING AppendEntriesResponse to 0 (success=1, current_idx=0)
1673.2ms Leader 0 RECEIVED AppendEntriesResponse from 3 (success=1, current_idx=0)
1871.4ms Leader 0 SENDING AppendEntries to vehicle 1 (n_entries=0, leader_commit=0)
1871.4ms Leader 0 SENDING AppendEntries to vehicle 2 (n_entries=0, leader_commit=0)
1871.4ms Leader 0 SENDING AppendEntries to vehicle 3 (n_entries=0, leader_commit=0)
1871.6ms Vehicle 1 RECEIVED AppendEntries from 0 (n_entries=0, leader_commit=0)
1871.6ms Vehicle 1 SENDING AppendEntriesResponse to 0 (success=1, current_idx=0)
1871.9ms Leader 0 RECEIVED AppendEntriesResponse from 1 (success=1, current_idx=0)
1872.2ms Vehicle 2 RECEIVED AppendEntries from 0 (n_entries=0, leader_commit=0)
1872.2ms Vehicle 2 SENDING AppendEntriesResponse to 0 (success=1, current_idx=0)
1872.5ms Leader 0 RECEIVED AppendEntriesResponse from 2 (success=1, current_idx=0)
1872.8ms Vehicle 3 RECEIVED AppendEntries from 0 (n_entries=0, leader_commit=0)
1872.8ms Vehicle 3 SENDING AppendEntriesResponse to 0 (success=1, current_idx=0)
1873.1ms Leader 0 RECEIVED AppendEntriesResponse from 3 (success=1, current_idx=0)
2071.4ms Leader 0 SENDING AppendEntries to vehicle 1 (n_entries=0, leader_commit=0)
2071.4ms Leader 0 SENDING AppendEntries to vehicle 2 (n_entries=0, leader_commit=0)
2071.4ms Leader 0 SENDING AppendEntries to vehicle 3 (n_entries=0, leader_commit=0)
2071.6ms Vehicle 1 RECEIVED AppendEntries from 0 (n_entries=0, leader_commit=0)
2071.6ms Vehicle 1 SENDING AppendEntriesResponse to 0 (success=1, current_idx=0)
2071.9ms Leader 0 RECEIVED AppendEntriesResponse from 1 (success=1, current_idx=0)
2072.2ms Vehicle 2 RECEIVED AppendEntries from 0 (n_entries=0, leader_commit=0)
2072.2ms Vehicle 2 SENDING AppendEntriesResponse to 0 (success=1, current_idx=0)
2072.5ms Leader 0 RECEIVED AppendEntriesResponse from 2 (success=1, current_idx=0)
2072.8ms Vehicle 3 RECEIVED AppendEntries from 0 (n_entries=0, leader_commit=0)
2072.8ms Vehicle 3 SENDING AppendEntriesResponse to 0 (success=1, current_idx=0)
2073.1ms Leader 0 RECEIVED AppendEntriesResponse from 3 (success=1, current_idx=0)
2271.4ms Leader 0 SENDING AppendEntries to vehicle 1 (n_entries=0, leader_commit=0)
2271.4ms Leader 0 SENDING AppendEntries to vehicle 2 (n_entries=0, leader_commit=0)
2271.4ms Leader 0 SENDING AppendEntries to vehicle 3 (n_entries=0, leader_commit=0)
2271.7ms Vehicle 1 RECEIVED AppendEntries from 0 (n_entries=0, leader_commit=0)
2271.7ms Vehicle 1 SENDING AppendEntriesResponse to 0 (success=1, current_idx=0)
2272.0ms Leader 0 RECEIVED AppendEntriesResponse from 1 (success=1, current_idx=0)
2272.3ms Vehicle 2 RECEIVED AppendEntries from 0 (n_entries=0, leader_commit=0)
2272.3ms Vehicle 2 SENDING AppendEntriesResponse to 0 (success=1, current_idx=0)
2272.6ms Leader 0 RECEIVED AppendEntriesResponse from 2 (success=1, current_idx=0)
2272.9ms Vehicle 3 RECEIVED AppendEntries from 0 (n_entries=0, leader_commit=0)
2272.9ms Vehicle 3 SENDING AppendEntriesResponse to 0 (success=1, current_idx=0)
2273.2ms Leader 0 RECEIVED AppendEntriesResponse from 3 (success=1, current_idx=0)
2471.4ms Leader 0 SENDING AppendEntries to vehicle 1 (n_entries=0, leader_commit=0)
2471.4ms Leader 0 SENDING AppendEntries to vehicle 2 (n_entries=0, leader_commit=0)
2471.4ms Leader 0 SENDING AppendEntries to vehicle 3 (n_entries=0, leader_commit=0)
2471.6ms Vehicle 1 RECEIVED AppendEntries from 0 (n_entries=0, leader_commit=0)
2471.6ms Vehicle 1 SENDING AppendEntriesResponse to 0 (success=1, current_idx=0)
2471.9ms Leader 0 RECEIVED AppendEntriesResponse from 1 (success=1, current_idx=0)
2472.2ms Vehicle 2 RECEIVED AppendEntries from 0 (n_entries=0, leader_commit=0)
2472.2ms Vehicle 2 SENDING AppendEntriesResponse to 0 (success=1, current_idx=0)
2472.5ms Leader 0 RECEIVED AppendEntriesResponse from 2 (success=1, current_idx=0)
2472.8ms Vehicle 3 RECEIVED AppendEntries from 0 (n_entries=0, leader_commit=0)
2472.8ms Vehicle 3 SENDING AppendEntriesResponse to 0 (success=1, current_idx=0)
2473.1ms Leader 0 RECEIVED AppendEntriesResponse from 3 (success=1, current_idx=0)
2600.0ms Vehicle 2 STOPPED at intersection (edge=36905242#11)
2671.4ms Leader 0 SENDING AppendEntries to vehicle 1 (n_entries=0, leader_commit=0)
2671.4ms Leader 0 SENDING AppendEntries to vehicle 2 (n_entries=0, leader_commit=0)
2671.4ms Leader 0 SENDING AppendEntries to vehicle 3 (n_entries=0, leader_commit=0)
2671.6ms Vehicle 1 RECEIVED AppendEntries from 0 (n_entries=0, leader_commit=0)
2671.6ms Vehicle 1 SENDING AppendEntriesResponse to 0 (success=1, current_idx=0)
2672.2ms Vehicle 3 RECEIVED AppendEntries from 0 (n_entries=0, leader_commit=0)
2672.2ms Vehicle 3 SENDING AppendEntriesResponse to 0 (success=1, current_idx=0)
2672.5ms Leader 0 RECEIVED AppendEntriesResponse from 3 (success=1, current_idx=0)
2871.4ms Leader 0 SENDING AppendEntries to vehicle 1 (n_entries=0, leader_commit=0)
2871.4ms Leader 0 SENDING AppendEntries to vehicle 2 (n_entries=0, leader_commit=0)
2871.4ms Leader 0 SENDING AppendEntries to vehicle 3 (n_entries=0, leader_commit=0)
2871.7ms Vehicle 1 RECEIVED AppendEntries from 0 (n_entries=0, leader_commit=0)
2871.7ms Vehicle 1 SENDING AppendEntriesResponse to 0 (success=1, current_idx=0)
2872.3ms Vehicle 3 RECEIVED AppendEntries from 0 (n_entries=0, leader_commit=0)
2872.3ms Vehicle 3 SENDING AppendEntriesResponse to 0 (success=1, current_idx=0)
2872.6ms Leader 0 RECEIVED AppendEntriesResponse from 3 (success=1, current_idx=0)
3071.4ms Leader 0 SENDING AppendEntries to vehicle 1 (n_entries=0, leader_commit=0)
3071.4ms Leader 0 SENDING AppendEntries to vehicle 2 (n_entries=0, leader_commit=0)
3071.4ms Leader 0 SENDING AppendEntries to vehicle 3 (n_entries=0, leader_commit=0)
3071.6ms Vehicle 1 RECEIVED AppendEntries from 0 (n_entries=0, leader_commit=0)
3071.6ms Vehicle 1 SENDING AppendEntriesResponse to 0 (success=1, current_idx=0)
3071.9ms Leader 0 RECEIVED AppendEntriesResponse from 1 (success=1, current_idx=0)
3072.2ms Vehicle 2 RECEIVED AppendEntries from 0 (n_entries=0, leader_commit=0)
3072.2ms Vehicle 2 SENDING AppendEntriesResponse to 0 (success=0, current_idx=0)
3271.4ms Leader 0 SENDING AppendEntries to vehicle 1 (n_entries=0, leader_commit=0)
3271.4ms Leader 0 SENDING AppendEntries to vehicle 2 (n_entries=0, leader_commit=0)
3271.4ms Leader 0 SENDING AppendEntries to vehicle 3 (n_entries=0, leader_commit=0)
3271.6ms Vehicle 1 RECEIVED AppendEntries from 0 (n_entries=0, leader_commit=0)
3271.6ms Vehicle 1 SENDING AppendEntriesResponse to 0 (success=1, current_idx=0)
3271.9ms Leader 0 RECEIVED AppendEntriesResponse from 1 (success=1, current_idx=0)
3272.2ms Vehicle 2 RECEIVED AppendEntries from 0 (n_entries=0, leader_commit=0)
3272.2ms Vehicle 2 SENDING AppendEntriesResponse to 0 (success=0, current_idx=0)
3272.5ms Leader 0 RECEIVED AppendEntriesResponse from 2 (success=0, current_idx=0)
3272.8ms Vehicle 3 RECEIVED AppendEntries from 0 (n_entries=0, leader_commit=0)
3272.8ms Vehicle 3 SENDING AppendEntriesResponse to 0 (success=1, current_idx=0)
3273.1ms Leader 0 RECEIVED AppendEntriesResponse from 3 (success=1, current_idx=0)
3371.4ms Vehicle 0 LOST leadership
3772.5ms Leader 0 SENDING AppendEntries to vehicle 1 (n_entries=0, leader_commit=0)
3772.5ms Leader 0 SENDING AppendEntries to vehicle 2 (n_entries=0, leader_commit=0)
3772.5ms Leader 0 SENDING AppendEntries to vehicle 3 (n_entries=0, leader_commit=0)
3773.4ms Vehicle 1 RECEIVED AppendEntries from 0 (n_entries=0, leader_commit=0)
3773.4ms Vehicle 1 SENDING AppendEntriesResponse to 0 (success=1, current_idx=0)
3773.7ms Leader 0 RECEIVED AppendEntriesResponse from 1 (success=1, current_idx=0)
3774.0ms Vehicle 2 RECEIVED AppendEntries from 0 (n_entries=0, leader_commit=0)
3774.0ms Vehicle 2 SENDING AppendEntriesResponse to 0 (success=1, current_idx=0)
3774.3ms Leader 0 RECEIVED AppendEntriesResponse from 2 (success=1, current_idx=0)
3774.6ms Vehicle 3 RECEIVED AppendEntries from 0 (n_entries=0, leader_commit=0)
3774.6ms Vehicle 3 SENDING AppendEntriesResponse to 0 (success=1, current_idx=0)
3774.9ms Leader 0 RECEIVED AppendEntriesResponse from 3 (success=1, current_idx=0)
3800.0ms Vehicle 3 STOPPED at intersection (edge=37551802#8)
3871.4ms Vehicle 0 BECAME LEADER (term=6)
3971.4ms Leader 0 SENDING AppendEntries to vehicle 1 (n_entries=0, leader_commit=0)
3971.4ms Leader 0 SENDING AppendEntries to vehicle 2 (n_entries=0, leader_commit=0)
3971.4ms Leader 0 SENDING AppendEntries to vehicle 3 (n_entries=0, leader_commit=0)
3971.6ms Vehicle 1 RECEIVED AppendEntries from 0 (n_entries=0, leader_commit=0)
3971.6ms Vehicle 1 SENDING AppendEntriesResponse to 0 (success=1, current_idx=0)
3971.9ms Leader 0 RECEIVED AppendEntriesResponse from 1 (success=1, current_idx=0)
3972.2ms Vehicle 2 RECEIVED AppendEntries from 0 (n_entries=0, leader_commit=0)
3972.2ms Vehicle 2 SENDING AppendEntriesResponse to 0 (success=1, current_idx=0)
3972.5ms Leader 0 RECEIVED AppendEntriesResponse from 2 (success=1, current_idx=0)
3972.8ms Vehicle 3 RECEIVED AppendEntries from 0 (n_entries=0, leader_commit=0)
3972.8ms Vehicle 3 SENDING AppendEntriesResponse to 0 (success=1, current_idx=0)
3973.1ms Leader 0 RECEIVED AppendEntriesResponse from 3 (success=1, current_idx=0)
4171.4ms Leader 0 SENDING AppendEntries to vehicle 1 (n_entries=0, leader_commit=0)
4171.4ms Leader 0 SENDING AppendEntries to vehicle 2 (n_entries=0, leader_commit=0)
4171.4ms Leader 0 SENDING AppendEntries to vehicle 3 (n_entries=0, leader_commit=0)
4171.6ms Vehicle 1 RECEIVED AppendEntries from 0 (n_entries=0, leader_commit=0)
4171.6ms Vehicle 1 SENDING AppendEntriesResponse to 0 (success=1, current_idx=0)
4171.9ms Leader 0 RECEIVED AppendEntriesResponse from 1 (success=1, current_idx=0)
4172.2ms Vehicle 2 RECEIVED AppendEntries from 0 (n_entries=0, leader_commit=0)
4172.2ms Vehicle 2 SENDING AppendEntriesResponse to 0 (success=1, current_idx=0)
4172.5ms Leader 0 RECEIVED AppendEntriesResponse from 2 (success=1, current_idx=0)
4172.8ms Vehicle 3 RECEIVED AppendEntries from 0 (n_entries=0, leader_commit=0)
4172.8ms Vehicle 3 SENDING AppendEntriesResponse to 0 (success=1, current_idx=0)
4173.0ms Leader 0 RECEIVED AppendEntriesResponse from 3 (success=1, current_idx=0)
4371.4ms Leader 0 SENDING AppendEntries to vehicle 1 (n_entries=0, leader_commit=0)
4371.4ms Leader 0 SENDING AppendEntries to vehicle 2 (n_entries=0, leader_commit=0)
4371.4ms Leader 0 SENDING AppendEntries to vehicle 3 (n_entries=0, leader_commit=0)
4371.6ms Vehicle 1 RECEIVED AppendEntries from 0 (n_entries=0, leader_commit=0)
4371.6ms Vehicle 1 SENDING AppendEntriesResponse to 0 (success=1, current_idx=0)
4371.9ms Leader 0 RECEIVED AppendEntriesResponse from 1 (success=1, current_idx=0)
4372.2ms Vehicle 2 RECEIVED AppendEntries from 0 (n_entries=0, leader_commit=0)
4372.2ms Vehicle 2 SENDING AppendEntriesResponse to 0 (success=1, current_idx=0)
4372.5ms Leader 0 RECEIVED AppendEntriesResponse from 2 (success=1, current_idx=0)
4372.8ms Vehicle 3 RECEIVED AppendEntries from 0 (n_entries=0, leader_commit=0)
4372.8ms Vehicle 3 SENDING AppendEntriesResponse to 0 (success=1, current_idx=0)
4373.1ms Leader 0 RECEIVED AppendEntriesResponse from 3 (success=1, current_idx=0)
4571.4ms Leader 0 SENDING AppendEntries to vehicle 1 (n_entries=0, leader_commit=0)
4571.4ms Leader 0 SENDING AppendEntries to vehicle 2 (n_entries=0, leader_commit=0)
4571.4ms Leader 0 SENDING AppendEntries to vehicle 3 (n_entries=0, leader_commit=0)
4571.6ms Vehicle 1 RECEIVED AppendEntries from 0 (n_entries=0, leader_commit=0)
4571.6ms Vehicle 1 SENDING AppendEntriesResponse to 0 (success=1, current_idx=0)
4572.2ms Vehicle 3 RECEIVED AppendEntries from 0 (n_entries=0, leader_commit=0)
4572.2ms Vehicle 3 SENDING AppendEntriesResponse to 0 (success=1, current_idx=0)
4572.5ms Leader 0 RECEIVED AppendEntriesResponse from 3 (success=1, current_idx=0)
4771.4ms Leader 0 SENDING AppendEntries to vehicle 1 (n_entries=0, leader_commit=0)
4771.4ms Leader 0 SENDING AppendEntries to vehicle 2 (n_entries=0, leader_commit=0)
4771.4ms Leader 0 SENDING AppendEntries to vehicle 3 (n_entries=0, leader_commit=0)
4771.6ms Vehicle 1 RECEIVED AppendEntries from 0 (n_entries=0, leader_commit=0)
4771.6ms Vehicle 1 SENDING AppendEntriesResponse to 0 (success=1, current_idx=0)
4771.9ms Leader 0 RECEIVED AppendEntriesResponse from 1 (success=1, current_idx=0)
4772.2ms Vehicle 2 RECEIVED AppendEntries from 0 (n_entries=0, leader_commit=0)
4772.2ms Vehicle 2 SENDING AppendEntriesResponse to 0 (success=1, current_idx=0)
4772.5ms Leader 0 RECEIVED AppendEntriesResponse from 2 (success=1, current_idx=0)
4772.8ms Vehicle 3 RECEIVED AppendEntries from 0 (n_entries=0, leader_commit=0)
4772.8ms Vehicle 3 SENDING AppendEntriesResponse to 0 (success=1, current_idx=0)
4773.1ms Leader 0 RECEIVED AppendEntriesResponse from 3 (success=1, current_idx=0)
4971.4ms Leader 0 SENDING AppendEntries to vehicle 1 (n_entries=0, leader_commit=0)
4971.4ms Leader 0 SENDING AppendEntries to vehicle 2 (n_entries=0, leader_commit=0)
4971.4ms Leader 0 SENDING AppendEntries to vehicle 3 (n_entries=0, leader_commit=0)
4971.6ms Vehicle 1 RECEIVED AppendEntries from 0 (n_entries=0, leader_commit=0)
4971.6ms Vehicle 1 SENDING AppendEntriesResponse to 0 (success=1, current_idx=0)
4971.9ms Leader 0 RECEIVED AppendEntriesResponse from 1 (success=1, current_idx=0)
4972.2ms Vehicle 2 RECEIVED AppendEntries from 0 (n_entries=0, leader_commit=0)
4972.2ms Vehicle 2 SENDING AppendEntriesResponse to 0 (success=1, current_idx=0)
5171.4ms Leader 0 SENDING AppendEntries to vehicle 1 (n_entries=0, leader_commit=0)
5171.4ms Leader 0 SENDING AppendEntries to vehicle 2 (n_entries=0, leader_commit=0)
5171.4ms Leader 0 SENDING AppendEntries to vehicle 3 (n_entries=0, leader_commit=0)
5171.6ms Vehicle 1 RECEIVED AppendEntries from 0 (n_entries=0, leader_commit=0)
5171.6ms Vehicle 1 SENDING AppendEntriesResponse to 0 (success=1, current_idx=0)
5171.9ms Leader 0 RECEIVED AppendEntriesResponse from 1 (success=1, current_idx=0)
5172.2ms Vehicle 2 RECEIVED AppendEntries from 0 (n_entries=0, leader_commit=0)
5172.2ms Vehicle 2 SENDING AppendEntriesResponse to 0 (success=1, current_idx=0)
5172.5ms Leader 0 RECEIVED AppendEntriesResponse from 2 (success=1, current_idx=0)
5172.8ms Vehicle 3 RECEIVED AppendEntries from 0 (n_entries=0, leader_commit=0)
5172.8ms Vehicle 3 SENDING AppendEntriesResponse to 0 (success=1, current_idx=0)
5173.1ms Leader 0 RECEIVED AppendEntriesResponse from 3 (success=1, current_idx=0)
5371.4ms Leader 0 SENDING AppendEntries to vehicle 1 (n_entries=0, leader_commit=0)
5371.4ms Leader 0 SENDING AppendEntries to vehicle 2 (n_entries=0, leader_commit=0)
5371.4ms Leader 0 SENDING AppendEntries to vehicle 3 (n_entries=0, leader_commit=0)
5371.6ms Vehicle 1 RECEIVED AppendEntries from 0 (n_entries=0, leader_commit=0)
5371.6ms Vehicle 1 SENDING AppendEntriesResponse to 0 (success=1, current_idx=0)
5371.9ms Leader 0 RECEIVED AppendEntriesResponse from 1 (success=1, current_idx=0)
5372.2ms Vehicle 2 RECEIVED AppendEntries from 0 (n_entries=0, leader_commit=0)
5372.2ms Vehicle 2 SENDING AppendEntriesResponse to 0 (success=1, current_idx=0)
5372.5ms Leader 0 RECEIVED AppendEntriesResponse from 2 (success=1, current_idx=0)
5372.8ms Vehicle 3 RECEIVED AppendEntries from 0 (n_entries=0, leader_commit=0)
5372.8ms Vehicle 3 SENDING AppendEntriesResponse to 0 (success=1, current_idx=0)
5373.1ms Leader 0 RECEIVED AppendEntriesResponse from 3 (success=1, current_idx=0)
5571.4ms Leader 0 SENDING AppendEntries to vehicle 1 (n_entries=0, leader_commit=0)
5571.4ms Leader 0 SENDING AppendEntries to vehicle 2 (n_entries=0, leader_commit=0)
5571.4ms Leader 0 SENDING AppendEntries to vehicle 3 (n_entries=0, leader_commit=0)
5571.6ms Vehicle 1 RECEIVED AppendEntries from 0 (n_entries=0, leader_commit=0)
5571.6ms Vehicle 1 SENDING AppendEntriesResponse to 0 (success=1, current_idx=0)
5571.9ms Leader 0 RECEIVED AppendEntriesResponse from 1 (success=1, current_idx=0)
5572.2ms Vehicle 2 RECEIVED AppendEntries from 0 (n_entries=0, leader_commit=0)
5572.2ms Vehicle 2 SENDING AppendEntriesResponse to 0 (success=1, current_idx=0)
5771.4ms Leader 0 SENDING AppendEntries to vehicle 1 (n_entries=0, leader_commit=0)
5771.4ms Leader 0 SENDING AppendEntries to vehicle 2 (n_entries=0, leader_commit=0)
5771.4ms Leader 0 SENDING AppendEntries to vehicle 3 (n_entries=0, leader_commit=0)
5771.6ms Vehicle 1 RECEIVED AppendEntries from 0 (n_entries=0, leader_commit=0)
5771.6ms Vehicle 1 SENDING AppendEntriesResponse to 0 (success=1, current_idx=0)
5771.9ms Leader 0 RECEIVED AppendEntriesResponse from 1 (success=1, current_idx=0)
5772.2ms Vehicle 2 RECEIVED AppendEntries from 0 (n_entries=0, leader_commit=0)
5772.2ms Vehicle 2 SENDING AppendEntriesResponse to 0 (success=1, current_idx=0)
5772.5ms Leader 0 RECEIVED AppendEntriesResponse from 2 (success=1, current_idx=0)
5772.8ms Vehicle 3 RECEIVED AppendEntries from 0 (n_entries=0, leader_commit=0)
5772.8ms Vehicle 3 SENDING AppendEntriesResponse to 0 (success=1, current_idx=0)
5773.1ms Leader 0 RECEIVED AppendEntriesResponse from 3 (success=1, current_idx=0)
5971.4ms Leader 0 SENDING AppendEntries to vehicle 1 (n_entries=0, leader_commit=0)
5971.4ms Leader 0 SENDING AppendEntries to vehicle 2 (n_entries=0, leader_commit=0)
5971.4ms Leader 0 SENDING AppendEntries to vehicle 3 (n_entries=0, leader_commit=0)
5971.6ms Vehicle 1 RECEIVED AppendEntries from 0 (n_entries=0, leader_commit=0)
5971.6ms Vehicle 1 SENDING AppendEntriesResponse to 0 (success=1, current_idx=0)
5972.2ms Vehicle 3 RECEIVED AppendEntries from 0 (n_entries=0, leader_commit=0)
5972.2ms Vehicle 3 SENDING AppendEntriesResponse to 0 (success=1, current_idx=0)
5972.5ms Leader 0 RECEIVED AppendEntriesResponse from 3 (success=1, current_idx=0)
6171.4ms Leader 0 SENDING AppendEntries to vehicle 1 (n_entries=0, leader_commit=0)
6171.4ms Leader 0 SENDING AppendEntries to vehicle 2 (n_entries=0, leader_commit=0)
6171.4ms Leader 0 SENDING AppendEntries to vehicle 3 (n_entries=0, leader_commit=0)
6171.6ms Vehicle 1 RECEIVED AppendEntries from 0 (n_entries=0, leader_commit=0)
6171.6ms Vehicle 1 SENDING AppendEntriesResponse to 0 (success=1, current_idx=0)
6171.9ms Leader 0 RECEIVED AppendEntriesResponse from 1 (success=1, current_idx=0)
6172.2ms Vehicle 2 RECEIVED AppendEntries from 0 (n_entries=0, leader_commit=0)
6172.2ms Vehicle 2 SENDING AppendEntriesResponse to 0 (success=1, current_idx=0)
6371.4ms Leader 0 SENDING AppendEntries to vehicle 1 (n_entries=0, leader_commit=0)
6371.4ms Leader 0 SENDING AppendEntries to vehicle 2 (n_entries=0, leader_commit=0)
6371.4ms Leader 0 SENDING AppendEntries to vehicle 3 (n_entries=0, leader_commit=0)
6371.6ms Vehicle 1 RECEIVED AppendEntries from 0 (n_entries=0, leader_commit=0)
6371.6ms Vehicle 1 SENDING AppendEntriesResponse to 0 (success=1, current_idx=0)
6372.2ms Vehicle 3 RECEIVED AppendEntries from 0 (n_entries=0, leader_commit=0)
6372.2ms Vehicle 3 SENDING AppendEntriesResponse to 0 (success=1, current_idx=0)
6372.5ms Leader 0 RECEIVED AppendEntriesResponse from 3 (success=1, current_idx=0)
6571.4ms Leader 0 SENDING AppendEntries to vehicle 1 (n_entries=0, leader_commit=0)
6571.4ms Leader 0 SENDING AppendEntries to vehicle 2 (n_entries=0, leader_commit=0)
6571.4ms Leader 0 SENDING AppendEntries to vehicle 3 (n_entries=0, leader_commit=0)
6571.6ms Vehicle 1 RECEIVED AppendEntries from 0 (n_entries=0, leader_commit=0)
6571.6ms Vehicle 1 SENDING AppendEntriesResponse to 0 (success=1, current_idx=0)
6571.9ms Leader 0 RECEIVED AppendEntriesResponse from 1 (success=1, current_idx=0)
6572.2ms Vehicle 2 RECEIVED AppendEntries from 0 (n_entries=0, leader_commit=0)
6572.2ms Vehicle 2 SENDING AppendEntriesResponse to 0 (success=1, current_idx=0)
6572.5ms Leader 0 RECEIVED AppendEntriesResponse from 2 (success=1, current_idx=0)
6572.8ms Vehicle 3 RECEIVED AppendEntries from 0 (n_entries=0, leader_commit=0)
6572.8ms Vehicle 3 SENDING AppendEntriesResponse to 0 (success=1, current_idx=0)
6573.1ms Leader 0 RECEIVED AppendEntriesResponse from 3 (success=1, current_idx=0)
6771.4ms Leader 0 SENDING AppendEntries to vehicle 1 (n_entries=0, leader_commit=0)
6771.4ms Leader 0 SENDING AppendEntries to vehicle 2 (n_entries=0, leader_commit=0)
6771.4ms Leader 0 SENDING AppendEntries to vehicle 3 (n_entries=0, leader_commit=0)
6771.6ms Vehicle 1 RECEIVED AppendEntries from 0 (n_entries=0, leader_commit=0)
6771.6ms Vehicle 1 SENDING AppendEntriesResponse to 0 (success=1, current_idx=0)
6772.2ms Vehicle 3 RECEIVED AppendEntries from 0 (n_entries=0, leader_commit=0)
6772.2ms Vehicle 3 SENDING AppendEntriesResponse to 0 (success=1, current_idx=0)
6772.5ms Leader 0 RECEIVED AppendEntriesResponse from 3 (success=1, current_idx=0)
6971.4ms Leader 0 SENDING AppendEntries to vehicle 1 (n_entries=0, leader_commit=0)
6971.4ms Leader 0 SENDING AppendEntries to vehicle 2 (n_entries=0, leader_commit=0)
6971.4ms Leader 0 SENDING AppendEntries to vehicle 3 (n_entries=0, leader_commit=0)
6971.6ms Vehicle 1 RECEIVED AppendEntries from 0 (n_entries=0, leader_commit=0)
6971.6ms Vehicle 1 SENDING AppendEntriesResponse to 0 (success=1, current_idx=0)
6971.9ms Leader 0 RECEIVED AppendEntriesResponse from 1 (success=1, current_idx=0)
6972.2ms Vehicle 2 RECEIVED AppendEntries from 0 (n_entries=0, leader_commit=0)
6972.2ms Vehicle 2 SENDING AppendEntriesResponse to 0 (success=1, current_idx=0)
6972.5ms Leader 0 RECEIVED AppendEntriesResponse from 2 (success=1, current_idx=0)
6972.8ms Vehicle 3 RECEIVED AppendEntries from 0 (n_entries=0, leader_commit=0)
6972.8ms Vehicle 3 SENDING AppendEntriesResponse to 0 (success=1, current_idx=0)
6973.1ms Leader 0 RECEIVED AppendEntriesResponse from 3 (success=1, current_idx=0)
7171.4ms Leader 0 SENDING AppendEntries to vehicle 1 (n_entries=0, leader_commit=0)
7171.4ms Leader 0 SENDING AppendEntries to vehicle 2 (n_entries=0, leader_commit=0)
7171.4ms Leader 0 SENDING AppendEntries to vehicle 3 (n_entries=0, leader_commit=0)
7171.6ms Vehicle 1 RECEIVED AppendEntries from 0 (n_entries=0, leader_commit=0)
7171.6ms Vehicle 1 SENDING AppendEntriesResponse to 0 (success=1, current_idx=0)
7171.9ms Leader 0 RECEIVED AppendEntriesResponse from 1 (success=1, current_idx=0)
7172.2ms Vehicle 2 RECEIVED AppendEntries from 0 (n_entries=0, leader_commit=0)
7172.2ms Vehicle 2 SENDING AppendEntriesResponse to 0 (success=1, current_idx=0)
7371.4ms Leader 0 SENDING AppendEntries to vehicle 1 (n_entries=0, leader_commit=0)
7371.4ms Leader 0 SENDING AppendEntries to vehicle 2 (n_entries=0, leader_commit=0)
7371.4ms Leader 0 SENDING AppendEntries to vehicle 3 (n_entries=0, leader_commit=0)
7371.6ms Vehicle 1 RECEIVED AppendEntries from 0 (n_entries=0, leader_commit=0)
7371.6ms Vehicle 1 SENDING AppendEntriesResponse to 0 (success=1, current_idx=0)
7372.2ms Vehicle 3 RECEIVED AppendEntries from 0 (n_entries=0, leader_commit=0)
7372.2ms Vehicle 3 SENDING AppendEntriesResponse to 0 (success=1, current_idx=0)
7372.5ms Leader 0 RECEIVED AppendEntriesResponse from 3 (success=1, current_idx=0)
7571.4ms Leader 0 SENDING AppendEntries to vehicle 1 (n_entries=0, leader_commit=0)
7571.4ms Leader 0 SENDING AppendEntries to vehicle 2 (n_entries=0, leader_commit=0)
7571.4ms Leader 0 SENDING AppendEntries to vehicle 3 (n_entries=0, leader_commit=0)
7571.6ms Vehicle 1 RECEIVED AppendEntries from 0 (n_entries=0, leader_commit=0)
7571.6ms Vehicle 1 SENDING AppendEntriesResponse to 0 (success=1, current_idx=0)
7571.9ms Leader 0 RECEIVED AppendEntriesResponse from 1 (success=1, current_idx=0)
7572.2ms Vehicle 2 RECEIVED AppendEntries from 0 (n_entries=0, leader_commit=0)
7572.2ms Vehicle 2 SENDING AppendEntriesResponse to 0 (success=1, current_idx=0)
7572.5ms Leader 0 RECEIVED AppendEntriesResponse from 2 (success=1, current_idx=0)
7572.8ms Vehicle 3 RECEIVED AppendEntries from 0 (n_entries=0, leader_commit=0)
7572.8ms Vehicle 3 SENDING AppendEntriesResponse to 0 (success=1, current_idx=0)
7573.1ms Leader 0 RECEIVED AppendEntriesResponse from 3 (success=1, current_idx=0)
7771.4ms Leader 0 SENDING AppendEntries to vehicle 1 (n_entries=0, leader_commit=0)
7771.4ms Leader 0 SENDING AppendEntries to vehicle 2 (n_entries=0, leader_commit=0)
7771.4ms Leader 0 SENDING AppendEntries to vehicle 3 (n_entries=0, leader_commit=0)
7771.6ms Vehicle 1 RECEIVED AppendEntries from 0 (n_entries=0, leader_commit=0)
7771.6ms Vehicle 1 SENDING AppendEntriesResponse to 0 (success=1, current_idx=0)
7771.9ms Leader 0 RECEIVED AppendEntriesResponse from 1 (success=1, current_idx=0)
7772.2ms Vehicle 2 RECEIVED AppendEntries from 0 (n_entries=0, leader_commit=0)
7772.2ms Vehicle 2 SENDING AppendEntriesResponse to 0 (success=1, current_idx=0)
7772.5ms Leader 0 RECEIVED AppendEntriesResponse from 2 (success=1, current_idx=0)
7772.8ms Vehicle 3 RECEIVED AppendEntries from 0 (n_entries=0, leader_commit=0)
7772.8ms Vehicle 3 SENDING AppendEntriesResponse to 0 (success=1, current_idx=0)
7773.1ms Leader 0 RECEIVED AppendEntriesResponse from 3 (success=1, current_idx=0)
7971.4ms Leader 0 SENDING AppendEntries to vehicle 1 (n_entries=0, leader_commit=0)
7971.4ms Leader 0 SENDING AppendEntries to vehicle 2 (n_entries=0, leader_commit=0)
7971.4ms Leader 0 SENDING AppendEntries to vehicle 3 (n_entries=0, leader_commit=0)
7971.6ms Vehicle 1 RECEIVED AppendEntries from 0 (n_entries=0, leader_commit=0)
7971.6ms Vehicle 1 SENDING AppendEntriesResponse to 0 (success=1, current_idx=0)
7971.9ms Leader 0 RECEIVED AppendEntriesResponse from 1 (success=1, current_idx=0)
7972.2ms Vehicle 2 RECEIVED AppendEntries from 0 (n_entries=0, leader_commit=0)
7972.2ms Vehicle 2 SENDING AppendEntriesResponse to 0 (success=1, current_idx=0)
7972.5ms Leader 0 RECEIVED AppendEntriesResponse from 2 (success=1, current_idx=0)
7972.8ms Vehicle 3 RECEIVED AppendEntries from 0 (n_entries=0, leader_commit=0)
7972.8ms Vehicle 3 SENDING AppendEntriesResponse to 0 (success=1, current_idx=0)
7973.1ms Leader 0 RECEIVED AppendEntriesResponse from 3 (success=1, current_idx=0)
8171.4ms Leader 0 SENDING AppendEntries to vehicle 1 (n_entries=0, leader_commit=0)
8171.4ms Leader 0 SENDING AppendEntries to vehicle 2 (n_entries=0, leader_commit=0)
8171.4ms Leader 0 SENDING AppendEntries to vehicle 3 (n_entries=0, leader_commit=0)
8171.6ms Vehicle 1 RECEIVED AppendEntries from 0 (n_entries=0, leader_commit=0)
8171.6ms Vehicle 1 SENDING AppendEntriesResponse to 0 (success=1, current_idx=0)
8172.2ms Vehicle 3 RECEIVED AppendEntries from 0 (n_entries=0, leader_commit=0)
8172.2ms Vehicle 3 SENDING AppendEntriesResponse to 0 (success=1, current_idx=0)
8172.5ms Leader 0 RECEIVED AppendEntriesResponse from 3 (success=1, current_idx=0)
8371.4ms Leader 0 SENDING AppendEntries to vehicle 1 (n_entries=0, leader_commit=0)
8371.4ms Leader 0 SENDING AppendEntries to vehicle 2 (n_entries=0, leader_commit=0)
8371.4ms Leader 0 SENDING AppendEntries to vehicle 3 (n_entries=0, leader_commit=0)
8371.6ms Vehicle 1 RECEIVED AppendEntries from 0 (n_entries=0, leader_commit=0)
8371.6ms Vehicle 1 SENDING AppendEntriesResponse to 0 (success=1, current_idx=0)
8371.9ms Leader 0 RECEIVED AppendEntriesResponse from 1 (success=1, current_idx=0)
8372.2ms Vehicle 2 RECEIVED AppendEntries from 0 (n_entries=0, leader_commit=0)
8372.2ms Vehicle 2 SENDING AppendEntriesResponse to 0 (success=1, current_idx=0)
8400.0ms Vehicle 0 STOPPED at intersection (edge=-34894202#13)
8400.0ms Vehicle 0 is LEADER and just stopped, starting status collection
8400.0ms Leader 0 sending STATUS_REQUEST to all (timeout=1100ms)
8571.4ms Leader 0 SENDING AppendEntries to vehicle 1 (n_entries=0, leader_commit=0)
8571.4ms Leader 0 SENDING AppendEntries to vehicle 2 (n_entries=0, leader_commit=0)
8571.4ms Leader 0 SENDING AppendEntries to vehicle 3 (n_entries=0, leader_commit=0)
8571.6ms Vehicle 1 RECEIVED AppendEntries from 0 (n_entries=0, leader_commit=0)
8571.6ms Vehicle 1 SENDING AppendEntriesResponse to 0 (success=1, current_idx=0)
8571.9ms Leader 0 RECEIVED AppendEntriesResponse from 1 (success=1, current_idx=0)
8572.2ms Vehicle 2 RECEIVED AppendEntries from 0 (n_entries=0, leader_commit=0)
8572.2ms Vehicle 2 SENDING AppendEntriesResponse to 0 (success=1, current_idx=0)
8573.2ms Leader 0 received STATUS_RESPONSE from 2 (isLeader=1, waiting=1)
8573.2ms Leader 0 stored proposal from 2 (count=1/3)
8637.6ms Leader 0 received STATUS_RESPONSE from 1 (isLeader=1, waiting=1)
8637.6ms Leader 0 stored proposal from 1 (count=2/3)
8740.5ms Leader 0 received STATUS_RESPONSE from 3 (isLeader=1, waiting=1)
8740.5ms Leader 0 stored proposal from 3 (count=3/3)
8740.5ms Leader 0 proposePassOrder: collectedProposals has 4 entries: [0(lane=0,first=1,wait=340.5ms,blockedBy=-1), 1(lane=1,first=1,wait=8137.3ms,blockedBy=-1), 2(lane=2,first=1,wait=5973.0ms,blockedBy=-1), 3(lane=3,first=1,wait=4940.2ms,blockedBy=-1), ]
8740.5ms Vehicle 0 doLogOffer called for entry #1 (len=293)
8740.5ms Leader 0 SENDING AppendEntries to vehicle 1 (n_entries=1, leader_commit=0)
8740.5ms Leader 0 SENDING AppendEntries to vehicle 2 (n_entries=1, leader_commit=0)
8740.5ms Leader 0 SENDING AppendEntries to vehicle 3 (n_entries=1, leader_commit=0)
8740.5ms Leader 0 PROPOSED PASS_SCHEDULE entry #1 (2 batches): [1,3] -> [2,0]
  Entry 0: dataLen=293, firstByte=3
8740.7ms Vehicle 1 RECEIVED AppendEntries from 0 (n_entries=1, leader_commit=0)
8740.7ms Vehicle 1 doLogOffer called for entry #1 (len=293)
8740.7ms Vehicle 1 SENDING AppendEntriesResponse to 0 (success=1, current_idx=1)
8741.0ms Leader 0 RECEIVED AppendEntriesResponse from 1 (success=1, current_idx=1)
  Entry 0: dataLen=293, firstByte=3
8741.3ms Vehicle 2 RECEIVED AppendEntries from 0 (n_entries=1, leader_commit=0)
8741.3ms Vehicle 2 doLogOffer called for entry #1 (len=293)
8741.3ms Vehicle 2 SENDING AppendEntriesResponse to 0 (success=1, current_idx=1)
8771.4ms Leader 0 SENDING AppendEntries to vehicle 1 (n_entries=0, leader_commit=0)
8771.4ms Leader 0 SENDING AppendEntries to vehicle 2 (n_entries=1, leader_commit=0)
8771.4ms Leader 0 SENDING AppendEntries to vehicle 3 (n_entries=1, leader_commit=0)
8771.6ms Vehicle 1 RECEIVED AppendEntries from 0 (n_entries=0, leader_commit=0)
8771.6ms Vehicle 1 SENDING AppendEntriesResponse to 0 (success=1, current_idx=1)
8771.9ms Leader 0 RECEIVED AppendEntriesResponse from 1 (success=1, current_idx=1)
  Entry 0: dataLen=293, firstByte=3
8772.2ms Vehicle 2 RECEIVED AppendEntries from 0 (n_entries=1, leader_commit=0)
8772.2ms Vehicle 2 SENDING AppendEntriesResponse to 0 (success=1, current_idx=1)
8772.5ms Leader 0 RECEIVED AppendEntriesResponse from 2 (success=1, current_idx=1)
  Entry 0: dataLen=293, firstByte=3
8772.8ms Vehicle 3 RECEIVED AppendEntries from 0 (n_entries=1, leader_commit=0)
8772.8ms Vehicle 3 SENDING AppendEntriesResponse to 0 (success=0, current_idx=0)
8773.1ms Leader 0 RECEIVED AppendEntriesResponse from 3 (success=0, current_idx=0)
8871.4ms Vehicle 0 doApplyLog called for entry #1 (lastApplied=0, len=293)
8871.4ms Vehicle 0 doApplyLog type=3 (PASS_ORDER=3, PASS_COMMAND=1)
8871.4ms Vehicle 0 APPLYING committed PASS_SCHEDULE entry #1 (numBatches=2)
  Batch 0: [1,3]
  Batch 1: [2,0]
8871.4ms Vehicle 0 executes. Assigned Batch: 1 (currentBatch=0)
8871.4ms Vehicle 0 scheduling safety timer for batch 1 in 2000.0ms
8871.4ms Vehicle 0 LOST leadership
10772.5ms Leader 2 SENDING AppendEntries to vehicle 0 (n_entries=0, leader_commit=0)
10772.5ms Leader 2 SENDING AppendEntries to vehicle 1 (n_entries=0, leader_commit=0)
10772.5ms Leader 2 SENDING AppendEntries to vehicle 3 (n_entries=0, leader_commit=0)
10773.4ms Vehicle 0 RECEIVED AppendEntries from 2 (n_entries=0, leader_commit=0)
10773.4ms Vehicle 0 SENDING AppendEntriesResponse to 2 (success=1, current_idx=1)
10773.7ms Leader 2 RECEIVED AppendEntriesResponse from 0 (success=1, current_idx=1)
10773.9ms Vehicle 1 RECEIVED AppendEntries from 2 (n_entries=0, leader_commit=0)
10773.9ms Vehicle 1 SENDING AppendEntriesResponse to 2 (success=1, current_idx=1)
10871.4ms Vehicle 2 BECAME LEADER (term=12)
10871.4ms Leader 2 sending STATUS_REQUEST to all (timeout=1100ms)
10871.4ms Vehicle 0 SAFETY TIMER fired for batch 1, starting movement
10871.4ms Vehicle 0 RESUMING movement
10971.4ms Leader 2 SENDING AppendEntries to vehicle 0 (n_entries=0, leader_commit=0)
10971.4ms Leader 2 SENDING AppendEntries to vehicle 1 (n_entries=0, leader_commit=0)
10971.4ms Leader 2 SENDING AppendEntries to vehicle 3 (n_entries=0, leader_commit=0)
10971.6ms Vehicle 0 RECEIVED AppendEntries from 2 (n_entries=0, leader_commit=0)
10971.6ms Vehicle 0 SENDING AppendEntriesResponse to 2 (success=1, current_idx=1)
10971.9ms Leader 2 RECEIVED AppendEntriesResponse from 0 (success=1, current_idx=1)
10972.2ms Vehicle 1 RECEIVED AppendEntries from 2 (n_entries=0, leader_commit=0)
10972.2ms Vehicle 1 SENDING AppendEntriesResponse to 2 (success=1, current_idx=1)
10972.5ms Leader 2 RECEIVED AppendEntriesResponse from 1 (success=1, current_idx=1)
10972.8ms Vehicle 3 RECEIVED AppendEntries from 2 (n_entries=0, leader_commit=0)
10972.8ms Vehicle 3 SENDING AppendEntriesResponse to 2 (success=0, current_idx=0)
10973.1ms Leader 2 RECEIVED AppendEntriesResponse from 3 (success=0, current_idx=0)
10973.1ms Leader 2 SENDING AppendEntries to vehicle 3 (n_entries=1, leader_commit=0)
  Entry 0: dataLen=293, firstByte=3
10973.4ms Vehicle 3 RECEIVED AppendEntries from 2 (n_entries=1, leader_commit=0)
10973.4ms Vehicle 3 doLogOffer called for entry #1 (len=293)
10973.4ms Vehicle 3 SENDING AppendEntriesResponse to 2 (success=1, current_idx=1)
10973.7ms Leader 2 RECEIVED AppendEntriesResponse from 3 (success=1, current_idx=1)
11171.4ms Leader 2 SENDING AppendEntries to vehicle 0 (n_entries=0, leader_commit=0)
11171.4ms Leader 2 SENDING AppendEntries to vehicle 1 (n_entries=0, leader_commit=0)
11171.4ms Leader 2 SENDING AppendEntries to vehicle 3 (n_entries=0, leader_commit=0)
11171.6ms Vehicle 0 RECEIVED AppendEntries from 2 (n_entries=0, leader_commit=0)
11171.6ms Vehicle 0 SENDING AppendEntriesResponse to 2 (success=1, current_idx=1)
11171.9ms Leader 2 RECEIVED AppendEntriesResponse from 0 (success=1, current_idx=1)
11172.2ms Vehicle 1 RECEIVED AppendEntries from 2 (n_entries=0, leader_commit=0)
11172.2ms Vehicle 1 SENDING AppendEntriesResponse to 2 (success=1, current_idx=1)
11172.5ms Leader 2 RECEIVED AppendEntriesResponse from 1 (success=1, current_idx=1)
11172.8ms Vehicle 3 RECEIVED AppendEntries from 2 (n_entries=0, leader_commit=0)
11172.8ms Vehicle 3 SENDING AppendEntriesResponse to 2 (success=1, current_idx=1)
11173.1ms Leader 2 RECEIVED AppendEntriesResponse from 3 (success=1, current_idx=1)
11178.4ms Leader 2 received STATUS_RESPONSE from 1 (isLeader=1, waiting=1)
11178.4ms Leader 2 stored proposal from 1 (count=1/3)
11265.6ms Leader 2 received STATUS_RESPONSE from 3 (isLeader=1, waiting=1)
11265.6ms Leader 2 stored proposal from 3 (count=2/3)
11313.7ms Leader 2 received STATUS_RESPONSE from 0 (isLeader=1, waiting=1)
11313.7ms Leader 2 stored proposal from 0 (count=3/3)
11313.7ms Leader 2 proposePassOrder: collectedProposals has 4 entries: [0(lane=0,first=1,wait=2913.4ms,blockedBy=-1), 1(lane=1,first=1,wait=10678.2ms,blockedBy=-1), 2(lane=2,first=1,wait=8713.7ms,blockedBy=-1), 3(lane=3,first=1,wait=7465.3ms,blockedBy=-1), ]
11313.7ms Vehicle 2 doLogOffer called for entry #2 (len=293)
11313.7ms Leader 2 SENDING AppendEntries to vehicle 0 (n_entries=1, leader_commit=0)
11313.7ms Leader 2 SENDING AppendEntries to vehicle 1 (n_entries=1, leader_commit=0)
11313.7ms Leader 2 SENDING AppendEntries to vehicle 3 (n_entries=1, leader_commit=0)
11313.7ms Leader 2 PROPOSED PASS_SCHEDULE entry #2 (2 batches): [1,3] -> [2,0]
  Entry 0: dataLen=293, firstByte=3
11313.9ms Vehicle 0 RECEIVED AppendEntries from 2 (n_entries=1, leader_commit=0)
11313.9ms Vehicle 0 doLogOffer called for entry #2 (len=293)
11313.9ms Vehicle 0 SENDING AppendEntriesResponse to 2 (success=1, current_idx=2)
  Entry 0: dataLen=293, firstByte=3
11314.5ms Vehicle 3 RECEIVED AppendEntries from 2 (n_entries=1, leader_commit=0)
11314.5ms Vehicle 3 doLogOffer called for entry #2 (len=293)
11314.5ms Vehicle 3 SENDING AppendEntriesResponse to 2 (success=1, current_idx=2)
11314.8ms Leader 2 RECEIVED AppendEntriesResponse from 3 (success=1, current_idx=2)
11371.4ms Leader 2 SENDING AppendEntries to vehicle 0 (n_entries=1, leader_commit=0)
11371.4ms Leader 2 SENDING AppendEntries to vehicle 1 (n_entries=1, leader_commit=0)
11371.4ms Leader 2 SENDING AppendEntries to vehicle 3 (n_entries=0, leader_commit=0)
  Entry 0: dataLen=293, firstByte=3
11371.6ms Vehicle 0 RECEIVED AppendEntries from 2 (n_entries=1, leader_commit=0)
11371.6ms Vehicle 0 SENDING AppendEntriesResponse to 2 (success=1, current_idx=2)
11372.2ms Vehicle 3 RECEIVED AppendEntries from 2 (n_entries=0, leader_commit=0)
11372.2ms Vehicle 3 SENDING AppendEntriesResponse to 2 (success=1, current_idx=2)
11372.5ms Leader 2 RECEIVED AppendEntriesResponse from 3 (success=1, current_idx=2)
11571.4ms Leader 2 SENDING AppendEntries to vehicle 0 (n_entries=1, leader_commit=0)
11571.4ms Leader 2 SENDING AppendEntries to vehicle 1 (n_entries=1, leader_commit=0)
11571.4ms Leader 2 SENDING AppendEntries to vehicle 3 (n_entries=0, leader_commit=0)
  Entry 0: dataLen=293, firstByte=3
11571.6ms Vehicle 0 RECEIVED AppendEntries from 2 (n_entries=1, leader_commit=0)
11571.6ms Vehicle 0 SENDING AppendEntriesResponse to 2 (success=1, current_idx=2)
11572.2ms Vehicle 3 RECEIVED AppendEntries from 2 (n_entries=0, leader_commit=0)
11572.2ms Vehicle 3 SENDING AppendEntriesResponse to 2 (success=1, current_idx=2)
11572.5ms Leader 2 RECEIVED AppendEntriesResponse from 3 (success=1, current_idx=2)
11771.4ms Leader 2 SENDING AppendEntries to vehicle 0 (n_entries=1, leader_commit=0)
11771.4ms Leader 2 SENDING AppendEntries to vehicle 1 (n_entries=1, leader_commit=0)
11771.4ms Leader 2 SENDING AppendEntries to vehicle 3 (n_entries=0, leader_commit=0)
  Entry 0: dataLen=293, firstByte=3
11771.6ms Vehicle 0 RECEIVED AppendEntries from 2 (n_entries=1, leader_commit=0)
11771.6ms Vehicle 0 SENDING AppendEntriesResponse to 2 (success=1, current_idx=2)
11771.9ms Leader 2 RECEIVED AppendEntriesResponse from 0 (success=1, current_idx=2)
  Entry 0: dataLen=293, firstByte=3
11772.2ms Vehicle 1 RECEIVED AppendEntries from 2 (n_entries=1, leader_commit=0)
11772.2ms Vehicle 1 doLogOffer called for entry #2 (len=293)
11772.2ms Vehicle 1 SENDING AppendEntriesResponse to 2 (success=1, current_idx=2)
11772.5ms Leader 2 RECEIVED AppendEntriesResponse from 1 (success=1, current_idx=2)
11772.8ms Vehicle 3 RECEIVED AppendEntries from 2 (n_entries=0, leader_commit=0)
11772.8ms Vehicle 3 SENDING AppendEntriesResponse to 2 (success=1, current_idx=2)
11773.1ms Leader 2 RECEIVED AppendEntriesResponse from 3 (success=1, current_idx=2)
11871.4ms Vehicle 2 doApplyLog called for entry #1 (lastApplied=0, len=293)
11871.4ms Vehicle 2 doApplyLog type=3 (PASS_ORDER=3, PASS_COMMAND=1)
11871.4ms Vehicle 2 APPLYING committed PASS_SCHEDULE entry #1 (numBatches=2)
  Batch 0: [1,3]
  Batch 1: [2,0]
11871.4ms Vehicle 2 executes. Assigned Batch: 1 (currentBatch=0)
11871.4ms Vehicle 2 scheduling safety timer for batch 1 in 2000.0ms
11871.4ms Vehicle 2 doApplyLog called for entry #2 (lastApplied=1, len=293)
11871.4ms Vehicle 2 doApplyLog type=3 (PASS_ORDER=3, PASS_COMMAND=1)
11871.4ms Vehicle 2 APPLYING committed PASS_SCHEDULE entry #2 (numBatches=2)
  Batch 0: [1,3]
  Batch 1: [2,0]
11871.4ms Vehicle 2 executes. Assigned Batch: 1 (currentBatch=0)
11871.4ms Vehicle 2 scheduling safety timer for batch 1 in 2000.0ms
11971.4ms Leader 2 SENDING AppendEntries to vehicle 0 (n_entries=0, leader_commit=2)
11971.4ms Leader 2 SENDING AppendEntries to vehicle 1 (n_entries=0, leader_commit=2)
11971.4ms Leader 2 SENDING AppendEntries to vehicle 3 (n_entries=0, leader_commit=2)
11971.6ms Vehicle 0 RECEIVED AppendEntries from 2 (n_entries=0, leader_commit=2)
11971.6ms Vehicle 0 SENDING AppendEntriesResponse to 2 (success=1, current_idx=2)
11971.9ms Leader 2 RECEIVED AppendEntriesResponse from 0 (success=1, current_idx=2)
11972.2ms Vehicle 1 RECEIVED AppendEntries from 2 (n_entries=0, leader_commit=2)
11972.2ms Vehicle 1 SENDING AppendEntriesResponse to 2 (success=1, current_idx=2)
11972.5ms Leader 2 RECEIVED AppendEntriesResponse from 1 (success=1, current_idx=2)
11972.8ms Vehicle 3 RECEIVED AppendEntries from 2 (n_entries=0, leader_commit=2)
11972.8ms Vehicle 3 SENDING AppendEntriesResponse to 2 (success=1, current_idx=2)
11973.1ms Leader 2 RECEIVED AppendEntriesResponse from 3 (success=1, current_idx=2)
12070.8ms Vehicle 1 doApplyLog called for entry #1 (lastApplied=0, len=293)
12070.8ms Vehicle 1 doApplyLog type=3 (PASS_ORDER=3, PASS_COMMAND=1)
12070.8ms Vehicle 1 APPLYING committed PASS_SCHEDULE entry #1 (numBatches=2)
  Batch 0: [1,3]
  Batch 1: [2,0]
12070.8ms Vehicle 1 executes. Assigned Batch: 0 (currentBatch=0)
12070.8ms Vehicle 1 RESUMING movement
12070.8ms Vehicle 1 doApplyLog called for entry #2 (lastApplied=1, len=293)
12070.8ms Vehicle 1 doApplyLog type=3 (PASS_ORDER=3, PASS_COMMAND=1)
12070.8ms Vehicle 1 APPLYING committed PASS_SCHEDULE entry #2 (numBatches=2)
  Batch 0: [1,3]
  Batch 1: [2,0]
12070.8ms Vehicle 1 executes. Assigned Batch: 0 (currentBatch=0)
12070.8ms Vehicle 1 RESUMING movement
12071.4ms Vehicle 0 doApplyLog called for entry #2 (lastApplied=1, len=293)
12071.4ms Vehicle 0 doApplyLog type=3 (PASS_ORDER=3, PASS_COMMAND=1)
12071.4ms Vehicle 0 APPLYING committed PASS_SCHEDULE entry #2 (numBatches=2)
  Batch 0: [1,3]
  Batch 1: [2,0]
12071.4ms Vehicle 0 executes. Assigned Batch: 1 (currentBatch=0)
12071.4ms Vehicle 0 scheduling safety timer for batch 1 in 2000.0ms
12071.4ms Vehicle 3 doApplyLog called for entry #1 (lastApplied=0, len=293)
12071.4ms Vehicle 3 doApplyLog type=3 (PASS_ORDER=3, PASS_COMMAND=1)
12071.4ms Vehicle 3 APPLYING committed PASS_SCHEDULE entry #1 (numBatches=2)
  Batch 0: [1,3]
  Batch 1: [2,0]
12071.4ms Vehicle 3 executes. Assigned Batch: 0 (currentBatch=0)
12071.4ms Vehicle 3 RESUMING movement
12071.4ms Vehicle 3 doApplyLog called for entry #2 (lastApplied=1, len=293)
12071.4ms Vehicle 3 doApplyLog type=3 (PASS_ORDER=3, PASS_COMMAND=1)
12071.4ms Vehicle 3 APPLYING committed PASS_SCHEDULE entry #2 (numBatches=2)
  Batch 0: [1,3]
  Batch 1: [2,0]
12071.4ms Vehicle 3 executes. Assigned Batch: 0 (currentBatch=0)
12071.4ms Vehicle 3 RESUMING movement
12171.4ms Leader 2 SENDING AppendEntries to vehicle 0 (n_entries=0, leader_commit=2)
12171.4ms Leader 2 SENDING AppendEntries to vehicle 1 (n_entries=0, leader_commit=2)
12171.4ms Leader 2 SENDING AppendEntries to vehicle 3 (n_entries=0, leader_commit=2)
12171.6ms Vehicle 0 RECEIVED AppendEntries from 2 (n_entries=0, leader_commit=2)
12171.6ms Vehicle 0 SENDING AppendEntriesResponse to 2 (success=1, current_idx=2)
12171.9ms Leader 2 RECEIVED AppendEntriesResponse from 0 (success=1, current_idx=2)
12172.2ms Vehicle 1 RECEIVED AppendEntries from 2 (n_entries=0, leader_commit=2)
12172.2ms Vehicle 1 SENDING AppendEntriesResponse to 2 (success=1, current_idx=2)
12172.5ms Leader 2 RECEIVED AppendEntriesResponse from 1 (success=1, current_idx=2)
12172.8ms Vehicle 3 RECEIVED AppendEntries from 2 (n_entries=0, leader_commit=2)
12172.8ms Vehicle 3 SENDING AppendEntriesResponse to 2 (success=1, current_idx=2)
12173.1ms Leader 2 RECEIVED AppendEntriesResponse from 3 (success=1, current_idx=2)
12371.4ms Leader 2 SENDING AppendEntries to vehicle 0 (n_entries=0, leader_commit=2)
12371.4ms Leader 2 SENDING AppendEntries to vehicle 1 (n_entries=0, leader_commit=2)
12371.4ms Leader 2 SENDING AppendEntries to vehicle 3 (n_entries=0, leader_commit=2)
12371.6ms Vehicle 0 RECEIVED AppendEntries from 2 (n_entries=0, leader_commit=2)
12371.6ms Vehicle 0 SENDING AppendEntriesResponse to 2 (success=1, current_idx=2)
12371.9ms Leader 2 RECEIVED AppendEntriesResponse from 0 (success=1, current_idx=2)
12372.2ms Vehicle 1 RECEIVED AppendEntries from 2 (n_entries=0, leader_commit=2)
12372.2ms Vehicle 1 SENDING AppendEntriesResponse to 2 (success=1, current_idx=2)
12571.4ms Leader 2 SENDING AppendEntries to vehicle 0 (n_entries=0, leader_commit=2)
12571.4ms Leader 2 SENDING AppendEntries to vehicle 1 (n_entries=0, leader_commit=2)
12571.4ms Leader 2 SENDING AppendEntries to vehicle 3 (n_entries=0, leader_commit=2)
12571.6ms Vehicle 0 RECEIVED AppendEntries from 2 (n_entries=0, leader_commit=2)
12571.6ms Vehicle 0 SENDING AppendEntriesResponse to 2 (success=1, current_idx=2)
12571.9ms Leader 2 RECEIVED AppendEntriesResponse from 0 (success=1, current_idx=2)
12572.2ms Vehicle 1 RECEIVED AppendEntries from 2 (n_entries=0, leader_commit=2)
12572.2ms Vehicle 1 SENDING AppendEntriesResponse to 2 (success=1, current_idx=2)
12572.5ms Leader 2 RECEIVED AppendEntriesResponse from 1 (success=1, current_idx=2)
12572.8ms Vehicle 3 RECEIVED AppendEntries from 2 (n_entries=0, leader_commit=2)
12572.8ms Vehicle 3 SENDING AppendEntriesResponse to 2 (success=1, current_idx=2)
12573.1ms Leader 2 RECEIVED AppendEntriesResponse from 3 (success=1, current_idx=2)
12771.4ms Leader 2 SENDING AppendEntries to vehicle 0 (n_entries=0, leader_commit=2)
12771.4ms Leader 2 SENDING AppendEntries to vehicle 1 (n_entries=0, leader_commit=2)
12771.4ms Leader 2 SENDING AppendEntries to vehicle 3 (n_entries=0, leader_commit=2)
12771.6ms Vehicle 0 RECEIVED AppendEntries from 2 (n_entries=0, leader_commit=2)
12771.6ms Vehicle 0 SENDING AppendEntriesResponse to 2 (success=1, current_idx=2)
12771.9ms Leader 2 RECEIVED AppendEntriesResponse from 0 (success=1, current_idx=2)
12772.2ms Vehicle 1 RECEIVED AppendEntries from 2 (n_entries=0, leader_commit=2)
12772.2ms Vehicle 1 SENDING AppendEntriesResponse to 2 (success=1, current_idx=2)
12772.5ms Leader 2 RECEIVED AppendEntriesResponse from 1 (success=1, current_idx=2)
12772.8ms Vehicle 3 RECEIVED AppendEntries from 2 (n_entries=0, leader_commit=2)
12772.8ms Vehicle 3 SENDING AppendEntriesResponse to 2 (success=1, current_idx=2)
12773.1ms Leader 2 RECEIVED AppendEntriesResponse from 3 (success=1, current_idx=2)
12971.4ms Leader 2 SENDING AppendEntries to vehicle 0 (n_entries=0, leader_commit=2)
12971.4ms Leader 2 SENDING AppendEntries to vehicle 1 (n_entries=0, leader_commit=2)
12971.4ms Leader 2 SENDING AppendEntries to vehicle 3 (n_entries=0, leader_commit=2)
12971.6ms Vehicle 0 RECEIVED AppendEntries from 2 (n_entries=0, leader_commit=2)
12971.6ms Vehicle 0 SENDING AppendEntriesResponse to 2 (success=1, current_idx=2)
12971.9ms Leader 2 RECEIVED AppendEntriesResponse from 0 (success=1, current_idx=2)
12972.2ms Vehicle 1 RECEIVED AppendEntries from 2 (n_entries=0, leader_commit=2)
12972.2ms Vehicle 1 SENDING AppendEntriesResponse to 2 (success=1, current_idx=2)
12972.5ms Leader 2 RECEIVED AppendEntriesResponse from 1 (success=1, current_idx=2)
12972.8ms Vehicle 3 RECEIVED AppendEntries from 2 (n_entries=0, leader_commit=2)
12972.8ms Vehicle 3 SENDING AppendEntriesResponse to 2 (success=1, current_idx=2)
12973.1ms Leader 2 RECEIVED AppendEntriesResponse from 3 (success=1, current_idx=2)
13171.4ms Leader 2 SENDING AppendEntries to vehicle 0 (n_entries=0, leader_commit=2)
13171.4ms Leader 2 SENDING AppendEntries to vehicle 1 (n_entries=0, leader_commit=2)
13171.4ms Leader 2 SENDING AppendEntries to vehicle 3 (n_entries=0, leader_commit=2)
13171.6ms Vehicle 0 RECEIVED AppendEntries from 2 (n_entries=0, leader_commit=2)
13171.6ms Vehicle 0 SENDING AppendEntriesResponse to 2 (success=1, current_idx=2)
13171.9ms Leader 2 RECEIVED AppendEntriesResponse from 0 (success=1, current_idx=2)
13172.2ms Vehicle 1 RECEIVED AppendEntries from 2 (n_entries=0, leader_commit=2)
13172.2ms Vehicle 1 SENDING AppendEntriesResponse to 2 (success=1, current_idx=2)
13172.5ms Leader 2 RECEIVED AppendEntriesResponse from 1 (success=1, current_idx=2)
13172.8ms Vehicle 3 RECEIVED AppendEntries from 2 (n_entries=0, leader_commit=2)
13172.8ms Vehicle 3 SENDING AppendEntriesResponse to 2 (success=1, current_idx=2)
13173.1ms Leader 2 RECEIVED AppendEntriesResponse from 3 (success=1, current_idx=2)
13371.4ms Leader 2 SENDING AppendEntries to vehicle 0 (n_entries=0, leader_commit=2)
13371.4ms Leader 2 SENDING AppendEntries to vehicle 1 (n_entries=0, leader_commit=2)
13371.4ms Leader 2 SENDING AppendEntries to vehicle 3 (n_entries=0, leader_commit=2)
13371.6ms Vehicle 0 RECEIVED AppendEntries from 2 (n_entries=0, leader_commit=2)
13371.6ms Vehicle 0 SENDING AppendEntriesResponse to 2 (success=1, current_idx=2)
13372.2ms Vehicle 3 RECEIVED AppendEntries from 2 (n_entries=0, leader_commit=2)
13372.2ms Vehicle 3 SENDING AppendEntriesResponse to 2 (success=1, current_idx=2)
13372.5ms Leader 2 RECEIVED AppendEntriesResponse from 3 (success=1, current_idx=2)
13571.4ms Leader 2 SENDING AppendEntries to vehicle 0 (n_entries=0, leader_commit=2)
13571.4ms Leader 2 SENDING AppendEntries to vehicle 1 (n_entries=0, leader_commit=2)
13571.4ms Leader 2 SENDING AppendEntries to vehicle 3 (n_entries=0, leader_commit=2)
13571.6ms Vehicle 0 RECEIVED AppendEntries from 2 (n_entries=0, leader_commit=2)
13571.6ms Vehicle 0 SENDING AppendEntriesResponse to 2 (success=1, current_idx=2)
13572.2ms Vehicle 3 RECEIVED AppendEntries from 2 (n_entries=0, leader_commit=2)
13572.2ms Vehicle 3 SENDING AppendEntriesResponse to 2 (success=1, current_idx=2)
13572.5ms Leader 2 RECEIVED AppendEntriesResponse from 3 (success=1, current_idx=2)
13700.0ms Vehicle 0 LEFT intersection
13700.0ms Vehicle 0 METRICS: wait=5300.0ms, decision=3671.4ms, method=raft
13700.6ms Leader 2 proposing VEHICLE_LEFT for vehicle 0 (batch=1)
13700.6ms Vehicle 2 doLogOffer called for entry #3 (len=9)
13700.6ms Leader 2 SENDING AppendEntries to vehicle 0 (n_entries=1, leader_commit=2)
13700.6ms Leader 2 SENDING AppendEntries to vehicle 1 (n_entries=1, leader_commit=2)
13700.6ms Leader 2 SENDING AppendEntries to vehicle 3 (n_entries=1, leader_commit=2)
  Entry 0: dataLen=9, firstByte=4
13701.2ms Vehicle 1 RECEIVED AppendEntries from 2 (n_entries=1, leader_commit=2)
13701.2ms Vehicle 1 doLogOffer called for entry #3 (len=9)
13701.2ms Vehicle 1 SENDING AppendEntriesResponse to 2 (success=1, current_idx=3)
13701.4ms Leader 2 RECEIVED AppendEntriesResponse from 1 (success=1, current_idx=3)
  Entry 0: dataLen=9, firstByte=4
13701.7ms Vehicle 3 RECEIVED AppendEntries from 2 (n_entries=1, leader_commit=2)
13701.7ms Vehicle 3 doLogOffer called for entry #3 (len=9)
13701.7ms Vehicle 3 SENDING AppendEntriesResponse to 2 (success=1, current_idx=3)
13702.0ms Leader 2 RECEIVED AppendEntriesResponse from 3 (success=1, current_idx=3)
13771.4ms Leader 2 SENDING AppendEntries to vehicle 1 (n_entries=0, leader_commit=3)
13771.4ms Leader 2 SENDING AppendEntries to vehicle 3 (n_entries=0, leader_commit=3)
13771.4ms Vehicle 2 doApplyLog called for entry #3 (lastApplied=2, len=9)
13771.4ms Vehicle 2 doApplyLog type=4 (PASS_ORDER=3, PASS_COMMAND=1)
13771.4ms Vehicle 2 APPLYING committed VEHICLE_LEFT entry #3 - vehicle 0 (batch=1)
13771.4ms Vehicle 2 RAFT-COMMITTED: vehicle 0 left (batch=1)
13771.6ms Vehicle 1 RECEIVED AppendEntries from 2 (n_entries=0, leader_commit=3)
13771.6ms Vehicle 1 SENDING AppendEntriesResponse to 2 (success=1, current_idx=3)
13771.9ms Leader 2 RECEIVED AppendEntriesResponse from 1 (success=1, current_idx=3)
13772.2ms Vehicle 3 RECEIVED AppendEntries from 2 (n_entries=0, leader_commit=3)
13772.2ms Vehicle 3 SENDING AppendEntriesResponse to 2 (success=1, current_idx=3)
13772.5ms Leader 2 RECEIVED AppendEntriesResponse from 3 (success=1, current_idx=3)
13870.8ms Vehicle 1 doApplyLog called for entry #3 (lastApplied=2, len=9)
13870.8ms Vehicle 1 doApplyLog type=4 (PASS_ORDER=3, PASS_COMMAND=1)
13870.8ms Vehicle 1 APPLYING committed VEHICLE_LEFT entry #3 - vehicle 0 (batch=1)
13870.8ms Vehicle 1 RAFT-COMMITTED: vehicle 0 left (batch=1)
13871.4ms Vehicle 2 SAFETY TIMER fired for batch 1, starting movement
13871.4ms Vehicle 2 RESUMING movement
13871.4ms Vehicle 2 SAFETY TIMER fired for batch 1, starting movement
13871.4ms Vehicle 2 RESUMING movement
13871.4ms Vehicle 3 doApplyLog called for entry #3 (lastApplied=2, len=9)
13871.4ms Vehicle 3 doApplyLog type=4 (PASS_ORDER=3, PASS_COMMAND=1)
13871.4ms Vehicle 3 APPLYING committed VEHICLE_LEFT entry #3 - vehicle 0 (batch=1)
13871.4ms Vehicle 3 RAFT-COMMITTED: vehicle 0 left (batch=1)
13971.4ms Leader 2 SENDING AppendEntries to vehicle 1 (n_entries=0, leader_commit=3)
13971.4ms Leader 2 SENDING AppendEntries to vehicle 3 (n_entries=0, leader_commit=3)
13971.6ms Vehicle 1 RECEIVED AppendEntries from 2 (n_entries=0, leader_commit=3)
13971.6ms Vehicle 1 SENDING AppendEntriesResponse to 2 (success=1, current_idx=3)
13971.9ms Leader 2 RECEIVED AppendEntriesResponse from 1 (success=1, current_idx=3)
13972.2ms Vehicle 3 RECEIVED AppendEntries from 2 (n_entries=0, leader_commit=3)
13972.2ms Vehicle 3 SENDING AppendEntriesResponse to 2 (success=1, current_idx=3)
13972.5ms Leader 2 RECEIVED AppendEntriesResponse from 3 (success=1, current_idx=3)
14171.4ms Leader 2 SENDING AppendEntries to vehicle 1 (n_entries=0, leader_commit=3)
14171.4ms Leader 2 SENDING AppendEntries to vehicle 3 (n_entries=0, leader_commit=3)
14171.6ms Vehicle 1 RECEIVED AppendEntries from 2 (n_entries=0, leader_commit=3)
14171.6ms Vehicle 1 SENDING AppendEntriesResponse to 2 (success=1, current_idx=3)
14171.9ms Leader 2 RECEIVED AppendEntriesResponse from 1 (success=1, current_idx=3)
14172.2ms Vehicle 3 RECEIVED AppendEntries from 2 (n_entries=0, leader_commit=3)
14172.2ms Vehicle 3 SENDING AppendEntriesResponse to 2 (success=1, current_idx=3)
14172.5ms Leader 2 RECEIVED AppendEntriesResponse from 3 (success=1, current_idx=3)
14371.4ms Leader 2 SENDING AppendEntries to vehicle 1 (n_entries=0, leader_commit=3)
14371.4ms Leader 2 SENDING AppendEntries to vehicle 3 (n_entries=0, leader_commit=3)
14371.6ms Vehicle 1 RECEIVED AppendEntries from 2 (n_entries=0, leader_commit=3)
14371.6ms Vehicle 1 SENDING AppendEntriesResponse to 2 (success=1, current_idx=3)
14371.9ms Leader 2 RECEIVED AppendEntriesResponse from 1 (success=1, current_idx=3)
14372.2ms Vehicle 3 RECEIVED AppendEntries from 2 (n_entries=0, leader_commit=3)
14372.2ms Vehicle 3 SENDING AppendEntriesResponse to 2 (success=1, current_idx=3)
14372.5ms Leader 2 RECEIVED AppendEntriesResponse from 3 (success=1, current_idx=3)
14571.4ms Leader 2 SENDING AppendEntries to vehicle 1 (n_entries=0, leader_commit=3)
14571.4ms Leader 2 SENDING AppendEntries to vehicle 3 (n_entries=0, leader_commit=3)
14571.6ms Vehicle 1 RECEIVED AppendEntries from 2 (n_entries=0, leader_commit=3)
14571.6ms Vehicle 1 SENDING AppendEntriesResponse to 2 (success=1, current_idx=3)
14571.9ms Leader 2 RECEIVED AppendEntriesResponse from 1 (success=1, current_idx=3)
14572.2ms Vehicle 3 RECEIVED AppendEntries from 2 (n_entries=0, leader_commit=3)
14572.2ms Vehicle 3 SENDING AppendEntriesResponse to 2 (success=1, current_idx=3)
14572.5ms Leader 2 RECEIVED AppendEntriesResponse from 3 (success=1, current_idx=3)
14771.4ms Leader 2 SENDING AppendEntries to vehicle 1 (n_entries=0, leader_commit=3)
14771.4ms Leader 2 SENDING AppendEntries to vehicle 3 (n_entries=0, leader_commit=3)
14771.6ms Vehicle 1 RECEIVED AppendEntries from 2 (n_entries=0, leader_commit=3)
14771.6ms Vehicle 1 SENDING AppendEntriesResponse to 2 (success=1, current_idx=3)
14771.9ms Leader 2 RECEIVED AppendEntriesResponse from 1 (success=1, current_idx=3)
14772.2ms Vehicle 3 RECEIVED AppendEntries from 2 (n_entries=0, leader_commit=3)
14772.2ms Vehicle 3 SENDING AppendEntriesResponse to 2 (success=1, current_idx=3)
14772.5ms Leader 2 RECEIVED AppendEntriesResponse from 3 (success=1, current_idx=3)
14971.4ms Leader 2 SENDING AppendEntries to vehicle 1 (n_entries=0, leader_commit=3)
14971.4ms Leader 2 SENDING AppendEntries to vehicle 3 (n_entries=0, leader_commit=3)
14971.6ms Vehicle 1 RECEIVED AppendEntries from 2 (n_entries=0, leader_commit=3)
14971.6ms Vehicle 1 SENDING AppendEntriesResponse to 2 (success=1, current_idx=3)
15171.4ms Leader 2 SENDING AppendEntries to vehicle 1 (n_entries=0, leader_commit=3)
15171.4ms Leader 2 SENDING AppendEntries to vehicle 3 (n_entries=0, leader_commit=3)
15171.6ms Vehicle 1 RECEIVED AppendEntries from 2 (n_entries=0, leader_commit=3)
15171.6ms Vehicle 1 SENDING AppendEntriesResponse to 2 (success=1, current_idx=3)
15371.4ms Leader 2 SENDING AppendEntries to vehicle 1 (n_entries=0, leader_commit=3)
15371.4ms Leader 2 SENDING AppendEntries to vehicle 3 (n_entries=0, leader_commit=3)
15371.6ms Vehicle 1 RECEIVED AppendEntries from 2 (n_entries=0, leader_commit=3)
15371.6ms Vehicle 1 SENDING AppendEntriesResponse to 2 (success=1, current_idx=3)
15371.9ms Leader 2 RECEIVED AppendEntriesResponse from 1 (success=1, current_idx=3)
15571.4ms Leader 2 SENDING AppendEntries to vehicle 1 (n_entries=0, leader_commit=3)
15571.4ms Leader 2 SENDING AppendEntries to vehicle 3 (n_entries=0, leader_commit=3)
15571.6ms Vehicle 1 RECEIVED AppendEntries from 2 (n_entries=0, leader_commit=3)
15571.6ms Vehicle 1 SENDING AppendEntriesResponse to 2 (success=1, current_idx=3)
15571.9ms Leader 2 RECEIVED AppendEntriesResponse from 1 (success=1, current_idx=3)
15572.2ms Vehicle 3 RECEIVED AppendEntries from 2 (n_entries=0, leader_commit=3)
15572.2ms Vehicle 3 SENDING AppendEntriesResponse to 2 (success=0, current_idx=3)
15572.5ms Leader 2 RECEIVED AppendEntriesResponse from 3 (success=0, current_idx=3)
15671.4ms Vehicle 2 LOST leadership
16172.5ms Leader 3 SENDING AppendEntries to vehicle 1 (n_entries=0, leader_commit=3)
16172.5ms Leader 3 SENDING AppendEntries to vehicle 2 (n_entries=0, leader_commit=3)
16172.8ms Vehicle 1 RECEIVED AppendEntries from 3 (n_entries=0, leader_commit=3)
16172.8ms Vehicle 1 SENDING AppendEntriesResponse to 3 (success=1, current_idx=3)
16173.1ms Leader 3 RECEIVED AppendEntriesResponse from 1 (success=1, current_idx=3)
16173.4ms Vehicle 2 RECEIVED AppendEntries from 3 (n_entries=0, leader_commit=3)
16173.4ms Vehicle 2 SENDING AppendEntriesResponse to 3 (success=1, current_idx=3)
16173.7ms Leader 3 RECEIVED AppendEntriesResponse from 2 (success=1, current_idx=3)
16271.4ms Vehicle 3 BECAME LEADER (term=15)
16371.4ms Leader 3 SENDING AppendEntries to vehicle 1 (n_entries=0, leader_commit=3)
16371.4ms Leader 3 SENDING AppendEntries to vehicle 2 (n_entries=0, leader_commit=3)
16371.6ms Vehicle 1 RECEIVED AppendEntries from 3 (n_entries=0, leader_commit=3)
16371.6ms Vehicle 1 SENDING AppendEntriesResponse to 3 (success=1, current_idx=3)
16371.9ms Leader 3 RECEIVED AppendEntriesResponse from 1 (success=1, current_idx=3)
16372.2ms Vehicle 2 RECEIVED AppendEntries from 3 (n_entries=0, leader_commit=3)
16372.2ms Vehicle 2 SENDING AppendEntriesResponse to 3 (success=1, current_idx=3)
16372.5ms Leader 3 RECEIVED AppendEntriesResponse from 2 (success=1, current_idx=3)
16571.4ms Leader 3 SENDING AppendEntries to vehicle 1 (n_entries=0, leader_commit=3)
16571.4ms Leader 3 SENDING AppendEntries to vehicle 2 (n_entries=0, leader_commit=3)
16571.6ms Vehicle 1 RECEIVED AppendEntries from 3 (n_entries=0, leader_commit=3)
16571.6ms Vehicle 1 SENDING AppendEntriesResponse to 3 (success=1, current_idx=3)
16571.9ms Leader 3 RECEIVED AppendEntriesResponse from 1 (success=1, current_idx=3)
16572.2ms Vehicle 2 RECEIVED AppendEntries from 3 (n_entries=0, leader_commit=3)
16572.2ms Vehicle 2 SENDING AppendEntriesResponse to 3 (success=1, current_idx=3)
16572.5ms Leader 3 RECEIVED AppendEntriesResponse from 2 (success=1, current_idx=3)
16771.4ms Leader 3 SENDING AppendEntries to vehicle 1 (n_entries=0, leader_commit=3)
16771.4ms Leader 3 SENDING AppendEntries to vehicle 2 (n_entries=0, leader_commit=3)
16771.6ms Vehicle 1 RECEIVED AppendEntries from 3 (n_entries=0, leader_commit=3)
16771.6ms Vehicle 1 SENDING AppendEntriesResponse to 3 (success=1, current_idx=3)
16771.9ms Leader 3 RECEIVED AppendEntriesResponse from 1 (success=1, current_idx=3)
16772.2ms Vehicle 2 RECEIVED AppendEntries from 3 (n_entries=0, leader_commit=3)
16772.2ms Vehicle 2 SENDING AppendEntriesResponse to 3 (success=1, current_idx=3)
16772.5ms Leader 3 RECEIVED AppendEntriesResponse from 2 (success=1, current_idx=3)
16971.4ms Leader 3 SENDING AppendEntries to vehicle 1 (n_entries=0, leader_commit=3)
16971.4ms Leader 3 SENDING AppendEntries to vehicle 2 (n_entries=0, leader_commit=3)
16971.6ms Vehicle 1 RECEIVED AppendEntries from 3 (n_entries=0, leader_commit=3)
16971.6ms Vehicle 1 SENDING AppendEntriesResponse to 3 (success=1, current_idx=3)
17171.4ms Leader 3 SENDING AppendEntries to vehicle 1 (n_entries=0, leader_commit=3)
17171.4ms Leader 3 SENDING AppendEntries to vehicle 2 (n_entries=0, leader_commit=3)
17172.2ms Vehicle 2 RECEIVED AppendEntries from 3 (n_entries=0, leader_commit=3)
17172.2ms Vehicle 2 SENDING AppendEntriesResponse to 3 (success=0, current_idx=3)
17173.1ms Leader 3 RECEIVED AppendEntriesResponse from 2 (success=0, current_idx=3)
17271.4ms Vehicle 3 LOST leadership
17572.5ms Leader 2 SENDING AppendEntries to vehicle 1 (n_entries=0, leader_commit=3)
17572.5ms Leader 2 SENDING AppendEntries to vehicle 3 (n_entries=0, leader_commit=3)
17572.8ms Vehicle 1 RECEIVED AppendEntries from 2 (n_entries=0, leader_commit=3)
17572.8ms Vehicle 1 SENDING AppendEntriesResponse to 2 (success=1, current_idx=3)
17573.0ms Leader 2 RECEIVED AppendEntriesResponse from 1 (success=1, current_idx=3)
17573.4ms Vehicle 3 RECEIVED AppendEntries from 2 (n_entries=0, leader_commit=3)
17573.4ms Vehicle 3 SENDING AppendEntriesResponse to 2 (success=1, current_idx=3)
17573.6ms Leader 2 RECEIVED AppendEntriesResponse from 3 (success=1, current_idx=3)
17671.4ms Vehicle 2 BECAME LEADER (term=17)
17771.4ms Leader 2 SENDING AppendEntries to vehicle 1 (n_entries=0, leader_commit=3)
17771.4ms Leader 2 SENDING AppendEntries to vehicle 3 (n_entries=0, leader_commit=3)
17771.6ms Vehicle 1 RECEIVED AppendEntries from 2 (n_entries=0, leader_commit=3)
17771.6ms Vehicle 1 SENDING AppendEntriesResponse to 2 (success=1, current_idx=3)
17771.9ms Leader 2 RECEIVED AppendEntriesResponse from 1 (success=1, current_idx=3)
17772.2ms Vehicle 3 RECEIVED AppendEntries from 2 (n_entries=0, leader_commit=3)
17772.2ms Vehicle 3 SENDING AppendEntriesResponse to 2 (success=1, current_idx=3)
17772.5ms Leader 2 RECEIVED AppendEntriesResponse from 3 (success=1, current_idx=3)
17971.4ms Leader 2 SENDING AppendEntries to vehicle 1 (n_entries=0, leader_commit=3)
17971.4ms Leader 2 SENDING AppendEntries to vehicle 3 (n_entries=0, leader_commit=3)
17971.6ms Vehicle 1 RECEIVED AppendEntries from 2 (n_entries=0, leader_commit=3)
17971.6ms Vehicle 1 SENDING AppendEntriesResponse to 2 (success=1, current_idx=3)
17971.9ms Leader 2 RECEIVED AppendEntriesResponse from 1 (success=1, current_idx=3)
17972.2ms Vehicle 3 RECEIVED AppendEntries from 2 (n_entries=0, leader_commit=3)
17972.2ms Vehicle 3 SENDING AppendEntriesResponse to 2 (success=1, current_idx=3)
17972.5ms Leader 2 RECEIVED AppendEntriesResponse from 3 (success=1, current_idx=3)
18100.0ms Vehicle 2 LEFT intersection
18100.0ms Leader 2 proposing VEHICLE_LEFT for vehicle 2 (batch=1)
18100.0ms Vehicle 2 doLogOffer called for entry #4 (len=9)
18100.0ms Leader 2 SENDING AppendEntries to vehicle 1 (n_entries=1, leader_commit=3)
18100.0ms Leader 2 SENDING AppendEntries to vehicle 3 (n_entries=1, leader_commit=3)
18100.0ms Vehicle 2 METRICS: wait=15500.0ms, decision=9271.4ms, method=raft
  Entry 0: dataLen=9, firstByte=4
18100.5ms Vehicle 1 RECEIVED AppendEntries from 2 (n_entries=1, leader_commit=3)
18100.5ms Vehicle 1 doLogOffer called for entry #4 (len=9)
18100.5ms Vehicle 1 SENDING AppendEntriesResponse to 2 (success=1, current_idx=4)
  Entry 0: dataLen=9, firstByte=4
18101.1ms Vehicle 3 RECEIVED AppendEntries from 2 (n_entries=1, leader_commit=3)
18101.1ms Vehicle 3 doLogOffer called for entry #4 (len=9)
18101.1ms Vehicle 3 SENDING AppendEntriesResponse to 2 (success=1, current_idx=4)
18171.4ms Leader 2 SENDING AppendEntries to vehicle 1 (n_entries=1, leader_commit=3)
18171.4ms Leader 2 SENDING AppendEntries to vehicle 3 (n_entries=1, leader_commit=3)
  Entry 0: dataLen=9, firstByte=4
18171.6ms Vehicle 1 RECEIVED AppendEntries from 2 (n_entries=1, leader_commit=3)
18171.6ms Vehicle 1 SENDING AppendEntriesResponse to 2 (success=1, current_idx=4)
  Entry 0: dataLen=9, firstByte=4
18172.2ms Vehicle 3 RECEIVED AppendEntries from 2 (n_entries=1, leader_commit=3)
18172.2ms Vehicle 3 SENDING AppendEntriesResponse to 2 (success=1, current_idx=4)
18900.0ms Vehicle 3 LEFT intersection
18900.0ms Vehicle 3 METRICS: wait=15100.0ms, decision=8271.4ms, method=raft
19400.0ms Vehicle 1 LEFT intersection
19400.0ms Vehicle 1 METRICS: wait=18900.0ms, decision=11300.0ms, method=raft
All 4 vehicles completed. Terminating simulation.
** Event #18262   t=19.4   Elapsed: 0.452785s (0m 00s)  6% completed  (6% total)
     Speed:     ev/sec=40333.5   simsec/sec=42.783   ev/simsec=942.746
     Messages:  created: 14817   present: 61   in FES: 9

<!> Simulation stopped with endSimulation() -- in module (WillemtRaftWaveApplication) IntersectionScenarioWave.node[1].appl (id=15), at t=19.4s, event #18262

Calling finish() at end of Run #0...

End.
