OMNeT++ Discrete Event Simulation  (C) 1992-2019 Andras Varga, OpenSim Ltd.
Version: 5.6.2, build: 200518-aa79d0918f, edition: Academic Public License -- NOT FOR COMMERCIAL USE
See the license for distribution terms and warranty disclaimer

Setting up Cmdenv...

Loading NED files from ..:  9
Loading NED files from ../../src:  11
Loading NED files from ../../../inet/src:  831
Loading NED files from ../../../inet/examples:  174
Loading NED files from ../../../inet/tutorials:  10
Loading NED files from ../../../inet/showcases:  46
Loading NED files from ../../../../veins/examples/veins:  1
Loading NED files from ../../../../veins/src/veins:  44

Preparing for running configuration General, run #0...
Assigned runID=General-0-20260225-00:10:22-461372
Setting up network "IntersectionScenarioInet"...
Initializing...

Running simulation...
** Event #0   t=0   Elapsed: 7e-06s (0m 00s)  0% completed  (0% total)
     Speed:     ev/sec=0   simsec/sec=0   ev/simsec=0
     Messages:  created: 3   present: 3   in FES: 3
Vehicle RAFT (UDP) starting application.
Vehicle 0 edge config: 4 approach, 4 exit edges
Opened results file: /home/mathesh/omnetpp-workspace/benchmark/results/raft_8veh_report/run_3/raft_results.json
Vehicle RAFT (UDP) starting application.
Vehicle 1 edge config: 4 approach, 4 exit edges
Vehicle RAFT (UDP) starting application.
Vehicle 2 edge config: 4 approach, 4 exit edges
Vehicle RAFT (UDP) starting application.
Vehicle 3 edge config: 4 approach, 4 exit edges
Vehicle RAFT (UDP) starting application.
Vehicle 4 edge config: 4 approach, 4 exit edges
Vehicle RAFT (UDP) starting application.
Vehicle 5 edge config: 4 approach, 4 exit edges
Vehicle RAFT (UDP) starting application.
Vehicle 6 edge config: 4 approach, 4 exit edges
Vehicle RAFT (UDP) starting application.
Vehicle 7 edge config: 4 approach, 4 exit edges
2300.0ms Vehicle 2 STOPPED (front) at dist=24.9m
Vehicle RAFT (UDP) starting application.
Vehicle 8 edge config: 4 approach, 4 exit edges
3500.0ms Vehicle 1 STOPPED (front) at dist=24.9m
Vehicle RAFT (UDP) starting application.
Vehicle 9 edge config: 4 approach, 4 exit edges
4575.9ms Vehicle 2 CLUSTER FORMATION (all 8 vehicles discovered)
4575.9ms Vehicle 2 FORMING CLUSTER with 8 members: [
0 1 2 3 4 5 6 7 ]
4576.2ms Vehicle 9 FORMING CLUSTER with 9 members: [
0 1 2 3 4 5 6 7 9 ]
4576.2ms Vehicle 1 FORMING CLUSTER with 8 members: [
0 1 2 3 4 5 6 7 ]
4576.2ms Vehicle 8 FORMING CLUSTER with 9 members: [
0 1 2 3 4 5 6 7 8 ]
4576.2ms Vehicle 3 FORMING CLUSTER with 8 members: [
0 1 2 3 4 5 6 7 ]
4576.4ms Vehicle 7 FORMING CLUSTER with 8 members: [
0 1 2 3 4 5 6 7 ]
4576.7ms Vehicle 4 FORMING CLUSTER with 8 members: [
0 1 2 3 4 5 6 7 ]
4577.1ms Vehicle 0 FORMING CLUSTER with 8 members: [
0 1 2 3 4 5 6 7 ]
4615.9ms Vehicle 2 processRaftPeriodic executes! delta=0.02, msecElapsed=20
4616.2ms Vehicle 9 processRaftPeriodic executes! delta=0.02, msecElapsed=20
4616.2ms Vehicle 1 processRaftPeriodic executes! delta=0.02, msecElapsed=20
4616.2ms Vehicle 8 processRaftPeriodic executes! delta=0.02, msecElapsed=20
4616.2ms Vehicle 3 processRaftPeriodic executes! delta=0.02, msecElapsed=20
4616.4ms Vehicle 7 processRaftPeriodic executes! delta=0.02, msecElapsed=20
4616.7ms Vehicle 4 processRaftPeriodic executes! delta=0.02, msecElapsed=20
4617.1ms Vehicle 0 processRaftPeriodic executes! delta=0.02, msecElapsed=20
4635.9ms Vehicle 2 processRaftPeriodic executes! delta=0.02, msecElapsed=20
4636.2ms Vehicle 9 processRaftPeriodic executes! delta=0.02, msecElapsed=20
5375.9ms Vehicle 2 sendRequestVote called for node 1
5375.9ms Vehicle 2 sendRequestVote called for node 2
5375.9ms Vehicle 2 sendRequestVote called for node 4
5375.9ms Vehicle 2 sendRequestVote called for node 5
5375.9ms Vehicle 2 sendRequestVote called for node 6
5375.9ms Vehicle 2 sendRequestVote called for node 7
5375.9ms Vehicle 2 sendRequestVote called for node 8
5375.9ms Vehicle 2 RAFT STATE CHANGED from 1 to 2
5375.9ms Vehicle 2 I am a candidate now! Starting election...
5577.1ms Vehicle 0 sendRequestVote called for node 2
5577.1ms Vehicle 0 sendRequestVote called for node 3
5577.1ms Vehicle 0 sendRequestVote called for node 4
5577.1ms Vehicle 0 sendRequestVote called for node 5
5577.1ms Vehicle 0 sendRequestVote called for node 6
5577.1ms Vehicle 0 sendRequestVote called for node 7
5577.1ms Vehicle 0 sendRequestVote called for node 8
5577.1ms Vehicle 0 RAFT STATE CHANGED from 1 to 2
5577.1ms Vehicle 0 I am a candidate now! Starting election...
5600.0ms Vehicle 3 STOPPED (front) at dist=24.5m
5696.2ms Vehicle 9 sendRequestVote called for node 1
5696.2ms Vehicle 9 sendRequestVote called for node 2
5696.2ms Vehicle 9 sendRequestVote called for node 3
5696.2ms Vehicle 9 sendRequestVote called for node 4
5696.2ms Vehicle 9 sendRequestVote called for node 5
5696.2ms Vehicle 9 sendRequestVote called for node 6
5696.2ms Vehicle 9 sendRequestVote called for node 7
5696.2ms Vehicle 9 sendRequestVote called for node 8
5696.2ms Vehicle 9 RAFT STATE CHANGED from 1 to 2
5696.2ms Vehicle 9 I am a candidate now! Starting election...
5736.2ms Vehicle 8 sendRequestVote called for node 1
5736.2ms Vehicle 8 sendRequestVote called for node 2
5736.2ms Vehicle 8 sendRequestVote called for node 3
5736.2ms Vehicle 8 sendRequestVote called for node 4
5736.2ms Vehicle 8 sendRequestVote called for node 5
5736.2ms Vehicle 8 sendRequestVote called for node 6
5736.2ms Vehicle 8 sendRequestVote called for node 7
5736.2ms Vehicle 8 sendRequestVote called for node 8
5736.2ms Vehicle 8 RAFT STATE CHANGED from 1 to 2
5736.2ms Vehicle 8 I am a candidate now! Starting election...
5916.4ms Vehicle 7 sendRequestVote called for node 1
5916.4ms Vehicle 7 sendRequestVote called for node 2
5916.4ms Vehicle 7 sendRequestVote called for node 3
5916.4ms Vehicle 7 sendRequestVote called for node 4
5916.4ms Vehicle 7 sendRequestVote called for node 5
5916.4ms Vehicle 7 sendRequestVote called for node 6
5916.4ms Vehicle 7 sendRequestVote called for node 7
5916.4ms Vehicle 7 RAFT STATE CHANGED from 1 to 2
5916.4ms Vehicle 7 I am a candidate now! Starting election...
6596.7ms Vehicle 4 sendRequestVote called for node 1
6596.7ms Vehicle 4 sendRequestVote called for node 2
6596.7ms Vehicle 4 sendRequestVote called for node 3
6596.7ms Vehicle 4 sendRequestVote called for node 4
6596.7ms Vehicle 4 sendRequestVote called for node 6
6596.7ms Vehicle 4 sendRequestVote called for node 7
6596.7ms Vehicle 4 sendRequestVote called for node 8
6596.7ms Vehicle 4 RAFT STATE CHANGED from 1 to 2
6596.7ms Vehicle 4 I am a candidate now! Starting election...
6716.2ms Vehicle 1 sendRequestVote called for node 1
6716.2ms Vehicle 1 sendRequestVote called for node 3
6716.2ms Vehicle 1 sendRequestVote called for node 4
6716.2ms Vehicle 1 sendRequestVote called for node 5
6716.2ms Vehicle 1 sendRequestVote called for node 6
6716.2ms Vehicle 1 sendRequestVote called for node 7
6716.2ms Vehicle 1 sendRequestVote called for node 8
6716.2ms Vehicle 1 RAFT STATE CHANGED from 1 to 2
6716.2ms Vehicle 1 I am a candidate now! Starting election...
6736.2ms Vehicle 8 sendRequestVote called for node 1
6736.2ms Vehicle 8 sendRequestVote called for node 2
6736.2ms Vehicle 8 sendRequestVote called for node 3
6736.2ms Vehicle 8 sendRequestVote called for node 4
6736.2ms Vehicle 8 sendRequestVote called for node 5
6736.2ms Vehicle 8 sendRequestVote called for node 6
6736.2ms Vehicle 8 sendRequestVote called for node 7
6736.2ms Vehicle 8 sendRequestVote called for node 8
7076.2ms Vehicle 9 sendRequestVote called for node 1
7076.2ms Vehicle 9 sendRequestVote called for node 2
7076.2ms Vehicle 9 sendRequestVote called for node 3
7076.2ms Vehicle 9 sendRequestVote called for node 4
7076.2ms Vehicle 9 sendRequestVote called for node 5
7076.2ms Vehicle 9 sendRequestVote called for node 6
7076.2ms Vehicle 9 sendRequestVote called for node 7
7076.2ms Vehicle 9 sendRequestVote called for node 8
7596.4ms Vehicle 7 sendRequestVote called for node 1
7596.4ms Vehicle 7 sendRequestVote called for node 2
7596.4ms Vehicle 7 sendRequestVote called for node 3
7596.4ms Vehicle 7 sendRequestVote called for node 4
7596.4ms Vehicle 7 sendRequestVote called for node 5
7596.4ms Vehicle 7 sendRequestVote called for node 6
7596.4ms Vehicle 7 sendRequestVote called for node 7
7596.4ms Vehicle 7 RAFT STATE CHANGED from 1 to 2
7596.4ms Vehicle 7 I am a candidate now! Starting election...
7800.0ms Vehicle 7 QUEUED at dist=33.0m speed=1.4m/s
7876.2ms Vehicle 8 sendRequestVote called for node 1
7876.2ms Vehicle 8 sendRequestVote called for node 2
7876.2ms Vehicle 8 sendRequestVote called for node 3
7876.2ms Vehicle 8 sendRequestVote called for node 4
7876.2ms Vehicle 8 sendRequestVote called for node 5
7876.2ms Vehicle 8 sendRequestVote called for node 6
7876.2ms Vehicle 8 sendRequestVote called for node 7
7876.2ms Vehicle 8 sendRequestVote called for node 8
8216.2ms Vehicle 1 sendRequestVote called for node 1
8216.2ms Vehicle 1 sendRequestVote called for node 3
8216.2ms Vehicle 1 sendRequestVote called for node 4
8216.2ms Vehicle 1 sendRequestVote called for node 5
8216.2ms Vehicle 1 sendRequestVote called for node 6
8216.2ms Vehicle 1 sendRequestVote called for node 7
8216.2ms Vehicle 1 sendRequestVote called for node 8
8216.2ms Vehicle 1 RAFT STATE CHANGED from 1 to 2
8216.2ms Vehicle 1 I am a candidate now! Starting election...
8436.7ms Vehicle 4 sendRequestVote called for node 1
8436.7ms Vehicle 4 sendRequestVote called for node 2
8436.7ms Vehicle 4 sendRequestVote called for node 3
8436.7ms Vehicle 4 sendRequestVote called for node 4
8436.7ms Vehicle 4 sendRequestVote called for node 6
8436.7ms Vehicle 4 sendRequestVote called for node 7
8436.7ms Vehicle 4 sendRequestVote called for node 8
8436.7ms Vehicle 4 RAFT STATE CHANGED from 1 to 2
8436.7ms Vehicle 4 I am a candidate now! Starting election...
8476.2ms Vehicle 9 sendRequestVote called for node 1
8476.2ms Vehicle 9 sendRequestVote called for node 2
8476.2ms Vehicle 9 sendRequestVote called for node 3
8476.2ms Vehicle 9 sendRequestVote called for node 4
8476.2ms Vehicle 9 sendRequestVote called for node 5
8476.2ms Vehicle 9 sendRequestVote called for node 6
8476.2ms Vehicle 9 sendRequestVote called for node 7
8476.2ms Vehicle 9 sendRequestVote called for node 8
8836.4ms Vehicle 7 sendRequestVote called for node 1
8836.4ms Vehicle 7 sendRequestVote called for node 2
8836.4ms Vehicle 7 sendRequestVote called for node 3
8836.4ms Vehicle 7 sendRequestVote called for node 4
8836.4ms Vehicle 7 sendRequestVote called for node 5
8836.4ms Vehicle 7 sendRequestVote called for node 6
8836.4ms Vehicle 7 sendRequestVote called for node 7
8836.4ms Vehicle 7 RAFT STATE CHANGED from 1 to 2
8836.4ms Vehicle 7 I am a candidate now! Starting election...
8838.3ms Leader 7 SENDING AppendEntries to vehicle 0 (n_entries=0, leader_commit=0)
8838.3ms Leader 7 SENDING AppendEntries to vehicle 1 (n_entries=0, leader_commit=0)
8838.3ms Leader 7 SENDING AppendEntries to vehicle 2 (n_entries=0, leader_commit=0)
8838.3ms Leader 7 SENDING AppendEntries to vehicle 3 (n_entries=0, leader_commit=0)
8838.3ms Leader 7 SENDING AppendEntries to vehicle 4 (n_entries=0, leader_commit=0)
8838.3ms Leader 7 SENDING AppendEntries to vehicle 5 (n_entries=0, leader_commit=0)
8838.3ms Leader 7 SENDING AppendEntries to vehicle 6 (n_entries=0, leader_commit=0)
8839.4ms Vehicle 1 RECEIVED AppendEntries from vehicle 7 (n_entries=0, leader_commit=0)
8839.8ms Vehicle 2 RECEIVED AppendEntries from vehicle 7 (n_entries=0, leader_commit=0)
8840.2ms Vehicle 3 RECEIVED AppendEntries from vehicle 7 (n_entries=0, leader_commit=0)
8840.4ms Vehicle 4 RECEIVED AppendEntries from vehicle 7 (n_entries=0, leader_commit=0)
8856.4ms Vehicle 7 BECAME LEADER (term=6)
8856.4ms Leader 7 sending STATUS_REQUEST (timeout=1700ms)
8976.4ms Leader 7 SENDING AppendEntries to vehicle 0 (n_entries=0, leader_commit=0)
8976.4ms Leader 7 SENDING AppendEntries to vehicle 1 (n_entries=0, leader_commit=0)
8976.4ms Leader 7 SENDING AppendEntries to vehicle 2 (n_entries=0, leader_commit=0)
8976.4ms Leader 7 SENDING AppendEntries to vehicle 3 (n_entries=0, leader_commit=0)
8976.4ms Leader 7 SENDING AppendEntries to vehicle 4 (n_entries=0, leader_commit=0)
8976.4ms Leader 7 SENDING AppendEntries to vehicle 5 (n_entries=0, leader_commit=0)
8976.4ms Leader 7 SENDING AppendEntries to vehicle 6 (n_entries=0, leader_commit=0)
8976.8ms Vehicle 1 RECEIVED AppendEntries from vehicle 7 (n_entries=0, leader_commit=0)
8977.3ms Vehicle 2 RECEIVED AppendEntries from vehicle 7 (n_entries=0, leader_commit=0)
8977.6ms Vehicle 3 RECEIVED AppendEntries from vehicle 7 (n_entries=0, leader_commit=0)
8978.0ms Vehicle 4 RECEIVED AppendEntries from vehicle 7 (n_entries=0, leader_commit=0)
9116.4ms Leader 7 SENDING AppendEntries to vehicle 0 (n_entries=0, leader_commit=0)
9116.4ms Leader 7 SENDING AppendEntries to vehicle 1 (n_entries=0, leader_commit=0)
9116.4ms Leader 7 SENDING AppendEntries to vehicle 2 (n_entries=0, leader_commit=0)
9116.4ms Leader 7 SENDING AppendEntries to vehicle 3 (n_entries=0, leader_commit=0)
9116.4ms Leader 7 SENDING AppendEntries to vehicle 4 (n_entries=0, leader_commit=0)
9116.4ms Leader 7 SENDING AppendEntries to vehicle 5 (n_entries=0, leader_commit=0)
9116.4ms Leader 7 SENDING AppendEntries to vehicle 6 (n_entries=0, leader_commit=0)
9116.5ms Vehicle 0 RECEIVED AppendEntries from vehicle 7 (n_entries=0, leader_commit=0)
9116.7ms Vehicle 1 RECEIVED AppendEntries from vehicle 7 (n_entries=0, leader_commit=0)
9117.3ms Vehicle 2 RECEIVED AppendEntries from vehicle 7 (n_entries=0, leader_commit=0)
9117.7ms Vehicle 3 RECEIVED AppendEntries from vehicle 7 (n_entries=0, leader_commit=0)
9256.4ms Leader 7 SENDING AppendEntries to vehicle 0 (n_entries=0, leader_commit=0)
9256.4ms Leader 7 SENDING AppendEntries to vehicle 1 (n_entries=0, leader_commit=0)
9256.4ms Leader 7 SENDING AppendEntries to vehicle 2 (n_entries=0, leader_commit=0)
9256.4ms Leader 7 SENDING AppendEntries to vehicle 3 (n_entries=0, leader_commit=0)
9256.4ms Leader 7 SENDING AppendEntries to vehicle 4 (n_entries=0, leader_commit=0)
9256.4ms Leader 7 SENDING AppendEntries to vehicle 5 (n_entries=0, leader_commit=0)
9256.4ms Leader 7 SENDING AppendEntries to vehicle 6 (n_entries=0, leader_commit=0)
9256.5ms Vehicle 0 RECEIVED AppendEntries from vehicle 7 (n_entries=0, leader_commit=0)
9256.9ms Vehicle 1 RECEIVED AppendEntries from vehicle 7 (n_entries=0, leader_commit=0)
9257.7ms Vehicle 3 RECEIVED AppendEntries from vehicle 7 (n_entries=0, leader_commit=0)
9258.0ms Vehicle 4 RECEIVED AppendEntries from vehicle 7 (n_entries=0, leader_commit=0)
9296.2ms Vehicle 9 sendRequestVote called for node 1
9296.2ms Vehicle 9 sendRequestVote called for node 2
9296.2ms Vehicle 9 sendRequestVote called for node 3
9296.2ms Vehicle 9 sendRequestVote called for node 4
9296.2ms Vehicle 9 sendRequestVote called for node 5
9296.2ms Vehicle 9 sendRequestVote called for node 6
9296.2ms Vehicle 9 sendRequestVote called for node 7
9296.2ms Vehicle 9 sendRequestVote called for node 8
9396.4ms Leader 7 SENDING AppendEntries to vehicle 0 (n_entries=0, leader_commit=0)
9396.4ms Leader 7 SENDING AppendEntries to vehicle 1 (n_entries=0, leader_commit=0)
9396.4ms Leader 7 SENDING AppendEntries to vehicle 2 (n_entries=0, leader_commit=0)
9396.4ms Leader 7 SENDING AppendEntries to vehicle 3 (n_entries=0, leader_commit=0)
9396.4ms Leader 7 SENDING AppendEntries to vehicle 4 (n_entries=0, leader_commit=0)
9396.4ms Leader 7 SENDING AppendEntries to vehicle 5 (n_entries=0, leader_commit=0)
9396.4ms Leader 7 SENDING AppendEntries to vehicle 6 (n_entries=0, leader_commit=0)
9396.5ms Vehicle 0 RECEIVED AppendEntries from vehicle 7 (n_entries=0, leader_commit=0)
9396.8ms Vehicle 1 RECEIVED AppendEntries from vehicle 7 (n_entries=0, leader_commit=0)
9396.9ms Vehicle 2 RECEIVED AppendEntries from vehicle 7 (n_entries=0, leader_commit=0)
9397.1ms Vehicle 3 RECEIVED AppendEntries from vehicle 7 (n_entries=0, leader_commit=0)
9397.4ms Vehicle 4 RECEIVED AppendEntries from vehicle 7 (n_entries=0, leader_commit=0)
9536.4ms Leader 7 SENDING AppendEntries to vehicle 0 (n_entries=0, leader_commit=0)
9536.4ms Leader 7 SENDING AppendEntries to vehicle 1 (n_entries=0, leader_commit=0)
9536.4ms Leader 7 SENDING AppendEntries to vehicle 2 (n_entries=0, leader_commit=0)
9536.4ms Leader 7 SENDING AppendEntries to vehicle 3 (n_entries=0, leader_commit=0)
9536.4ms Leader 7 SENDING AppendEntries to vehicle 4 (n_entries=0, leader_commit=0)
9536.4ms Leader 7 SENDING AppendEntries to vehicle 5 (n_entries=0, leader_commit=0)
9536.4ms Leader 7 SENDING AppendEntries to vehicle 6 (n_entries=0, leader_commit=0)
9536.5ms Vehicle 0 RECEIVED AppendEntries from vehicle 7 (n_entries=0, leader_commit=0)
9536.6ms Vehicle 1 RECEIVED AppendEntries from vehicle 7 (n_entries=0, leader_commit=0)
9537.1ms Vehicle 2 RECEIVED AppendEntries from vehicle 7 (n_entries=0, leader_commit=0)
9537.5ms Vehicle 3 RECEIVED AppendEntries from vehicle 7 (n_entries=0, leader_commit=0)
9676.4ms Leader 7 SENDING AppendEntries to vehicle 0 (n_entries=0, leader_commit=0)
9676.4ms Leader 7 SENDING AppendEntries to vehicle 1 (n_entries=0, leader_commit=0)
9676.4ms Leader 7 SENDING AppendEntries to vehicle 2 (n_entries=0, leader_commit=0)
9676.4ms Leader 7 SENDING AppendEntries to vehicle 3 (n_entries=0, leader_commit=0)
9676.4ms Leader 7 SENDING AppendEntries to vehicle 4 (n_entries=0, leader_commit=0)
9676.4ms Leader 7 SENDING AppendEntries to vehicle 5 (n_entries=0, leader_commit=0)
9676.4ms Leader 7 SENDING AppendEntries to vehicle 6 (n_entries=0, leader_commit=0)
9676.5ms Vehicle 0 RECEIVED AppendEntries from vehicle 7 (n_entries=0, leader_commit=0)
9676.7ms Vehicle 1 RECEIVED AppendEntries from vehicle 7 (n_entries=0, leader_commit=0)
9677.3ms Vehicle 2 RECEIVED AppendEntries from vehicle 7 (n_entries=0, leader_commit=0)
9677.8ms Vehicle 3 RECEIVED AppendEntries from vehicle 7 (n_entries=0, leader_commit=0)
9816.4ms Leader 7 SENDING AppendEntries to vehicle 0 (n_entries=0, leader_commit=0)
9816.4ms Leader 7 SENDING AppendEntries to vehicle 1 (n_entries=0, leader_commit=0)
9816.4ms Leader 7 SENDING AppendEntries to vehicle 2 (n_entries=0, leader_commit=0)
9816.4ms Leader 7 SENDING AppendEntries to vehicle 3 (n_entries=0, leader_commit=0)
9816.4ms Leader 7 SENDING AppendEntries to vehicle 4 (n_entries=0, leader_commit=0)
9816.4ms Leader 7 SENDING AppendEntries to vehicle 5 (n_entries=0, leader_commit=0)
9816.4ms Leader 7 SENDING AppendEntries to vehicle 6 (n_entries=0, leader_commit=0)
9816.5ms Vehicle 0 RECEIVED AppendEntries from vehicle 7 (n_entries=0, leader_commit=0)
9817.0ms Vehicle 1 RECEIVED AppendEntries from vehicle 7 (n_entries=0, leader_commit=0)
9817.3ms Vehicle 2 RECEIVED AppendEntries from vehicle 7 (n_entries=0, leader_commit=0)
9817.9ms Vehicle 3 RECEIVED AppendEntries from vehicle 7 (n_entries=0, leader_commit=0)
9818.2ms Vehicle 4 RECEIVED AppendEntries from vehicle 7 (n_entries=0, leader_commit=0)
9900.0ms Vehicle 0 STOPPED (front) at dist=23.9m
9956.4ms Leader 7 SENDING AppendEntries to vehicle 0 (n_entries=0, leader_commit=0)
9956.4ms Leader 7 SENDING AppendEntries to vehicle 1 (n_entries=0, leader_commit=0)
9956.4ms Leader 7 SENDING AppendEntries to vehicle 2 (n_entries=0, leader_commit=0)
9956.4ms Leader 7 SENDING AppendEntries to vehicle 3 (n_entries=0, leader_commit=0)
9956.4ms Leader 7 SENDING AppendEntries to vehicle 4 (n_entries=0, leader_commit=0)
9956.4ms Leader 7 SENDING AppendEntries to vehicle 5 (n_entries=0, leader_commit=0)
9956.4ms Leader 7 SENDING AppendEntries to vehicle 6 (n_entries=0, leader_commit=0)
9956.5ms Vehicle 0 RECEIVED AppendEntries from vehicle 7 (n_entries=0, leader_commit=0)
9956.8ms Vehicle 1 RECEIVED AppendEntries from vehicle 7 (n_entries=0, leader_commit=0)
9957.2ms Vehicle 2 RECEIVED AppendEntries from vehicle 7 (n_entries=0, leader_commit=0)
9957.5ms Vehicle 3 RECEIVED AppendEntries from vehicle 7 (n_entries=0, leader_commit=0)
9958.2ms Vehicle 4 RECEIVED AppendEntries from vehicle 7 (n_entries=0, leader_commit=0)
10096.4ms Leader 7 SENDING AppendEntries to vehicle 0 (n_entries=0, leader_commit=0)
10096.4ms Leader 7 SENDING AppendEntries to vehicle 1 (n_entries=0, leader_commit=0)
10096.4ms Leader 7 SENDING AppendEntries to vehicle 2 (n_entries=0, leader_commit=0)
10096.4ms Leader 7 SENDING AppendEntries to vehicle 3 (n_entries=0, leader_commit=0)
10096.4ms Leader 7 SENDING AppendEntries to vehicle 4 (n_entries=0, leader_commit=0)
10096.4ms Leader 7 SENDING AppendEntries to vehicle 5 (n_entries=0, leader_commit=0)
10096.4ms Leader 7 SENDING AppendEntries to vehicle 6 (n_entries=0, leader_commit=0)
10096.5ms Vehicle 0 RECEIVED AppendEntries from vehicle 7 (n_entries=0, leader_commit=0)
10097.0ms Vehicle 1 RECEIVED AppendEntries from vehicle 7 (n_entries=0, leader_commit=0)
10097.2ms Vehicle 2 RECEIVED AppendEntries from vehicle 7 (n_entries=0, leader_commit=0)
10097.6ms Vehicle 3 RECEIVED AppendEntries from vehicle 7 (n_entries=0, leader_commit=0)
10098.1ms Vehicle 4 RECEIVED AppendEntries from vehicle 7 (n_entries=0, leader_commit=0)
10236.4ms Leader 7 SENDING AppendEntries to vehicle 0 (n_entries=0, leader_commit=0)
10236.4ms Leader 7 SENDING AppendEntries to vehicle 1 (n_entries=0, leader_commit=0)
10236.4ms Leader 7 SENDING AppendEntries to vehicle 2 (n_entries=0, leader_commit=0)
10236.4ms Leader 7 SENDING AppendEntries to vehicle 3 (n_entries=0, leader_commit=0)
10236.4ms Leader 7 SENDING AppendEntries to vehicle 4 (n_entries=0, leader_commit=0)
10236.4ms Leader 7 SENDING AppendEntries to vehicle 5 (n_entries=0, leader_commit=0)
10236.4ms Leader 7 SENDING AppendEntries to vehicle 6 (n_entries=0, leader_commit=0)
10236.5ms Vehicle 0 RECEIVED AppendEntries from vehicle 7 (n_entries=0, leader_commit=0)
10236.7ms Vehicle 1 RECEIVED AppendEntries from vehicle 7 (n_entries=0, leader_commit=0)
10237.5ms Vehicle 3 RECEIVED AppendEntries from vehicle 7 (n_entries=0, leader_commit=0)
10237.9ms Vehicle 4 RECEIVED AppendEntries from vehicle 7 (n_entries=0, leader_commit=0)
10376.4ms Leader 7 SENDING AppendEntries to vehicle 0 (n_entries=0, leader_commit=0)
10376.4ms Leader 7 SENDING AppendEntries to vehicle 1 (n_entries=0, leader_commit=0)
10376.4ms Leader 7 SENDING AppendEntries to vehicle 2 (n_entries=0, leader_commit=0)
10376.4ms Leader 7 SENDING AppendEntries to vehicle 3 (n_entries=0, leader_commit=0)
10376.4ms Leader 7 SENDING AppendEntries to vehicle 4 (n_entries=0, leader_commit=0)
10376.4ms Leader 7 SENDING AppendEntries to vehicle 5 (n_entries=0, leader_commit=0)
10376.4ms Leader 7 SENDING AppendEntries to vehicle 6 (n_entries=0, leader_commit=0)
10376.5ms Vehicle 0 RECEIVED AppendEntries from vehicle 7 (n_entries=0, leader_commit=0)
10376.9ms Vehicle 1 RECEIVED AppendEntries from vehicle 7 (n_entries=0, leader_commit=0)
10377.4ms Vehicle 3 RECEIVED AppendEntries from vehicle 7 (n_entries=0, leader_commit=0)
10377.9ms Vehicle 4 RECEIVED AppendEntries from vehicle 7 (n_entries=0, leader_commit=0)
10416.2ms Vehicle 9 sendRequestVote called for node 1
10416.2ms Vehicle 9 sendRequestVote called for node 2
10416.2ms Vehicle 9 sendRequestVote called for node 3
10416.2ms Vehicle 9 sendRequestVote called for node 4
10416.2ms Vehicle 9 sendRequestVote called for node 5
10416.2ms Vehicle 9 sendRequestVote called for node 6
10416.2ms Vehicle 9 sendRequestVote called for node 7
10416.2ms Vehicle 9 sendRequestVote called for node 8
10516.4ms Leader 7 SENDING AppendEntries to vehicle 0 (n_entries=0, leader_commit=0)
10516.4ms Leader 7 SENDING AppendEntries to vehicle 1 (n_entries=0, leader_commit=0)
10516.4ms Leader 7 SENDING AppendEntries to vehicle 2 (n_entries=0, leader_commit=0)
10516.4ms Leader 7 SENDING AppendEntries to vehicle 3 (n_entries=0, leader_commit=0)
10516.4ms Leader 7 SENDING AppendEntries to vehicle 4 (n_entries=0, leader_commit=0)
10516.4ms Leader 7 SENDING AppendEntries to vehicle 5 (n_entries=0, leader_commit=0)
10516.4ms Leader 7 SENDING AppendEntries to vehicle 6 (n_entries=0, leader_commit=0)
10516.5ms Vehicle 0 RECEIVED AppendEntries from vehicle 7 (n_entries=0, leader_commit=0)
10516.8ms Vehicle 2 RECEIVED AppendEntries from vehicle 7 (n_entries=0, leader_commit=0)
10517.3ms Vehicle 3 RECEIVED AppendEntries from vehicle 7 (n_entries=0, leader_commit=0)
10517.8ms Vehicle 4 RECEIVED AppendEntries from vehicle 7 (n_entries=0, leader_commit=0)
10556.4ms Leader 7 collected status from 6 vehicles
10556.4ms Leader 7 PROPOSING STATUS_REPORT to quorum
10556.4ms Vehicle 7 doLogOffer entry #1 (len=2565)
10556.4ms Leader 7 SENDING AppendEntries to vehicle 0 (n_entries=1, leader_commit=0)
10556.4ms Leader 7 SENDING AppendEntries to vehicle 1 (n_entries=1, leader_commit=0)
10556.4ms Leader 7 SENDING AppendEntries to vehicle 2 (n_entries=1, leader_commit=0)
10556.4ms Leader 7 SENDING AppendEntries to vehicle 3 (n_entries=1, leader_commit=0)
10556.4ms Leader 7 SENDING AppendEntries to vehicle 4 (n_entries=1, leader_commit=0)
10556.4ms Leader 7 SENDING AppendEntries to vehicle 5 (n_entries=1, leader_commit=0)
10556.4ms Leader 7 SENDING AppendEntries to vehicle 6 (n_entries=1, leader_commit=0)
10556.4ms Leader 7 submitted STATUS_REPORT entry #1
10557.8ms Vehicle 0 RECEIVED AppendEntries from vehicle 7 (n_entries=1, leader_commit=0)
10557.8ms Vehicle 0 doLogOffer entry #1 (len=2565)
10563.1ms Vehicle 3 RECEIVED AppendEntries from vehicle 7 (n_entries=1, leader_commit=0)
10563.1ms Vehicle 3 doLogOffer entry #1 (len=2565)
10656.4ms Leader 7 SENDING AppendEntries to vehicle 0 (n_entries=0, leader_commit=0)
10656.4ms Leader 7 SENDING AppendEntries to vehicle 1 (n_entries=1, leader_commit=0)
10656.4ms Leader 7 SENDING AppendEntries to vehicle 2 (n_entries=1, leader_commit=0)
10656.4ms Leader 7 SENDING AppendEntries to vehicle 3 (n_entries=0, leader_commit=0)
10656.4ms Leader 7 SENDING AppendEntries to vehicle 4 (n_entries=1, leader_commit=0)
10656.4ms Leader 7 SENDING AppendEntries to vehicle 5 (n_entries=1, leader_commit=0)
10656.4ms Leader 7 SENDING AppendEntries to vehicle 6 (n_entries=1, leader_commit=0)
10656.5ms Vehicle 0 RECEIVED AppendEntries from vehicle 7 (n_entries=0, leader_commit=0)
10658.1ms Vehicle 1 RECEIVED AppendEntries from vehicle 7 (n_entries=1, leader_commit=0)
10658.1ms Vehicle 1 doLogOffer entry #1 (len=2565)
10660.0ms Vehicle 3 RECEIVED AppendEntries from vehicle 7 (n_entries=0, leader_commit=0)
10662.0ms Vehicle 4 RECEIVED AppendEntries from vehicle 7 (n_entries=1, leader_commit=0)
10662.0ms Vehicle 4 doLogOffer entry #1 (len=2565)
10676.4ms Vehicle 7 doApplyLog entry #1 (lastApplied=0, len=2565)
10796.4ms Leader 7 SENDING AppendEntries to vehicle 0 (n_entries=0, leader_commit=1)
10796.4ms Leader 7 SENDING AppendEntries to vehicle 1 (n_entries=0, leader_commit=1)
10796.4ms Leader 7 SENDING AppendEntries to vehicle 2 (n_entries=1, leader_commit=1)
10796.4ms Leader 7 SENDING AppendEntries to vehicle 3 (n_entries=0, leader_commit=1)
10796.4ms Leader 7 SENDING AppendEntries to vehicle 4 (n_entries=0, leader_commit=1)
10796.4ms Leader 7 SENDING AppendEntries to vehicle 5 (n_entries=1, leader_commit=1)
10796.4ms Leader 7 SENDING AppendEntries to vehicle 6 (n_entries=1, leader_commit=1)
10796.5ms Vehicle 0 RECEIVED AppendEntries from vehicle 7 (n_entries=0, leader_commit=1)
10796.8ms Vehicle 1 RECEIVED AppendEntries from vehicle 7 (n_entries=0, leader_commit=1)
10797.1ms Vehicle 0 doApplyLog entry #1 (lastApplied=0, len=2565)
10797.1ms Vehicle 0 APPLYING STATUS_REPORT entry #1 (8 vehicles)
10799.4ms Vehicle 3 RECEIVED AppendEntries from vehicle 7 (n_entries=0, leader_commit=1)
10799.6ms Vehicle 4 RECEIVED AppendEntries from vehicle 7 (n_entries=0, leader_commit=1)
10816.2ms Vehicle 1 doApplyLog entry #1 (lastApplied=0, len=2565)
10816.2ms Vehicle 3 doApplyLog entry #1 (lastApplied=0, len=2565)
10816.2ms Vehicle 3 APPLYING STATUS_REPORT entry #1 (8 vehicles)
10816.7ms Vehicle 4 doApplyLog entry #1 (lastApplied=0, len=2565)
10936.4ms Leader 7 SENDING AppendEntries to vehicle 0 (n_entries=0, leader_commit=1)
10936.4ms Leader 7 SENDING AppendEntries to vehicle 1 (n_entries=0, leader_commit=1)
10936.4ms Leader 7 SENDING AppendEntries to vehicle 2 (n_entries=1, leader_commit=1)
10936.4ms Leader 7 SENDING AppendEntries to vehicle 3 (n_entries=0, leader_commit=1)
10936.4ms Leader 7 SENDING AppendEntries to vehicle 4 (n_entries=0, leader_commit=1)
10936.4ms Leader 7 SENDING AppendEntries to vehicle 5 (n_entries=1, leader_commit=1)
10936.4ms Leader 7 SENDING AppendEntries to vehicle 6 (n_entries=1, leader_commit=1)
10936.5ms Vehicle 0 RECEIVED AppendEntries from vehicle 7 (n_entries=0, leader_commit=1)
10937.0ms Vehicle 1 RECEIVED AppendEntries from vehicle 7 (n_entries=0, leader_commit=1)
10938.9ms Vehicle 3 RECEIVED AppendEntries from vehicle 7 (n_entries=0, leader_commit=1)
10939.0ms Vehicle 4 RECEIVED AppendEntries from vehicle 7 (n_entries=0, leader_commit=1)
Vehicle RAFT (UDP) starting application.
Vehicle 10 edge config: 4 approach, 4 exit edges
11005.6ms Vehicle 10 FORMING CLUSTER with 9 members: [
0 1 2 3 4 5 6 7 10 ]
11076.4ms Leader 7 SENDING AppendEntries to vehicle 0 (n_entries=0, leader_commit=1)
11076.4ms Leader 7 SENDING AppendEntries to vehicle 1 (n_entries=0, leader_commit=1)
11076.4ms Leader 7 SENDING AppendEntries to vehicle 2 (n_entries=1, leader_commit=1)
11076.4ms Leader 7 SENDING AppendEntries to vehicle 3 (n_entries=0, leader_commit=1)
11076.4ms Leader 7 SENDING AppendEntries to vehicle 4 (n_entries=0, leader_commit=1)
11076.4ms Leader 7 SENDING AppendEntries to vehicle 5 (n_entries=1, leader_commit=1)
11076.4ms Leader 7 SENDING AppendEntries to vehicle 6 (n_entries=1, leader_commit=1)
11076.8ms Vehicle 1 RECEIVED AppendEntries from vehicle 7 (n_entries=0, leader_commit=1)
11078.6ms Vehicle 2 RECEIVED AppendEntries from vehicle 7 (n_entries=1, leader_commit=1)
11078.6ms Vehicle 2 doLogOffer entry #1 (len=2565)
11079.0ms Vehicle 3 RECEIVED AppendEntries from vehicle 7 (n_entries=0, leader_commit=1)
11095.9ms Vehicle 2 doApplyLog entry #1 (lastApplied=0, len=2565)
11216.4ms Leader 7 SENDING AppendEntries to vehicle 0 (n_entries=0, leader_commit=1)
11216.4ms Leader 7 SENDING AppendEntries to vehicle 1 (n_entries=0, leader_commit=1)
11216.4ms Leader 7 SENDING AppendEntries to vehicle 2 (n_entries=0, leader_commit=1)
11216.4ms Leader 7 SENDING AppendEntries to vehicle 3 (n_entries=0, leader_commit=1)
11216.4ms Leader 7 SENDING AppendEntries to vehicle 4 (n_entries=0, leader_commit=1)
11216.4ms Leader 7 SENDING AppendEntries to vehicle 5 (n_entries=1, leader_commit=1)
11216.4ms Leader 7 SENDING AppendEntries to vehicle 6 (n_entries=1, leader_commit=1)
11216.5ms Vehicle 0 RECEIVED AppendEntries from vehicle 7 (n_entries=0, leader_commit=1)
11216.9ms Vehicle 2 RECEIVED AppendEntries from vehicle 7 (n_entries=0, leader_commit=1)
11217.3ms Vehicle 3 RECEIVED AppendEntries from vehicle 7 (n_entries=0, leader_commit=1)
11316.2ms Vehicle 9 sendRequestVote called for node 1
11316.2ms Vehicle 9 sendRequestVote called for node 2
11316.2ms Vehicle 9 sendRequestVote called for node 3
11316.2ms Vehicle 9 sendRequestVote called for node 4
11316.2ms Vehicle 9 sendRequestVote called for node 5
11316.2ms Vehicle 9 sendRequestVote called for node 6
11316.2ms Vehicle 9 sendRequestVote called for node 7
11316.2ms Vehicle 9 sendRequestVote called for node 8
11356.4ms Leader 7 SENDING AppendEntries to vehicle 0 (n_entries=0, leader_commit=1)
11356.4ms Leader 7 SENDING AppendEntries to vehicle 1 (n_entries=0, leader_commit=1)
11356.4ms Leader 7 SENDING AppendEntries to vehicle 2 (n_entries=0, leader_commit=1)
11356.4ms Leader 7 SENDING AppendEntries to vehicle 3 (n_entries=0, leader_commit=1)
11356.4ms Leader 7 SENDING AppendEntries to vehicle 4 (n_entries=0, leader_commit=1)
11356.4ms Leader 7 SENDING AppendEntries to vehicle 5 (n_entries=1, leader_commit=1)
11356.4ms Leader 7 SENDING AppendEntries to vehicle 6 (n_entries=1, leader_commit=1)
11356.5ms Vehicle 0 RECEIVED AppendEntries from vehicle 7 (n_entries=0, leader_commit=1)
11356.9ms Vehicle 1 RECEIVED AppendEntries from vehicle 7 (n_entries=0, leader_commit=1)
11357.3ms Vehicle 2 RECEIVED AppendEntries from vehicle 7 (n_entries=0, leader_commit=1)
11357.8ms Vehicle 3 RECEIVED AppendEntries from vehicle 7 (n_entries=0, leader_commit=1)
11496.4ms Leader 7 SENDING AppendEntries to vehicle 0 (n_entries=0, leader_commit=1)
11496.4ms Leader 7 SENDING AppendEntries to vehicle 1 (n_entries=0, leader_commit=1)
11496.4ms Leader 7 SENDING AppendEntries to vehicle 2 (n_entries=0, leader_commit=1)
11496.4ms Leader 7 SENDING AppendEntries to vehicle 3 (n_entries=0, leader_commit=1)
11496.4ms Leader 7 SENDING AppendEntries to vehicle 4 (n_entries=0, leader_commit=1)
11496.4ms Leader 7 SENDING AppendEntries to vehicle 5 (n_entries=1, leader_commit=1)
11496.4ms Leader 7 SENDING AppendEntries to vehicle 6 (n_entries=1, leader_commit=1)
11496.5ms Vehicle 0 RECEIVED AppendEntries from vehicle 7 (n_entries=0, leader_commit=1)
11497.0ms Vehicle 1 RECEIVED AppendEntries from vehicle 7 (n_entries=0, leader_commit=1)
11497.3ms Vehicle 2 RECEIVED AppendEntries from vehicle 7 (n_entries=0, leader_commit=1)
11497.7ms Vehicle 3 RECEIVED AppendEntries from vehicle 7 (n_entries=0, leader_commit=1)
11636.4ms Leader 7 SENDING AppendEntries to vehicle 0 (n_entries=0, leader_commit=1)
11636.4ms Leader 7 SENDING AppendEntries to vehicle 1 (n_entries=0, leader_commit=1)
11636.4ms Leader 7 SENDING AppendEntries to vehicle 2 (n_entries=0, leader_commit=1)
11636.4ms Leader 7 SENDING AppendEntries to vehicle 3 (n_entries=0, leader_commit=1)
11636.4ms Leader 7 SENDING AppendEntries to vehicle 4 (n_entries=0, leader_commit=1)
11636.4ms Leader 7 SENDING AppendEntries to vehicle 5 (n_entries=1, leader_commit=1)
11636.4ms Leader 7 SENDING AppendEntries to vehicle 6 (n_entries=1, leader_commit=1)
11636.5ms Vehicle 0 RECEIVED AppendEntries from vehicle 7 (n_entries=0, leader_commit=1)
11636.9ms Vehicle 1 RECEIVED AppendEntries from vehicle 7 (n_entries=0, leader_commit=1)
11637.1ms Vehicle 2 RECEIVED AppendEntries from vehicle 7 (n_entries=0, leader_commit=1)
11725.6ms Vehicle 10 sendRequestVote called for node 1
11725.6ms Vehicle 10 sendRequestVote called for node 2
11725.6ms Vehicle 10 sendRequestVote called for node 3
11725.6ms Vehicle 10 sendRequestVote called for node 4
11725.6ms Vehicle 10 sendRequestVote called for node 5
11725.6ms Vehicle 10 sendRequestVote called for node 6
11725.6ms Vehicle 10 sendRequestVote called for node 7
11725.6ms Vehicle 10 sendRequestVote called for node 8
11725.6ms Vehicle 10 RAFT STATE CHANGED from 1 to 2
11725.6ms Vehicle 10 I am a candidate now! Starting election...
11776.4ms Leader 7 SENDING AppendEntries to vehicle 0 (n_entries=0, leader_commit=1)
11776.4ms Leader 7 SENDING AppendEntries to vehicle 1 (n_entries=0, leader_commit=1)
11776.4ms Leader 7 SENDING AppendEntries to vehicle 2 (n_entries=0, leader_commit=1)
11776.4ms Leader 7 SENDING AppendEntries to vehicle 3 (n_entries=0, leader_commit=1)
11776.4ms Leader 7 SENDING AppendEntries to vehicle 4 (n_entries=0, leader_commit=1)
11776.4ms Leader 7 SENDING AppendEntries to vehicle 5 (n_entries=1, leader_commit=1)
11776.4ms Leader 7 SENDING AppendEntries to vehicle 6 (n_entries=1, leader_commit=1)
11776.5ms Vehicle 0 RECEIVED AppendEntries from vehicle 7 (n_entries=0, leader_commit=1)
11776.6ms Vehicle 1 RECEIVED AppendEntries from vehicle 7 (n_entries=0, leader_commit=1)
11777.0ms Vehicle 2 RECEIVED AppendEntries from vehicle 7 (n_entries=0, leader_commit=1)
11777.5ms Vehicle 3 RECEIVED AppendEntries from vehicle 7 (n_entries=0, leader_commit=1)
11916.4ms Leader 7 SENDING AppendEntries to vehicle 0 (n_entries=0, leader_commit=1)
11916.4ms Leader 7 SENDING AppendEntries to vehicle 1 (n_entries=0, leader_commit=1)
11916.4ms Leader 7 SENDING AppendEntries to vehicle 2 (n_entries=0, leader_commit=1)
11916.4ms Leader 7 SENDING AppendEntries to vehicle 3 (n_entries=0, leader_commit=1)
11916.4ms Leader 7 SENDING AppendEntries to vehicle 4 (n_entries=0, leader_commit=1)
11916.4ms Leader 7 SENDING AppendEntries to vehicle 5 (n_entries=1, leader_commit=1)
11916.4ms Leader 7 SENDING AppendEntries to vehicle 6 (n_entries=1, leader_commit=1)
11916.5ms Vehicle 0 RECEIVED AppendEntries from vehicle 7 (n_entries=0, leader_commit=1)
11916.7ms Vehicle 1 RECEIVED AppendEntries from vehicle 7 (n_entries=0, leader_commit=1)
11917.0ms Vehicle 2 RECEIVED AppendEntries from vehicle 7 (n_entries=0, leader_commit=1)
11917.6ms Vehicle 3 RECEIVED AppendEntries from vehicle 7 (n_entries=0, leader_commit=1)
12056.4ms Leader 7 SENDING AppendEntries to vehicle 0 (n_entries=0, leader_commit=1)
12056.4ms Leader 7 SENDING AppendEntries to vehicle 1 (n_entries=0, leader_commit=1)
12056.4ms Leader 7 SENDING AppendEntries to vehicle 2 (n_entries=0, leader_commit=1)
12056.4ms Leader 7 SENDING AppendEntries to vehicle 3 (n_entries=0, leader_commit=1)
12056.4ms Leader 7 SENDING AppendEntries to vehicle 4 (n_entries=0, leader_commit=1)
12056.4ms Leader 7 SENDING AppendEntries to vehicle 5 (n_entries=1, leader_commit=1)
12056.4ms Leader 7 SENDING AppendEntries to vehicle 6 (n_entries=1, leader_commit=1)
12056.6ms Vehicle 1 RECEIVED AppendEntries from vehicle 7 (n_entries=0, leader_commit=1)
12057.3ms Vehicle 3 RECEIVED AppendEntries from vehicle 7 (n_entries=0, leader_commit=1)
12076.2ms Vehicle 9 sendRequestVote called for node 1
12076.2ms Vehicle 9 sendRequestVote called for node 2
12076.2ms Vehicle 9 sendRequestVote called for node 3
12076.2ms Vehicle 9 sendRequestVote called for node 4
12076.2ms Vehicle 9 sendRequestVote called for node 5
12076.2ms Vehicle 9 sendRequestVote called for node 6
12076.2ms Vehicle 9 sendRequestVote called for node 7
12076.2ms Vehicle 9 sendRequestVote called for node 8
12196.4ms Leader 7 SENDING AppendEntries to vehicle 0 (n_entries=0, leader_commit=1)
12196.4ms Leader 7 SENDING AppendEntries to vehicle 1 (n_entries=0, leader_commit=1)
12196.4ms Leader 7 SENDING AppendEntries to vehicle 2 (n_entries=0, leader_commit=1)
12196.4ms Leader 7 SENDING AppendEntries to vehicle 3 (n_entries=0, leader_commit=1)
12196.4ms Leader 7 SENDING AppendEntries to vehicle 4 (n_entries=0, leader_commit=1)
12196.4ms Leader 7 SENDING AppendEntries to vehicle 5 (n_entries=1, leader_commit=1)
12196.4ms Leader 7 SENDING AppendEntries to vehicle 6 (n_entries=1, leader_commit=1)
12196.5ms Vehicle 0 RECEIVED AppendEntries from vehicle 7 (n_entries=0, leader_commit=1)
12196.7ms Vehicle 1 RECEIVED AppendEntries from vehicle 7 (n_entries=0, leader_commit=1)
12197.3ms Vehicle 2 RECEIVED AppendEntries from vehicle 7 (n_entries=0, leader_commit=1)
12197.5ms Vehicle 3 RECEIVED AppendEntries from vehicle 7 (n_entries=0, leader_commit=1)
12336.4ms Leader 7 SENDING AppendEntries to vehicle 0 (n_entries=0, leader_commit=1)
12336.4ms Leader 7 SENDING AppendEntries to vehicle 1 (n_entries=0, leader_commit=1)
12336.4ms Leader 7 SENDING AppendEntries to vehicle 2 (n_entries=0, leader_commit=1)
12336.4ms Leader 7 SENDING AppendEntries to vehicle 3 (n_entries=0, leader_commit=1)
12336.4ms Leader 7 SENDING AppendEntries to vehicle 4 (n_entries=0, leader_commit=1)
12336.4ms Leader 7 SENDING AppendEntries to vehicle 5 (n_entries=1, leader_commit=1)
12336.4ms Leader 7 SENDING AppendEntries to vehicle 6 (n_entries=1, leader_commit=1)
12336.5ms Vehicle 0 RECEIVED AppendEntries from vehicle 7 (n_entries=0, leader_commit=1)
12336.6ms Vehicle 1 RECEIVED AppendEntries from vehicle 7 (n_entries=0, leader_commit=1)
12337.1ms Vehicle 3 RECEIVED AppendEntries from vehicle 7 (n_entries=0, leader_commit=1)
12476.4ms Leader 7 SENDING AppendEntries to vehicle 0 (n_entries=0, leader_commit=1)
12476.4ms Leader 7 SENDING AppendEntries to vehicle 1 (n_entries=0, leader_commit=1)
12476.4ms Leader 7 SENDING AppendEntries to vehicle 2 (n_entries=0, leader_commit=1)
12476.4ms Leader 7 SENDING AppendEntries to vehicle 3 (n_entries=0, leader_commit=1)
12476.4ms Leader 7 SENDING AppendEntries to vehicle 4 (n_entries=0, leader_commit=1)
12476.4ms Leader 7 SENDING AppendEntries to vehicle 5 (n_entries=1, leader_commit=1)
12476.4ms Leader 7 SENDING AppendEntries to vehicle 6 (n_entries=1, leader_commit=1)
12476.5ms Vehicle 0 RECEIVED AppendEntries from vehicle 7 (n_entries=0, leader_commit=1)
12476.8ms Vehicle 1 RECEIVED AppendEntries from vehicle 7 (n_entries=0, leader_commit=1)
12477.4ms Vehicle 2 RECEIVED AppendEntries from vehicle 7 (n_entries=0, leader_commit=1)
12477.5ms Vehicle 3 RECEIVED AppendEntries from vehicle 7 (n_entries=0, leader_commit=1)
12585.6ms Vehicle 10 sendRequestVote called for node 1
12585.6ms Vehicle 10 sendRequestVote called for node 2
12585.6ms Vehicle 10 sendRequestVote called for node 3
12585.6ms Vehicle 10 sendRequestVote called for node 4
12585.6ms Vehicle 10 sendRequestVote called for node 5
12585.6ms Vehicle 10 sendRequestVote called for node 6
12585.6ms Vehicle 10 sendRequestVote called for node 7
12585.6ms Vehicle 10 sendRequestVote called for node 8
12616.4ms Leader 7 SENDING AppendEntries to vehicle 0 (n_entries=0, leader_commit=1)
12616.4ms Leader 7 SENDING AppendEntries to vehicle 1 (n_entries=0, leader_commit=1)
12616.4ms Leader 7 SENDING AppendEntries to vehicle 2 (n_entries=0, leader_commit=1)
12616.4ms Leader 7 SENDING AppendEntries to vehicle 3 (n_entries=0, leader_commit=1)
12616.4ms Leader 7 SENDING AppendEntries to vehicle 4 (n_entries=0, leader_commit=1)
12616.4ms Leader 7 SENDING AppendEntries to vehicle 5 (n_entries=1, leader_commit=1)
12616.4ms Leader 7 SENDING AppendEntries to vehicle 6 (n_entries=1, leader_commit=1)
12616.5ms Vehicle 0 RECEIVED AppendEntries from vehicle 7 (n_entries=0, leader_commit=1)
12616.9ms Vehicle 1 RECEIVED AppendEntries from vehicle 7 (n_entries=0, leader_commit=1)
12617.4ms Vehicle 2 RECEIVED AppendEntries from vehicle 7 (n_entries=0, leader_commit=1)
12617.5ms Vehicle 3 RECEIVED AppendEntries from vehicle 7 (n_entries=0, leader_commit=1)
12756.4ms Leader 7 SENDING AppendEntries to vehicle 0 (n_entries=0, leader_commit=1)
12756.4ms Leader 7 SENDING AppendEntries to vehicle 1 (n_entries=0, leader_commit=1)
12756.4ms Leader 7 SENDING AppendEntries to vehicle 2 (n_entries=0, leader_commit=1)
12756.4ms Leader 7 SENDING AppendEntries to vehicle 3 (n_entries=0, leader_commit=1)
12756.4ms Leader 7 SENDING AppendEntries to vehicle 4 (n_entries=0, leader_commit=1)
12756.4ms Leader 7 SENDING AppendEntries to vehicle 5 (n_entries=1, leader_commit=1)
12756.4ms Leader 7 SENDING AppendEntries to vehicle 6 (n_entries=1, leader_commit=1)
12756.5ms Vehicle 0 RECEIVED AppendEntries from vehicle 7 (n_entries=0, leader_commit=1)
12756.7ms Vehicle 1 RECEIVED AppendEntries from vehicle 7 (n_entries=0, leader_commit=1)
12757.6ms Vehicle 3 RECEIVED AppendEntries from vehicle 7 (n_entries=0, leader_commit=1)
12856.2ms Vehicle 9 sendRequestVote called for node 1
12856.2ms Vehicle 9 sendRequestVote called for node 2
12856.2ms Vehicle 9 sendRequestVote called for node 3
12856.2ms Vehicle 9 sendRequestVote called for node 4
12856.2ms Vehicle 9 sendRequestVote called for node 5
12856.2ms Vehicle 9 sendRequestVote called for node 6
12856.2ms Vehicle 9 sendRequestVote called for node 7
12856.2ms Vehicle 9 sendRequestVote called for node 8
12896.4ms Leader 7 SENDING AppendEntries to vehicle 0 (n_entries=0, leader_commit=1)
12896.4ms Leader 7 SENDING AppendEntries to vehicle 1 (n_entries=0, leader_commit=1)
12896.4ms Leader 7 SENDING AppendEntries to vehicle 2 (n_entries=0, leader_commit=1)
12896.4ms Leader 7 SENDING AppendEntries to vehicle 3 (n_entries=0, leader_commit=1)
12896.4ms Leader 7 SENDING AppendEntries to vehicle 4 (n_entries=0, leader_commit=1)
12896.4ms Leader 7 SENDING AppendEntries to vehicle 5 (n_entries=1, leader_commit=1)
12896.4ms Leader 7 SENDING AppendEntries to vehicle 6 (n_entries=1, leader_commit=1)
12896.5ms Vehicle 0 RECEIVED AppendEntries from vehicle 7 (n_entries=0, leader_commit=1)
12896.6ms Vehicle 1 RECEIVED AppendEntries from vehicle 7 (n_entries=0, leader_commit=1)
12896.8ms Vehicle 2 RECEIVED AppendEntries from vehicle 7 (n_entries=0, leader_commit=1)
12897.0ms Vehicle 3 RECEIVED AppendEntries from vehicle 7 (n_entries=0, leader_commit=1)
13036.4ms Leader 7 SENDING AppendEntries to vehicle 0 (n_entries=0, leader_commit=1)
13036.4ms Leader 7 SENDING AppendEntries to vehicle 1 (n_entries=0, leader_commit=1)
13036.4ms Leader 7 SENDING AppendEntries to vehicle 2 (n_entries=0, leader_commit=1)
13036.4ms Leader 7 SENDING AppendEntries to vehicle 3 (n_entries=0, leader_commit=1)
13036.4ms Leader 7 SENDING AppendEntries to vehicle 4 (n_entries=0, leader_commit=1)
13036.4ms Leader 7 SENDING AppendEntries to vehicle 5 (n_entries=1, leader_commit=1)
13036.4ms Leader 7 SENDING AppendEntries to vehicle 6 (n_entries=1, leader_commit=1)
13036.5ms Vehicle 0 RECEIVED AppendEntries from vehicle 7 (n_entries=0, leader_commit=1)
13036.9ms Vehicle 1 RECEIVED AppendEntries from vehicle 7 (n_entries=0, leader_commit=1)
13037.3ms Vehicle 2 RECEIVED AppendEntries from vehicle 7 (n_entries=0, leader_commit=1)
13037.5ms Vehicle 3 RECEIVED AppendEntries from vehicle 7 (n_entries=0, leader_commit=1)
13176.4ms Leader 7 SENDING AppendEntries to vehicle 0 (n_entries=0, leader_commit=1)
13176.4ms Leader 7 SENDING AppendEntries to vehicle 1 (n_entries=0, leader_commit=1)
13176.4ms Leader 7 SENDING AppendEntries to vehicle 2 (n_entries=0, leader_commit=1)
13176.4ms Leader 7 SENDING AppendEntries to vehicle 3 (n_entries=0, leader_commit=1)
13176.4ms Leader 7 SENDING AppendEntries to vehicle 4 (n_entries=0, leader_commit=1)
13176.4ms Leader 7 SENDING AppendEntries to vehicle 5 (n_entries=1, leader_commit=1)
13176.4ms Leader 7 SENDING AppendEntries to vehicle 6 (n_entries=1, leader_commit=1)
13176.5ms Vehicle 0 RECEIVED AppendEntries from vehicle 7 (n_entries=0, leader_commit=1)
13176.7ms Vehicle 1 RECEIVED AppendEntries from vehicle 7 (n_entries=0, leader_commit=1)
13176.9ms Vehicle 2 RECEIVED AppendEntries from vehicle 7 (n_entries=0, leader_commit=1)
13177.1ms Vehicle 3 RECEIVED AppendEntries from vehicle 7 (n_entries=0, leader_commit=1)
13295.9ms Vehicle 2 RAFT TIMEOUT: 8720.0ms since cluster formed (threshold=8700.0ms)
13295.9ms Vehicle 2 FALLBACK MODE activated
13295.9ms Vehicle 2 RESUMING movement
13296.2ms Vehicle 1 RAFT TIMEOUT: 8720.0ms since cluster formed (threshold=8700.0ms)
13296.2ms Vehicle 1 FALLBACK MODE activated
13296.2ms Vehicle 3 RAFT TIMEOUT: 8720.0ms since cluster formed (threshold=8700.0ms)
13296.2ms Vehicle 3 FALLBACK MODE activated
13296.4ms Vehicle 7 RAFT TIMEOUT: 8720.0ms since cluster formed (threshold=8700.0ms)
13296.4ms Vehicle 7 FALLBACK MODE activated
13297.1ms Vehicle 0 RAFT TIMEOUT: 8720.0ms since cluster formed (threshold=8700.0ms)
13297.1ms Vehicle 0 FALLBACK MODE activated
13297.1ms Vehicle 0 RESUMING movement
13585.6ms Vehicle 10 sendRequestVote called for node 1
13585.6ms Vehicle 10 sendRequestVote called for node 2
13585.6ms Vehicle 10 sendRequestVote called for node 3
13585.6ms Vehicle 10 sendRequestVote called for node 4
13585.6ms Vehicle 10 sendRequestVote called for node 5
13585.6ms Vehicle 10 sendRequestVote called for node 6
13585.6ms Vehicle 10 sendRequestVote called for node 7
13585.6ms Vehicle 10 sendRequestVote called for node 8
13956.2ms Vehicle 9 sendRequestVote called for node 1
13956.2ms Vehicle 9 sendRequestVote called for node 2
13956.2ms Vehicle 9 sendRequestVote called for node 3
13956.2ms Vehicle 9 sendRequestVote called for node 4
13956.2ms Vehicle 9 sendRequestVote called for node 5
13956.2ms Vehicle 9 sendRequestVote called for node 6
13956.2ms Vehicle 9 sendRequestVote called for node 7
13956.2ms Vehicle 9 sendRequestVote called for node 8
14665.6ms Vehicle 10 sendRequestVote called for node 1
14665.6ms Vehicle 10 sendRequestVote called for node 2
14665.6ms Vehicle 10 sendRequestVote called for node 3
14665.6ms Vehicle 10 sendRequestVote called for node 4
14665.6ms Vehicle 10 sendRequestVote called for node 5
14665.6ms Vehicle 10 sendRequestVote called for node 6
14665.6ms Vehicle 10 sendRequestVote called for node 7
14665.6ms Vehicle 10 sendRequestVote called for node 8
14936.2ms Vehicle 9 sendRequestVote called for node 1
14936.2ms Vehicle 9 sendRequestVote called for node 2
14936.2ms Vehicle 9 sendRequestVote called for node 3
14936.2ms Vehicle 9 sendRequestVote called for node 4
14936.2ms Vehicle 9 sendRequestVote called for node 5
14936.2ms Vehicle 9 sendRequestVote called for node 6
14936.2ms Vehicle 9 sendRequestVote called for node 7
14936.2ms Vehicle 9 sendRequestVote called for node 8
15.3 Vehicle 2 hasPassed=true (on exit edge -37551802#8)
15300.0ms Vehicle 2 LEFT intersection
15300.0ms Vehicle 2 BROADCASTING vehicle-passed
15300.0ms Vehicle 2 sending vehicle-left (isLeader=0, myBatch=-1)
15300.1ms Vehicle 0 RECEIVED vehicle-passed from vehicle 2
15300.1ms Vehicle 3 RECEIVED vehicle-passed from vehicle 2
15300.1ms Vehicle 3 front vehicle passed — advancing to stop position (chain)
15300.1ms Vehicle 7 RECEIVED vehicle-passed from vehicle 2
15300.1ms Vehicle 1 RECEIVED vehicle-passed from vehicle 2
15300.1ms Vehicle 9 RECEIVED vehicle-passed from vehicle 2
15300.1ms Vehicle 10 RECEIVED vehicle-passed from vehicle 2
15300.4ms Vehicle 0 RECEIVED vehicle-left from vehicle 2
15300.4ms Vehicle 3 RECEIVED vehicle-left from vehicle 2
15300.4ms Vehicle 7 RECEIVED vehicle-left from vehicle 2
15300.4ms Leader 7 proposing VEHICLE_LEFT for vehicle 2 (batch=-1)
15300.4ms Vehicle 7 doLogOffer entry #2 (len=9)
15300.4ms Leader 7 SENDING AppendEntries to vehicle 0 (n_entries=1, leader_commit=1)
15300.4ms Leader 7 SENDING AppendEntries to vehicle 1 (n_entries=1, leader_commit=1)
15300.4ms Leader 7 SENDING AppendEntries to vehicle 3 (n_entries=1, leader_commit=1)
15300.4ms Leader 7 SENDING AppendEntries to vehicle 4 (n_entries=1, leader_commit=1)
15300.4ms Vehicle 1 RECEIVED vehicle-left from vehicle 2
15300.4ms Vehicle 9 RECEIVED vehicle-left from vehicle 2
15300.7ms Vehicle 0 RECEIVED AppendEntries from vehicle 7 (n_entries=1, leader_commit=1)
15300.7ms Vehicle 0 doLogOffer entry #2 (len=9)
15301.1ms Vehicle 3 RECEIVED AppendEntries from vehicle 7 (n_entries=1, leader_commit=1)
15301.1ms Vehicle 3 doLogOffer entry #2 (len=9)
15.4 Vehicle 0 hasPassed=true (on exit edge -34894202#10)
15400.0ms Vehicle 0 LEFT intersection
15400.0ms Vehicle 0 BROADCASTING vehicle-passed
15400.0ms Vehicle 0 sending vehicle-left (isLeader=0, myBatch=-1)
15400.1ms Vehicle 1 RECEIVED vehicle-passed from vehicle 0
15400.1ms Vehicle 1 front vehicle passed — advancing to stop position (chain)
15400.1ms Vehicle 3 RECEIVED vehicle-passed from vehicle 0
15400.1ms Vehicle 7 RECEIVED vehicle-passed from vehicle 0
15400.1ms Vehicle 9 RECEIVED vehicle-passed from vehicle 0
15400.1ms Vehicle 10 RECEIVED vehicle-passed from vehicle 0
15400.3ms Vehicle 1 RECEIVED vehicle-left from vehicle 0
15400.3ms Vehicle 3 RECEIVED vehicle-left from vehicle 0
15400.3ms Vehicle 7 RECEIVED vehicle-left from vehicle 0
15400.3ms Leader 7 proposing VEHICLE_LEFT for vehicle 0 (batch=-1)
15400.3ms Vehicle 7 doLogOffer entry #3 (len=9)
15400.3ms Leader 7 SENDING AppendEntries to vehicle 3 (n_entries=1, leader_commit=1)
15400.3ms Vehicle 9 RECEIVED vehicle-left from vehicle 0
15400.3ms Vehicle 10 RECEIVED vehicle-left from vehicle 0
15400.7ms Vehicle 3 RECEIVED AppendEntries from vehicle 7 (n_entries=1, leader_commit=1)
15400.7ms Vehicle 3 doLogOffer entry #3 (len=9)
15505.6ms Vehicle 10 sendRequestVote called for node 1
15505.6ms Vehicle 10 sendRequestVote called for node 2
15505.6ms Vehicle 10 sendRequestVote called for node 3
15505.6ms Vehicle 10 sendRequestVote called for node 4
15505.6ms Vehicle 10 sendRequestVote called for node 5
15505.6ms Vehicle 10 sendRequestVote called for node 6
15505.6ms Vehicle 10 sendRequestVote called for node 7
15505.6ms Vehicle 10 sendRequestVote called for node 8
15800.0ms Vehicle 9 STOPPED (front) at dist=24.0m
15816.2ms Vehicle 9 RAFT TIMEOUT: 11240.0ms since cluster formed (threshold=8700.0ms)
15816.2ms Vehicle 9 FALLBACK MODE activated
15816.2ms Vehicle 9 RESUMING movement
** Event #144896   t=40.401799063592   Elapsed: 2.00247s (0m 02s)  13% completed  (13% total)
     Speed:     ev/sec=72359.2   simsec/sec=20.176   ev/simsec=3586.4
     Messages:  created: 102646   present: 110   in FES: 10
** Event #249600   t=115.012361084435   Elapsed: 4.00253s (0m 04s)  38% completed  (38% total)
     Speed:     ev/sec=52350.7   simsec/sec=37.3043   ev/simsec=1403.34
     Messages:  created: 159549   present: 119   in FES: 12
** Event #354816   t=189.907155680264   Elapsed: 6.00497s (0m 06s)  63% completed  (63% total)
     Speed:     ev/sec=52543.8   simsec/sec=37.4017   ev/simsec=1404.85
     Messages:  created: 216729   present: 117   in FES: 14
** Event #448256   t=257.814899540115   Elapsed: 8.00887s (0m 08s)  85% completed  (85% total)
     Speed:     ev/sec=46629   simsec/sec=33.8877   ev/simsec=1375.98
     Messages:  created: 267325   present: 114   in FES: 14
** Event #509840   t=300   Elapsed: 9.18834s (0m 09s)  100% completed  (100% total)
     Speed:     ev/sec=52212.3   simsec/sec=35.7661   ev/simsec=1459.83
     Messages:  created: 301031   present: 110   in FES: 10

<!> Simulation time limit reached -- at t=300s, event #509840

Calling finish() at end of Run #0...
[INFO]	Radio signal arrival computation count = 36726
[INFO]	Transmission count = 13582
[INFO]	Signal send count = 36725
[INFO]	Reception computation count = 36725
[INFO]	Interference computation count = 123540
[INFO]	Reception decision computation count = 31830
[INFO]	Listening decision computation count = 55025
[INFO]	Reception cache hit = 84.8662 %
[INFO]	Interference cache hit = 66.6667 %
[INFO]	Noise cache hit = 0 %
[INFO]	SNIR cache hit = 50 %
[INFO]	Reception decision cache hit = 50 %
[INFO]	Reception result cache hit = 0 %
[INFO]	IntersectionScenarioInet.node[1].tcp: finishing with 0 connections open.
[INFO]	IntersectionScenarioInet.node[3].tcp: finishing with 0 connections open.
[INFO]	IntersectionScenarioInet.node[7].tcp: finishing with 0 connections open.
[INFO]	Clear all sockets
[INFO]	Clear all sockets
[INFO]	Clear all sockets

End.
