OMNeT++ Discrete Event Simulation  (C) 1992-2019 Andras Varga, OpenSim Ltd.
Version: 5.6.2, build: 200518-aa79d0918f, edition: Academic Public License -- NOT FOR COMMERCIAL USE
See the license for distribution terms and warranty disclaimer

Setting up Cmdenv...

Loading NED files from ..:  9
Loading NED files from ../../src:  11
Loading NED files from ../../../inet/src:  831
Loading NED files from ../../../inet/examples:  174
Loading NED files from ../../../inet/tutorials:  10
Loading NED files from ../../../inet/showcases:  46
Loading NED files from ../../../../veins/examples/veins:  1
Loading NED files from ../../../../veins/src/veins:  44

Preparing for running configuration General, run #0...
Assigned runID=General-0-20260225-00:10:01-461153
Setting up network "IntersectionScenarioInet"...
Initializing...

Running simulation...
** Event #0   t=0   Elapsed: 7e-06s (0m 00s)  0% completed  (0% total)
     Speed:     ev/sec=0   simsec/sec=0   ev/simsec=0
     Messages:  created: 3   present: 3   in FES: 3
Vehicle RAFT (UDP) starting application.
Vehicle 0 edge config: 4 approach, 4 exit edges
Opened results file: /home/mathesh/omnetpp-workspace/benchmark/results/raft_4veh_report/run_3/raft_results.json
Vehicle RAFT (UDP) starting application.
Vehicle 1 edge config: 4 approach, 4 exit edges
Vehicle RAFT (UDP) starting application.
Vehicle 2 edge config: 4 approach, 4 exit edges
Vehicle RAFT (UDP) starting application.
Vehicle 3 edge config: 4 approach, 4 exit edges
2200.0ms Vehicle 2 STOPPED (front) at dist=24.6m
3500.0ms Vehicle 1 STOPPED (front) at dist=24.9m
4921.1ms Vehicle 2 CLUSTER FORMATION (all 4 vehicles discovered)
4921.1ms Vehicle 2 FORMING CLUSTER with 4 members: [
0 1 2 3 ]
4921.5ms Vehicle 1 FORMING CLUSTER with 4 members: [
0 1 2 3 ]
4921.8ms Vehicle 3 FORMING CLUSTER with 4 members: [
0 1 2 3 ]
4922.2ms Vehicle 0 FORMING CLUSTER with 4 members: [
0 1 2 3 ]
4961.1ms Vehicle 2 processRaftPeriodic executes! delta=0.02, msecElapsed=20
4961.5ms Vehicle 1 processRaftPeriodic executes! delta=0.02, msecElapsed=20
4961.8ms Vehicle 3 processRaftPeriodic executes! delta=0.02, msecElapsed=20
4962.2ms Vehicle 0 processRaftPeriodic executes! delta=0.02, msecElapsed=20
4981.1ms Vehicle 2 processRaftPeriodic executes! delta=0.02, msecElapsed=20
4981.5ms Vehicle 1 processRaftPeriodic executes! delta=0.02, msecElapsed=20
4981.8ms Vehicle 3 processRaftPeriodic executes! delta=0.02, msecElapsed=20
4982.2ms Vehicle 0 processRaftPeriodic executes! delta=0.02, msecElapsed=20
5001.1ms Vehicle 2 processRaftPeriodic executes! delta=0.02, msecElapsed=20
5001.5ms Vehicle 1 processRaftPeriodic executes! delta=0.02, msecElapsed=20
5200.0ms Vehicle 3 STOPPED (front) at dist=24.8m
5881.8ms Vehicle 3 sendRequestVote called for node 1
5881.8ms Vehicle 3 sendRequestVote called for node 2
5881.8ms Vehicle 3 sendRequestVote called for node 3
5881.8ms Vehicle 3 RAFT STATE CHANGED from 1 to 2
5881.8ms Vehicle 3 I am a candidate now! Starting election...
5922.2ms Vehicle 0 sendRequestVote called for node 2
5922.2ms Vehicle 0 sendRequestVote called for node 3
5922.2ms Vehicle 0 sendRequestVote called for node 4
5922.2ms Vehicle 0 RAFT STATE CHANGED from 1 to 2
5922.2ms Vehicle 0 I am a candidate now! Starting election...
6521.1ms Vehicle 2 sendRequestVote called for node 1
6521.1ms Vehicle 2 sendRequestVote called for node 2
6521.1ms Vehicle 2 sendRequestVote called for node 4
6521.1ms Vehicle 2 RAFT STATE CHANGED from 1 to 2
6521.1ms Vehicle 2 I am a candidate now! Starting election...
6522.1ms Leader 2 SENDING AppendEntries to vehicle 0 (n_entries=0, leader_commit=0)
6522.1ms Leader 2 SENDING AppendEntries to vehicle 1 (n_entries=0, leader_commit=0)
6522.1ms Leader 2 SENDING AppendEntries to vehicle 3 (n_entries=0, leader_commit=0)
6522.8ms Vehicle 1 RECEIVED AppendEntries from vehicle 2 (n_entries=0, leader_commit=0)
6523.1ms Vehicle 3 RECEIVED AppendEntries from vehicle 2 (n_entries=0, leader_commit=0)
6541.1ms Vehicle 2 BECAME LEADER (term=2)
6541.1ms Leader 2 sending STATUS_REQUEST (timeout=1100ms)
6641.1ms Leader 2 SENDING AppendEntries to vehicle 0 (n_entries=0, leader_commit=0)
6641.1ms Leader 2 SENDING AppendEntries to vehicle 1 (n_entries=0, leader_commit=0)
6641.1ms Leader 2 SENDING AppendEntries to vehicle 3 (n_entries=0, leader_commit=0)
6641.5ms Vehicle 1 RECEIVED AppendEntries from vehicle 2 (n_entries=0, leader_commit=0)
6641.7ms Vehicle 3 RECEIVED AppendEntries from vehicle 2 (n_entries=0, leader_commit=0)
6761.1ms Leader 2 SENDING AppendEntries to vehicle 0 (n_entries=0, leader_commit=0)
6761.1ms Leader 2 SENDING AppendEntries to vehicle 1 (n_entries=0, leader_commit=0)
6761.1ms Leader 2 SENDING AppendEntries to vehicle 3 (n_entries=0, leader_commit=0)
6761.2ms Vehicle 0 RECEIVED AppendEntries from vehicle 2 (n_entries=0, leader_commit=0)
6761.6ms Vehicle 1 RECEIVED AppendEntries from vehicle 2 (n_entries=0, leader_commit=0)
6762.0ms Vehicle 3 RECEIVED AppendEntries from vehicle 2 (n_entries=0, leader_commit=0)
6881.1ms Leader 2 SENDING AppendEntries to vehicle 0 (n_entries=0, leader_commit=0)
6881.1ms Leader 2 SENDING AppendEntries to vehicle 1 (n_entries=0, leader_commit=0)
6881.1ms Leader 2 SENDING AppendEntries to vehicle 3 (n_entries=0, leader_commit=0)
6881.3ms Vehicle 1 RECEIVED AppendEntries from vehicle 2 (n_entries=0, leader_commit=0)
6881.4ms Vehicle 3 RECEIVED AppendEntries from vehicle 2 (n_entries=0, leader_commit=0)
7001.1ms Leader 2 SENDING AppendEntries to vehicle 0 (n_entries=0, leader_commit=0)
7001.1ms Leader 2 SENDING AppendEntries to vehicle 1 (n_entries=0, leader_commit=0)
7001.1ms Leader 2 SENDING AppendEntries to vehicle 3 (n_entries=0, leader_commit=0)
7001.5ms Vehicle 1 RECEIVED AppendEntries from vehicle 2 (n_entries=0, leader_commit=0)
7001.9ms Vehicle 3 RECEIVED AppendEntries from vehicle 2 (n_entries=0, leader_commit=0)
7121.1ms Leader 2 SENDING AppendEntries to vehicle 0 (n_entries=0, leader_commit=0)
7121.1ms Leader 2 SENDING AppendEntries to vehicle 1 (n_entries=0, leader_commit=0)
7121.1ms Leader 2 SENDING AppendEntries to vehicle 3 (n_entries=0, leader_commit=0)
7121.2ms Vehicle 0 RECEIVED AppendEntries from vehicle 2 (n_entries=0, leader_commit=0)
7121.7ms Vehicle 1 RECEIVED AppendEntries from vehicle 2 (n_entries=0, leader_commit=0)
7121.9ms Vehicle 3 RECEIVED AppendEntries from vehicle 2 (n_entries=0, leader_commit=0)
7241.1ms Leader 2 SENDING AppendEntries to vehicle 0 (n_entries=0, leader_commit=0)
7241.1ms Leader 2 SENDING AppendEntries to vehicle 1 (n_entries=0, leader_commit=0)
7241.1ms Leader 2 SENDING AppendEntries to vehicle 3 (n_entries=0, leader_commit=0)
7241.2ms Vehicle 0 RECEIVED AppendEntries from vehicle 2 (n_entries=0, leader_commit=0)
7241.4ms Vehicle 1 RECEIVED AppendEntries from vehicle 2 (n_entries=0, leader_commit=0)
7241.7ms Vehicle 3 RECEIVED AppendEntries from vehicle 2 (n_entries=0, leader_commit=0)
7361.1ms Leader 2 SENDING AppendEntries to vehicle 0 (n_entries=0, leader_commit=0)
7361.1ms Leader 2 SENDING AppendEntries to vehicle 1 (n_entries=0, leader_commit=0)
7361.1ms Leader 2 SENDING AppendEntries to vehicle 3 (n_entries=0, leader_commit=0)
7361.4ms Vehicle 1 RECEIVED AppendEntries from vehicle 2 (n_entries=0, leader_commit=0)
7361.5ms Vehicle 3 RECEIVED AppendEntries from vehicle 2 (n_entries=0, leader_commit=0)
7481.1ms Leader 2 SENDING AppendEntries to vehicle 0 (n_entries=0, leader_commit=0)
7481.1ms Leader 2 SENDING AppendEntries to vehicle 1 (n_entries=0, leader_commit=0)
7481.1ms Leader 2 SENDING AppendEntries to vehicle 3 (n_entries=0, leader_commit=0)
7481.3ms Vehicle 1 RECEIVED AppendEntries from vehicle 2 (n_entries=0, leader_commit=0)
7601.1ms Leader 2 SENDING AppendEntries to vehicle 0 (n_entries=0, leader_commit=0)
7601.1ms Leader 2 SENDING AppendEntries to vehicle 1 (n_entries=0, leader_commit=0)
7601.1ms Leader 2 SENDING AppendEntries to vehicle 3 (n_entries=0, leader_commit=0)
7601.2ms Vehicle 0 RECEIVED AppendEntries from vehicle 2 (n_entries=0, leader_commit=0)
7601.5ms Vehicle 1 RECEIVED AppendEntries from vehicle 2 (n_entries=0, leader_commit=0)
7602.0ms Vehicle 3 RECEIVED AppendEntries from vehicle 2 (n_entries=0, leader_commit=0)
7641.1ms Leader 2 collected status from 1 vehicles
7641.1ms Leader 2 PROPOSING STATUS_REPORT to quorum
7641.1ms Vehicle 2 doLogOffer entry #1 (len=2565)
7641.1ms Leader 2 SENDING AppendEntries to vehicle 0 (n_entries=1, leader_commit=0)
7641.1ms Leader 2 SENDING AppendEntries to vehicle 1 (n_entries=1, leader_commit=0)
7641.1ms Leader 2 SENDING AppendEntries to vehicle 3 (n_entries=1, leader_commit=0)
7641.1ms Leader 2 submitted STATUS_REPORT entry #1
7644.5ms Vehicle 1 RECEIVED AppendEntries from vehicle 2 (n_entries=1, leader_commit=0)
7644.5ms Vehicle 1 doLogOffer entry #1 (len=2565)
7646.3ms Vehicle 3 RECEIVED AppendEntries from vehicle 2 (n_entries=1, leader_commit=0)
7646.3ms Vehicle 3 doLogOffer entry #1 (len=2565)
7661.1ms Vehicle 2 doApplyLog entry #1 (lastApplied=0, len=2565)
7661.1ms Vehicle 2 APPLYING STATUS_REPORT entry #1 (0 vehicles)
7711.1ms Leader 2 vehicle 0 response lost — using default proposal
7711.1ms Leader 2 vehicle 1 response lost — using default proposal
7711.1ms Leader 2 vehicle 3 response lost — using default proposal
7711.1ms Leader 2 PROPOSING PASS_SCHEDULE with 2 batches:
  Batch 0: [0,2]
  Batch 1: [1,3]
7711.1ms Vehicle 2 doLogOffer entry #2 (len=581)
7711.1ms Leader 2 SENDING AppendEntries to vehicle 1 (n_entries=1, leader_commit=1)
7711.1ms Leader 2 SENDING AppendEntries to vehicle 3 (n_entries=1, leader_commit=1)
7711.1ms Leader 2 submitted PASS_SCHEDULE entry #2
7711.4ms Vehicle 1 RECEIVED AppendEntries from vehicle 2 (n_entries=1, leader_commit=1)
7711.4ms Vehicle 1 doLogOffer entry #2 (len=581)
7711.7ms Vehicle 3 RECEIVED AppendEntries from vehicle 2 (n_entries=1, leader_commit=1)
7711.7ms Vehicle 3 doLogOffer entry #2 (len=581)
7721.1ms Leader 2 SENDING AppendEntries to vehicle 0 (n_entries=2, leader_commit=2)
7721.1ms Leader 2 SENDING AppendEntries to vehicle 1 (n_entries=0, leader_commit=2)
7721.1ms Leader 2 SENDING AppendEntries to vehicle 3 (n_entries=0, leader_commit=2)
7721.1ms Vehicle 2 doApplyLog entry #2 (lastApplied=1, len=581)
7721.1ms Vehicle 2 APPLYING PASS_ORDER entry #2 (2 batches)
7721.1ms Vehicle 2 assigned to batch 0 (current batch: 0)
7721.1ms Vehicle 2 RESUMING movement
7721.5ms Vehicle 1 doApplyLog entry #1 (lastApplied=0, len=2565)
7721.5ms Vehicle 1 APPLYING STATUS_REPORT entry #1 (4 vehicles)
7721.8ms Vehicle 3 doApplyLog entry #1 (lastApplied=0, len=2565)
7721.8ms Vehicle 3 APPLYING STATUS_REPORT entry #1 (4 vehicles)
7722.8ms Vehicle 1 RECEIVED AppendEntries from vehicle 2 (n_entries=0, leader_commit=2)
7723.0ms Vehicle 3 RECEIVED AppendEntries from vehicle 2 (n_entries=0, leader_commit=2)
7741.5ms Vehicle 1 doApplyLog entry #2 (lastApplied=1, len=581)
7741.5ms Vehicle 1 APPLYING PASS_ORDER entry #2 (2 batches)
7741.5ms Vehicle 1 assigned to batch 1 (current batch: 0)
7741.5ms Vehicle 1 waiting for batch 1 via checkBatchAdvance
7741.8ms Vehicle 3 doApplyLog entry #2 (lastApplied=1, len=581)
7741.8ms Vehicle 3 APPLYING PASS_ORDER entry #2 (2 batches)
7741.8ms Vehicle 3 assigned to batch 1 (current batch: 0)
7741.8ms Vehicle 3 waiting for batch 1 via checkBatchAdvance
7841.1ms Leader 2 SENDING AppendEntries to vehicle 0 (n_entries=2, leader_commit=2)
7841.1ms Leader 2 SENDING AppendEntries to vehicle 1 (n_entries=0, leader_commit=2)
7841.1ms Leader 2 SENDING AppendEntries to vehicle 3 (n_entries=0, leader_commit=2)
7843.1ms Vehicle 1 RECEIVED AppendEntries from vehicle 2 (n_entries=0, leader_commit=2)
7843.2ms Vehicle 3 RECEIVED AppendEntries from vehicle 2 (n_entries=0, leader_commit=2)
7961.1ms Leader 2 SENDING AppendEntries to vehicle 0 (n_entries=2, leader_commit=2)
7961.1ms Leader 2 SENDING AppendEntries to vehicle 1 (n_entries=0, leader_commit=2)
7961.1ms Leader 2 SENDING AppendEntries to vehicle 3 (n_entries=0, leader_commit=2)
7962.9ms Vehicle 1 RECEIVED AppendEntries from vehicle 2 (n_entries=0, leader_commit=2)
7963.3ms Vehicle 3 RECEIVED AppendEntries from vehicle 2 (n_entries=0, leader_commit=2)
8081.1ms Leader 2 SENDING AppendEntries to vehicle 0 (n_entries=2, leader_commit=2)
8081.1ms Leader 2 SENDING AppendEntries to vehicle 1 (n_entries=0, leader_commit=2)
8081.1ms Leader 2 SENDING AppendEntries to vehicle 3 (n_entries=0, leader_commit=2)
8083.2ms Vehicle 1 RECEIVED AppendEntries from vehicle 2 (n_entries=0, leader_commit=2)
8201.1ms Leader 2 SENDING AppendEntries to vehicle 0 (n_entries=2, leader_commit=2)
8201.1ms Leader 2 SENDING AppendEntries to vehicle 1 (n_entries=0, leader_commit=2)
8201.1ms Leader 2 SENDING AppendEntries to vehicle 3 (n_entries=0, leader_commit=2)
8202.7ms Vehicle 0 RECEIVED AppendEntries from vehicle 2 (n_entries=2, leader_commit=2)
8202.7ms Vehicle 0 doLogOffer entry #1 (len=2565)
8202.7ms Vehicle 0 doLogOffer entry #2 (len=581)
8203.0ms Vehicle 1 RECEIVED AppendEntries from vehicle 2 (n_entries=0, leader_commit=2)
8203.6ms Vehicle 3 RECEIVED AppendEntries from vehicle 2 (n_entries=0, leader_commit=2)
8222.2ms Vehicle 0 doApplyLog entry #1 (lastApplied=0, len=2565)
8222.2ms Vehicle 0 APPLYING STATUS_REPORT entry #1 (0 vehicles)
8222.2ms Vehicle 0 doApplyLog entry #2 (lastApplied=1, len=581)
8222.2ms Vehicle 0 APPLYING PASS_ORDER entry #2 (2 batches)
8222.2ms Vehicle 0 assigned to batch 0 (current batch: 0)
8222.2ms Vehicle 0 RESUMING movement
8321.1ms Leader 2 SENDING AppendEntries to vehicle 0 (n_entries=0, leader_commit=2)
8321.1ms Leader 2 SENDING AppendEntries to vehicle 1 (n_entries=0, leader_commit=2)
8321.1ms Leader 2 SENDING AppendEntries to vehicle 3 (n_entries=0, leader_commit=2)
8321.2ms Vehicle 0 RECEIVED AppendEntries from vehicle 2 (n_entries=0, leader_commit=2)
8321.4ms Vehicle 1 RECEIVED AppendEntries from vehicle 2 (n_entries=0, leader_commit=2)
8321.5ms Vehicle 3 RECEIVED AppendEntries from vehicle 2 (n_entries=0, leader_commit=2)
8441.1ms Leader 2 SENDING AppendEntries to vehicle 0 (n_entries=0, leader_commit=2)
8441.1ms Leader 2 SENDING AppendEntries to vehicle 1 (n_entries=0, leader_commit=2)
8441.1ms Leader 2 SENDING AppendEntries to vehicle 3 (n_entries=0, leader_commit=2)
8441.2ms Vehicle 0 RECEIVED AppendEntries from vehicle 2 (n_entries=0, leader_commit=2)
8441.5ms Vehicle 1 RECEIVED AppendEntries from vehicle 2 (n_entries=0, leader_commit=2)
8441.9ms Vehicle 3 RECEIVED AppendEntries from vehicle 2 (n_entries=0, leader_commit=2)
8561.1ms Leader 2 SENDING AppendEntries to vehicle 0 (n_entries=0, leader_commit=2)
8561.1ms Leader 2 SENDING AppendEntries to vehicle 1 (n_entries=0, leader_commit=2)
8561.1ms Leader 2 SENDING AppendEntries to vehicle 3 (n_entries=0, leader_commit=2)
8561.2ms Vehicle 0 RECEIVED AppendEntries from vehicle 2 (n_entries=0, leader_commit=2)
8561.3ms Vehicle 1 RECEIVED AppendEntries from vehicle 2 (n_entries=0, leader_commit=2)
8561.6ms Vehicle 3 RECEIVED AppendEntries from vehicle 2 (n_entries=0, leader_commit=2)
8681.1ms Leader 2 SENDING AppendEntries to vehicle 0 (n_entries=0, leader_commit=2)
8681.1ms Leader 2 SENDING AppendEntries to vehicle 1 (n_entries=0, leader_commit=2)
8681.1ms Leader 2 SENDING AppendEntries to vehicle 3 (n_entries=0, leader_commit=2)
8681.2ms Vehicle 0 RECEIVED AppendEntries from vehicle 2 (n_entries=0, leader_commit=2)
8681.3ms Vehicle 1 RECEIVED AppendEntries from vehicle 2 (n_entries=0, leader_commit=2)
8681.5ms Vehicle 3 RECEIVED AppendEntries from vehicle 2 (n_entries=0, leader_commit=2)
8801.1ms Leader 2 SENDING AppendEntries to vehicle 0 (n_entries=0, leader_commit=2)
8801.1ms Leader 2 SENDING AppendEntries to vehicle 1 (n_entries=0, leader_commit=2)
8801.1ms Leader 2 SENDING AppendEntries to vehicle 3 (n_entries=0, leader_commit=2)
8801.2ms Vehicle 0 RECEIVED AppendEntries from vehicle 2 (n_entries=0, leader_commit=2)
8801.7ms Vehicle 1 RECEIVED AppendEntries from vehicle 2 (n_entries=0, leader_commit=2)
8802.0ms Vehicle 3 RECEIVED AppendEntries from vehicle 2 (n_entries=0, leader_commit=2)
8921.1ms Leader 2 SENDING AppendEntries to vehicle 0 (n_entries=0, leader_commit=2)
8921.1ms Leader 2 SENDING AppendEntries to vehicle 1 (n_entries=0, leader_commit=2)
8921.1ms Leader 2 SENDING AppendEntries to vehicle 3 (n_entries=0, leader_commit=2)
8921.2ms Vehicle 0 RECEIVED AppendEntries from vehicle 2 (n_entries=0, leader_commit=2)
8921.5ms Vehicle 1 RECEIVED AppendEntries from vehicle 2 (n_entries=0, leader_commit=2)
8921.8ms Vehicle 3 RECEIVED AppendEntries from vehicle 2 (n_entries=0, leader_commit=2)
9041.1ms Leader 2 SENDING AppendEntries to vehicle 0 (n_entries=0, leader_commit=2)
9041.1ms Leader 2 SENDING AppendEntries to vehicle 1 (n_entries=0, leader_commit=2)
9041.1ms Leader 2 SENDING AppendEntries to vehicle 3 (n_entries=0, leader_commit=2)
9041.2ms Vehicle 0 RECEIVED AppendEntries from vehicle 2 (n_entries=0, leader_commit=2)
9041.4ms Vehicle 1 RECEIVED AppendEntries from vehicle 2 (n_entries=0, leader_commit=2)
9041.5ms Vehicle 3 RECEIVED AppendEntries from vehicle 2 (n_entries=0, leader_commit=2)
9161.1ms Leader 2 SENDING AppendEntries to vehicle 0 (n_entries=0, leader_commit=2)
9161.1ms Leader 2 SENDING AppendEntries to vehicle 1 (n_entries=0, leader_commit=2)
9161.1ms Leader 2 SENDING AppendEntries to vehicle 3 (n_entries=0, leader_commit=2)
9161.2ms Vehicle 0 RECEIVED AppendEntries from vehicle 2 (n_entries=0, leader_commit=2)
9161.5ms Vehicle 1 RECEIVED AppendEntries from vehicle 2 (n_entries=0, leader_commit=2)
9162.0ms Vehicle 3 RECEIVED AppendEntries from vehicle 2 (n_entries=0, leader_commit=2)
9281.1ms Leader 2 SENDING AppendEntries to vehicle 0 (n_entries=0, leader_commit=2)
9281.1ms Leader 2 SENDING AppendEntries to vehicle 1 (n_entries=0, leader_commit=2)
9281.1ms Leader 2 SENDING AppendEntries to vehicle 3 (n_entries=0, leader_commit=2)
9281.2ms Vehicle 0 RECEIVED AppendEntries from vehicle 2 (n_entries=0, leader_commit=2)
9281.4ms Vehicle 1 RECEIVED AppendEntries from vehicle 2 (n_entries=0, leader_commit=2)
9281.7ms Vehicle 3 RECEIVED AppendEntries from vehicle 2 (n_entries=0, leader_commit=2)
9401.1ms Leader 2 SENDING AppendEntries to vehicle 0 (n_entries=0, leader_commit=2)
9401.1ms Leader 2 SENDING AppendEntries to vehicle 1 (n_entries=0, leader_commit=2)
9401.1ms Leader 2 SENDING AppendEntries to vehicle 3 (n_entries=0, leader_commit=2)
9401.2ms Vehicle 0 RECEIVED AppendEntries from vehicle 2 (n_entries=0, leader_commit=2)
9401.3ms Vehicle 1 RECEIVED AppendEntries from vehicle 2 (n_entries=0, leader_commit=2)
9401.6ms Vehicle 3 RECEIVED AppendEntries from vehicle 2 (n_entries=0, leader_commit=2)
9521.1ms Leader 2 SENDING AppendEntries to vehicle 0 (n_entries=0, leader_commit=2)
9521.1ms Leader 2 SENDING AppendEntries to vehicle 1 (n_entries=0, leader_commit=2)
9521.1ms Leader 2 SENDING AppendEntries to vehicle 3 (n_entries=0, leader_commit=2)
9521.2ms Vehicle 0 RECEIVED AppendEntries from vehicle 2 (n_entries=0, leader_commit=2)
9521.6ms Vehicle 1 RECEIVED AppendEntries from vehicle 2 (n_entries=0, leader_commit=2)
9521.7ms Vehicle 3 RECEIVED AppendEntries from vehicle 2 (n_entries=0, leader_commit=2)
9641.1ms Leader 2 SENDING AppendEntries to vehicle 0 (n_entries=0, leader_commit=2)
9641.1ms Leader 2 SENDING AppendEntries to vehicle 1 (n_entries=0, leader_commit=2)
9641.1ms Leader 2 SENDING AppendEntries to vehicle 3 (n_entries=0, leader_commit=2)
9641.2ms Vehicle 0 RECEIVED AppendEntries from vehicle 2 (n_entries=0, leader_commit=2)
9641.6ms Vehicle 1 RECEIVED AppendEntries from vehicle 2 (n_entries=0, leader_commit=2)
9641.7ms Vehicle 3 RECEIVED AppendEntries from vehicle 2 (n_entries=0, leader_commit=2)
9761.1ms Leader 2 SENDING AppendEntries to vehicle 0 (n_entries=0, leader_commit=2)
9761.1ms Leader 2 SENDING AppendEntries to vehicle 1 (n_entries=0, leader_commit=2)
9761.1ms Leader 2 SENDING AppendEntries to vehicle 3 (n_entries=0, leader_commit=2)
9761.2ms Vehicle 0 RECEIVED AppendEntries from vehicle 2 (n_entries=0, leader_commit=2)
9761.7ms Vehicle 1 RECEIVED AppendEntries from vehicle 2 (n_entries=0, leader_commit=2)
9762.0ms Vehicle 3 RECEIVED AppendEntries from vehicle 2 (n_entries=0, leader_commit=2)
9.8 Vehicle 2 hasPassed=true (on exit edge -37551802#8)
9800.0ms Vehicle 2 LEFT intersection
9800.0ms Vehicle 2 BROADCASTING vehicle-passed
9800.0ms Vehicle 2 sending vehicle-left (isLeader=1, myBatch=0)
9800.1ms Vehicle 3 RECEIVED vehicle-passed from vehicle 2
9800.1ms Vehicle 0 RECEIVED vehicle-passed from vehicle 2
9800.1ms Vehicle 1 RECEIVED vehicle-passed from vehicle 2
10442.2ms Vehicle 0 sendRequestVote called for node 2
10442.2ms Vehicle 0 sendRequestVote called for node 3
10442.2ms Vehicle 0 sendRequestVote called for node 4
10442.2ms Vehicle 0 RAFT STATE CHANGED from 1 to 2
10442.2ms Vehicle 0 I am a candidate now! Starting election...
10861.5ms Vehicle 1 sendRequestVote called for node 1
10861.5ms Vehicle 1 sendRequestVote called for node 3
10861.5ms Vehicle 1 sendRequestVote called for node 4
10861.5ms Vehicle 1 RAFT STATE CHANGED from 1 to 2
10861.5ms Vehicle 1 I am a candidate now! Starting election...
11042.2ms Vehicle 0 sendRequestVote called for node 2
11042.2ms Vehicle 0 sendRequestVote called for node 3
11042.2ms Vehicle 0 sendRequestVote called for node 4
11043.0ms Leader 0 SENDING AppendEntries to vehicle 1 (n_entries=0, leader_commit=2)
11043.0ms Leader 0 SENDING AppendEntries to vehicle 3 (n_entries=0, leader_commit=2)
11043.3ms Vehicle 1 RECEIVED AppendEntries from vehicle 0 (n_entries=0, leader_commit=2)
11043.6ms Vehicle 3 RECEIVED AppendEntries from vehicle 0 (n_entries=0, leader_commit=2)
11062.2ms Vehicle 0 BECAME LEADER (term=4)
11162.2ms Leader 0 SENDING AppendEntries to vehicle 1 (n_entries=0, leader_commit=2)
11162.2ms Leader 0 SENDING AppendEntries to vehicle 3 (n_entries=0, leader_commit=2)
11162.3ms Vehicle 1 RECEIVED AppendEntries from vehicle 0 (n_entries=0, leader_commit=2)
11162.8ms Vehicle 3 RECEIVED AppendEntries from vehicle 0 (n_entries=0, leader_commit=2)
11282.2ms Leader 0 SENDING AppendEntries to vehicle 1 (n_entries=0, leader_commit=2)
11282.2ms Leader 0 SENDING AppendEntries to vehicle 3 (n_entries=0, leader_commit=2)
11282.3ms Vehicle 1 RECEIVED AppendEntries from vehicle 0 (n_entries=0, leader_commit=2)
11282.8ms Vehicle 3 RECEIVED AppendEntries from vehicle 0 (n_entries=0, leader_commit=2)
11402.2ms Leader 0 SENDING AppendEntries to vehicle 1 (n_entries=0, leader_commit=2)
11402.2ms Leader 0 SENDING AppendEntries to vehicle 3 (n_entries=0, leader_commit=2)
11402.3ms Vehicle 1 RECEIVED AppendEntries from vehicle 0 (n_entries=0, leader_commit=2)
11402.5ms Vehicle 3 RECEIVED AppendEntries from vehicle 0 (n_entries=0, leader_commit=2)
11522.2ms Leader 0 SENDING AppendEntries to vehicle 1 (n_entries=0, leader_commit=2)
11522.2ms Leader 0 SENDING AppendEntries to vehicle 3 (n_entries=0, leader_commit=2)
11522.3ms Vehicle 1 RECEIVED AppendEntries from vehicle 0 (n_entries=0, leader_commit=2)
11522.8ms Vehicle 3 RECEIVED AppendEntries from vehicle 0 (n_entries=0, leader_commit=2)
11642.2ms Leader 0 SENDING AppendEntries to vehicle 1 (n_entries=0, leader_commit=2)
11642.2ms Leader 0 SENDING AppendEntries to vehicle 3 (n_entries=0, leader_commit=2)
11642.3ms Vehicle 1 RECEIVED AppendEntries from vehicle 0 (n_entries=0, leader_commit=2)
11642.7ms Vehicle 3 RECEIVED AppendEntries from vehicle 0 (n_entries=0, leader_commit=2)
11762.2ms Leader 0 SENDING AppendEntries to vehicle 1 (n_entries=0, leader_commit=2)
11762.2ms Leader 0 SENDING AppendEntries to vehicle 3 (n_entries=0, leader_commit=2)
11762.3ms Vehicle 1 RECEIVED AppendEntries from vehicle 0 (n_entries=0, leader_commit=2)
11762.7ms Vehicle 3 RECEIVED AppendEntries from vehicle 0 (n_entries=0, leader_commit=2)
11882.2ms Leader 0 SENDING AppendEntries to vehicle 1 (n_entries=0, leader_commit=2)
11882.2ms Leader 0 SENDING AppendEntries to vehicle 3 (n_entries=0, leader_commit=2)
11882.3ms Vehicle 1 RECEIVED AppendEntries from vehicle 0 (n_entries=0, leader_commit=2)
11882.6ms Vehicle 3 RECEIVED AppendEntries from vehicle 0 (n_entries=0, leader_commit=2)
12002.2ms Leader 0 SENDING AppendEntries to vehicle 1 (n_entries=0, leader_commit=2)
12002.2ms Leader 0 SENDING AppendEntries to vehicle 3 (n_entries=0, leader_commit=2)
12002.3ms Vehicle 1 RECEIVED AppendEntries from vehicle 0 (n_entries=0, leader_commit=2)
12002.7ms Vehicle 3 RECEIVED AppendEntries from vehicle 0 (n_entries=0, leader_commit=2)
12.1 Vehicle 0 hasPassed=true (on exit edge -34894202#10)
12100.0ms Vehicle 0 LEFT intersection
12100.0ms Vehicle 0 BROADCASTING vehicle-passed
12100.0ms Vehicle 0 sending vehicle-left (isLeader=1, myBatch=0)
12100.1ms Vehicle 1 RECEIVED vehicle-passed from vehicle 0
12100.1ms Vehicle 3 RECEIVED vehicle-passed from vehicle 0
12641.5ms Vehicle 1 sendRequestVote called for node 1
12641.5ms Vehicle 1 sendRequestVote called for node 3
12641.5ms Vehicle 1 sendRequestVote called for node 4
12641.5ms Vehicle 1 RAFT STATE CHANGED from 1 to 2
12641.5ms Vehicle 1 I am a candidate now! Starting election...
13421.8ms Vehicle 3 sendRequestVote called for node 1
13421.8ms Vehicle 3 sendRequestVote called for node 2
13421.8ms Vehicle 3 sendRequestVote called for node 3
13421.8ms Vehicle 3 RAFT STATE CHANGED from 1 to 2
13421.8ms Vehicle 3 I am a candidate now! Starting election...
14041.8ms Vehicle 3 sendRequestVote called for node 1
14041.8ms Vehicle 3 sendRequestVote called for node 2
14041.8ms Vehicle 3 sendRequestVote called for node 3
14581.8ms Vehicle 3 sendRequestVote called for node 1
14581.8ms Vehicle 3 sendRequestVote called for node 2
14581.8ms Vehicle 3 sendRequestVote called for node 3
15241.5ms Vehicle 1 sendRequestVote called for node 1
15241.5ms Vehicle 1 sendRequestVote called for node 3
15241.5ms Vehicle 1 sendRequestVote called for node 4
15241.5ms Vehicle 1 RAFT STATE CHANGED from 1 to 2
15241.5ms Vehicle 1 I am a candidate now! Starting election...
15921.8ms Vehicle 3 sendRequestVote called for node 1
15921.8ms Vehicle 3 sendRequestVote called for node 2
15921.8ms Vehicle 3 sendRequestVote called for node 3
15921.8ms Vehicle 3 RAFT STATE CHANGED from 1 to 2
15921.8ms Vehicle 3 I am a candidate now! Starting election...
16821.5ms Vehicle 1 sendRequestVote called for node 1
16821.5ms Vehicle 1 sendRequestVote called for node 3
16821.5ms Vehicle 1 sendRequestVote called for node 4
16821.5ms Vehicle 1 RAFT STATE CHANGED from 1 to 2
16821.5ms Vehicle 1 I am a candidate now! Starting election...
16821.8ms Vehicle 3 sendRequestVote called for node 1
16821.8ms Vehicle 3 sendRequestVote called for node 2
16821.8ms Vehicle 3 sendRequestVote called for node 3
17601.5ms Vehicle 1 sendRequestVote called for node 1
17601.5ms Vehicle 1 sendRequestVote called for node 3
17601.5ms Vehicle 1 sendRequestVote called for node 4
18141.8ms Vehicle 3 sendRequestVote called for node 1
18141.8ms Vehicle 3 sendRequestVote called for node 2
18141.8ms Vehicle 3 sendRequestVote called for node 3
18141.8ms Vehicle 3 RAFT STATE CHANGED from 1 to 2
18141.8ms Vehicle 3 I am a candidate now! Starting election...
18421.5ms Vehicle 1 sendRequestVote called for node 1
18421.5ms Vehicle 1 sendRequestVote called for node 3
18421.5ms Vehicle 1 sendRequestVote called for node 4
19161.8ms Vehicle 3 sendRequestVote called for node 1
19161.8ms Vehicle 3 sendRequestVote called for node 2
19161.8ms Vehicle 3 sendRequestVote called for node 3
20061.5ms Vehicle 1 sendRequestVote called for node 1
20061.5ms Vehicle 1 sendRequestVote called for node 3
20061.5ms Vehicle 1 sendRequestVote called for node 4
20061.5ms Vehicle 1 RAFT STATE CHANGED from 1 to 2
20061.5ms Vehicle 1 I am a candidate now! Starting election...
20681.8ms Vehicle 3 sendRequestVote called for node 1
20681.8ms Vehicle 3 sendRequestVote called for node 2
20681.8ms Vehicle 3 sendRequestVote called for node 3
20681.8ms Vehicle 3 RAFT STATE CHANGED from 1 to 2
20681.8ms Vehicle 3 I am a candidate now! Starting election...
21461.5ms Vehicle 1 sendRequestVote called for node 1
21461.5ms Vehicle 1 sendRequestVote called for node 3
21461.5ms Vehicle 1 sendRequestVote called for node 4
21461.5ms Vehicle 1 RAFT STATE CHANGED from 1 to 2
21461.5ms Vehicle 1 I am a candidate now! Starting election...
22081.8ms Vehicle 3 sendRequestVote called for node 1
22081.8ms Vehicle 3 sendRequestVote called for node 2
22081.8ms Vehicle 3 sendRequestVote called for node 3
22081.8ms Vehicle 3 RAFT STATE CHANGED from 1 to 2
22081.8ms Vehicle 3 I am a candidate now! Starting election...
22881.8ms Vehicle 3 sendRequestVote called for node 1
22881.8ms Vehicle 3 sendRequestVote called for node 2
22881.8ms Vehicle 3 sendRequestVote called for node 3
23561.5ms Vehicle 1 sendRequestVote called for node 1
23561.5ms Vehicle 1 sendRequestVote called for node 3
23561.5ms Vehicle 1 sendRequestVote called for node 4
23561.5ms Vehicle 1 RAFT STATE CHANGED from 1 to 2
23561.5ms Vehicle 1 I am a candidate now! Starting election...
23881.8ms Vehicle 3 sendRequestVote called for node 1
23881.8ms Vehicle 3 sendRequestVote called for node 2
23881.8ms Vehicle 3 sendRequestVote called for node 3
24201.5ms Vehicle 1 sendRequestVote called for node 1
24201.5ms Vehicle 1 sendRequestVote called for node 3
24201.5ms Vehicle 1 sendRequestVote called for node 4
24961.5ms Vehicle 1 sendRequestVote called for node 1
24961.5ms Vehicle 1 sendRequestVote called for node 3
24961.5ms Vehicle 1 sendRequestVote called for node 4
25501.8ms Vehicle 3 sendRequestVote called for node 1
25501.8ms Vehicle 3 sendRequestVote called for node 2
25501.8ms Vehicle 3 sendRequestVote called for node 3
25501.8ms Vehicle 3 RAFT STATE CHANGED from 1 to 2
25501.8ms Vehicle 3 I am a candidate now! Starting election...
26161.5ms Vehicle 1 sendRequestVote called for node 1
26161.5ms Vehicle 1 sendRequestVote called for node 3
26161.5ms Vehicle 1 sendRequestVote called for node 4
26161.5ms Vehicle 1 RAFT STATE CHANGED from 1 to 2
26161.5ms Vehicle 1 I am a candidate now! Starting election...
26161.8ms Vehicle 3 sendRequestVote called for node 1
26161.8ms Vehicle 3 sendRequestVote called for node 2
26161.8ms Vehicle 3 sendRequestVote called for node 3
27081.5ms Vehicle 1 sendRequestVote called for node 1
27081.5ms Vehicle 1 sendRequestVote called for node 3
27081.5ms Vehicle 1 sendRequestVote called for node 4
27081.8ms Vehicle 3 sendRequestVote called for node 1
27081.8ms Vehicle 3 sendRequestVote called for node 2
27081.8ms Vehicle 3 sendRequestVote called for node 3
27901.5ms Vehicle 1 sendRequestVote called for node 1
27901.5ms Vehicle 1 sendRequestVote called for node 3
27901.5ms Vehicle 1 sendRequestVote called for node 4
28461.8ms Vehicle 3 sendRequestVote called for node 1
28461.8ms Vehicle 3 sendRequestVote called for node 2
28461.8ms Vehicle 3 sendRequestVote called for node 3
28461.8ms Vehicle 3 RAFT STATE CHANGED from 1 to 2
28461.8ms Vehicle 3 I am a candidate now! Starting election...
29341.8ms Vehicle 3 sendRequestVote called for node 1
29341.8ms Vehicle 3 sendRequestVote called for node 2
29341.8ms Vehicle 3 sendRequestVote called for node 3
29921.8ms Vehicle 3 sendRequestVote called for node 1
29921.8ms Vehicle 3 sendRequestVote called for node 2
29921.8ms Vehicle 3 sendRequestVote called for node 3
30761.5ms Vehicle 1 sendRequestVote called for node 1
30761.5ms Vehicle 1 sendRequestVote called for node 3
30761.5ms Vehicle 1 sendRequestVote called for node 4
30761.5ms Vehicle 1 RAFT STATE CHANGED from 1 to 2
30761.5ms Vehicle 1 I am a candidate now! Starting election...
31441.8ms Vehicle 3 sendRequestVote called for node 1
31441.8ms Vehicle 3 sendRequestVote called for node 2
31441.8ms Vehicle 3 sendRequestVote called for node 3
31441.8ms Vehicle 3 RAFT STATE CHANGED from 1 to 2
31441.8ms Vehicle 3 I am a candidate now! Starting election...
32061.8ms Vehicle 3 sendRequestVote called for node 1
32061.8ms Vehicle 3 sendRequestVote called for node 2
32061.8ms Vehicle 3 sendRequestVote called for node 3
32601.8ms Vehicle 3 sendRequestVote called for node 1
32601.8ms Vehicle 3 sendRequestVote called for node 2
32601.8ms Vehicle 3 sendRequestVote called for node 3
33441.5ms Vehicle 1 sendRequestVote called for node 1
33441.5ms Vehicle 1 sendRequestVote called for node 3
33441.5ms Vehicle 1 sendRequestVote called for node 4
33441.5ms Vehicle 1 RAFT STATE CHANGED from 1 to 2
33441.5ms Vehicle 1 I am a candidate now! Starting election...
34241.8ms Vehicle 3 sendRequestVote called for node 1
34241.8ms Vehicle 3 sendRequestVote called for node 2
34241.8ms Vehicle 3 sendRequestVote called for node 3
34241.8ms Vehicle 3 RAFT STATE CHANGED from 1 to 2
34241.8ms Vehicle 3 I am a candidate now! Starting election...
34801.8ms Vehicle 3 sendRequestVote called for node 1
34801.8ms Vehicle 3 sendRequestVote called for node 2
34801.8ms Vehicle 3 sendRequestVote called for node 3
35661.8ms Vehicle 3 sendRequestVote called for node 1
35661.8ms Vehicle 3 sendRequestVote called for node 2
35661.8ms Vehicle 3 sendRequestVote called for node 3
36181.8ms Vehicle 3 sendRequestVote called for node 1
36181.8ms Vehicle 3 sendRequestVote called for node 2
36181.8ms Vehicle 3 sendRequestVote called for node 3
36741.8ms Vehicle 3 sendRequestVote called for node 1
36741.8ms Vehicle 3 sendRequestVote called for node 2
36741.8ms Vehicle 3 sendRequestVote called for node 3
37741.5ms Vehicle 1 BATCH SAFETY FALLBACK (lost VEHICLE_LEFT?) for batch 1
37741.5ms Vehicle 1 RESUMING movement
37741.8ms Vehicle 3 BATCH SAFETY FALLBACK (lost VEHICLE_LEFT?) for batch 1
37741.8ms Vehicle 3 RESUMING movement
37741.8ms Vehicle 3 sendRequestVote called for node 1
37741.8ms Vehicle 3 sendRequestVote called for node 2
37741.8ms Vehicle 3 sendRequestVote called for node 3
38301.8ms Vehicle 3 sendRequestVote called for node 1
38301.8ms Vehicle 3 sendRequestVote called for node 2
38301.8ms Vehicle 3 sendRequestVote called for node 3
39221.5ms Vehicle 1 sendRequestVote called for node 1
39221.5ms Vehicle 1 sendRequestVote called for node 3
39221.5ms Vehicle 1 sendRequestVote called for node 4
39221.5ms Vehicle 1 RAFT STATE CHANGED from 1 to 2
39221.5ms Vehicle 1 I am a candidate now! Starting election...
39.8 Vehicle 3 hasPassed=true (on exit edge -36905242#11)
39800.0ms Vehicle 3 LEFT intersection
39800.0ms Vehicle 3 BROADCASTING vehicle-passed
39800.0ms Vehicle 3 sending vehicle-left (isLeader=0, myBatch=1)
39800.1ms Vehicle 1 RECEIVED vehicle-passed from vehicle 3
39800.2ms Vehicle 1 RECEIVED vehicle-left from vehicle 3
39.9 Vehicle 1 hasPassed=true (on exit edge 34894202#13)
39900.0ms Vehicle 1 LEFT intersection
39900.0ms Vehicle 1 BROADCASTING vehicle-passed
39900.0ms Vehicle 1 sending vehicle-left (isLeader=0, myBatch=1)
Closed results file.
** Event #53254   t=300   Elapsed: 1.21283s (0m 01s)  100% completed  (100% total)
     Speed:     ev/sec=43909.2   simsec/sec=37.4334   ev/simsec=1173
     Messages:  created: 30061   present: 3   in FES: 0

<!> Simulation time limit reached -- at t=300s, event #53254

Calling finish() at end of Run #0...
[INFO]	Radio signal arrival computation count = 3414
[INFO]	Transmission count = 1680
[INFO]	Signal send count = 3414
[INFO]	Reception computation count = 3414
[INFO]	Interference computation count = 11901
[INFO]	Reception decision computation count = 2634
[INFO]	Listening decision computation count = 5863
[INFO]	Reception cache hit = 84.1673 %
[INFO]	Interference cache hit = 66.6667 %
[INFO]	Noise cache hit = 0 %
[INFO]	SNIR cache hit = 50 %
[INFO]	Reception decision cache hit = 50 %
[INFO]	Reception result cache hit = 0 %

End.
