OMNeT++ Discrete Event Simulation  (C) 1992-2019 Andras Varga, OpenSim Ltd.
Version: 5.6.2, build: 200518-aa79d0918f, edition: Academic Public License -- NOT FOR COMMERCIAL USE
See the license for distribution terms and warranty disclaimer

Setting up Cmdenv...

Loading NED files from ..:  9
Loading NED files from ../../src:  11
Loading NED files from ../../../inet/src:  831
Loading NED files from ../../../inet/examples:  174
Loading NED files from ../../../inet/tutorials:  10
Loading NED files from ../../../inet/showcases:  46
Loading NED files from ../../../../veins/examples/veins:  1
Loading NED files from ../../../../veins/src/veins:  44

Preparing for running configuration General, run #0...
Assigned runID=General-0-20260222-01:50:23-303562
Setting up network "IntersectionScenarioWave"...
Initializing...

Running simulation...
** Event #0   t=0   Elapsed: 1.4e-05s (0m 00s)  0% completed  (0% total)
     Speed:     ev/sec=0   simsec/sec=0   ev/simsec=0
     Messages:  created: 2   present: 2   in FES: 3
Vehicle 0 edge config: 4 approach edges, 4 exit edges
Opened results file: /home/mathesh/omnetpp-workspace/benchmark/results/benchmark_4v/run_2/raft_results.json
Vehicle 1 edge config: 4 approach edges, 4 exit edges
500.0ms Vehicle 1 STOPPED at intersection (edge=34894202#10)
526.1ms Vehicle 1 CLUSTER TRIGGER (at intersection with 1 peers)
526.1ms Vehicle 1 FORMING CLUSTER with 4 members: [0,1,2,3]
526.7ms Vehicle 0 received CLUSTER_FORM from 1 with 2 members
526.7ms Vehicle 0 FORMING CLUSTER with 4 members: [0,1,2,3]
Vehicle 2 edge config: 4 approach edges, 4 exit edges
826.7ms Vehicle 2 joining EXISTING cluster from 1 with 4 members
826.7ms Vehicle 2 FORMING CLUSTER with 4 members: [0,1,2,3]
Vehicle 3 edge config: 4 approach edges, 4 exit edges
1426.7ms Vehicle 3 joining EXISTING cluster from 1 with 4 members
1426.7ms Vehicle 3 FORMING CLUSTER with 4 members: [0,1,2,3]
1627.8ms Leader 2 SENDING AppendEntries to vehicle 0 (n_entries=0, leader_commit=0)
1627.8ms Leader 2 SENDING AppendEntries to vehicle 1 (n_entries=0, leader_commit=0)
1627.8ms Leader 2 SENDING AppendEntries to vehicle 3 (n_entries=0, leader_commit=0)
1628.7ms Vehicle 0 RECEIVED AppendEntries from 2 (n_entries=0, leader_commit=0)
1628.7ms Vehicle 0 SENDING AppendEntriesResponse to 2 (success=1, current_idx=0)
1629.0ms Leader 2 RECEIVED AppendEntriesResponse from 0 (success=1, current_idx=0)
1629.3ms Vehicle 1 RECEIVED AppendEntries from 2 (n_entries=0, leader_commit=0)
1629.3ms Vehicle 1 SENDING AppendEntriesResponse to 2 (success=1, current_idx=0)
1629.6ms Leader 2 RECEIVED AppendEntriesResponse from 1 (success=1, current_idx=0)
1629.9ms Vehicle 3 RECEIVED AppendEntries from 2 (n_entries=0, leader_commit=0)
1629.9ms Vehicle 3 SENDING AppendEntriesResponse to 2 (success=1, current_idx=0)
1630.2ms Leader 2 RECEIVED AppendEntriesResponse from 3 (success=1, current_idx=0)
1726.7ms Vehicle 2 BECAME LEADER (term=2)
1826.7ms Leader 2 SENDING AppendEntries to vehicle 0 (n_entries=0, leader_commit=0)
1826.7ms Leader 2 SENDING AppendEntries to vehicle 1 (n_entries=0, leader_commit=0)
1826.7ms Leader 2 SENDING AppendEntries to vehicle 3 (n_entries=0, leader_commit=0)
1826.9ms Vehicle 0 RECEIVED AppendEntries from 2 (n_entries=0, leader_commit=0)
1826.9ms Vehicle 0 SENDING AppendEntriesResponse to 2 (success=1, current_idx=0)
1827.2ms Leader 2 RECEIVED AppendEntriesResponse from 0 (success=1, current_idx=0)
1827.5ms Vehicle 1 RECEIVED AppendEntries from 2 (n_entries=0, leader_commit=0)
1827.5ms Vehicle 1 SENDING AppendEntriesResponse to 2 (success=1, current_idx=0)
1827.8ms Leader 2 RECEIVED AppendEntriesResponse from 1 (success=1, current_idx=0)
1828.1ms Vehicle 3 RECEIVED AppendEntries from 2 (n_entries=0, leader_commit=0)
1828.1ms Vehicle 3 SENDING AppendEntriesResponse to 2 (success=1, current_idx=0)
1828.4ms Leader 2 RECEIVED AppendEntriesResponse from 3 (success=1, current_idx=0)
2026.7ms Leader 2 SENDING AppendEntries to vehicle 0 (n_entries=0, leader_commit=0)
2026.7ms Leader 2 SENDING AppendEntries to vehicle 1 (n_entries=0, leader_commit=0)
2026.7ms Leader 2 SENDING AppendEntries to vehicle 3 (n_entries=0, leader_commit=0)
2027.0ms Vehicle 0 RECEIVED AppendEntries from 2 (n_entries=0, leader_commit=0)
2027.0ms Vehicle 0 SENDING AppendEntriesResponse to 2 (success=1, current_idx=0)
2027.2ms Leader 2 RECEIVED AppendEntriesResponse from 0 (success=1, current_idx=0)
2027.5ms Vehicle 1 RECEIVED AppendEntries from 2 (n_entries=0, leader_commit=0)
2027.5ms Vehicle 1 SENDING AppendEntriesResponse to 2 (success=1, current_idx=0)
2027.8ms Leader 2 RECEIVED AppendEntriesResponse from 1 (success=1, current_idx=0)
2028.1ms Vehicle 3 RECEIVED AppendEntries from 2 (n_entries=0, leader_commit=0)
2028.1ms Vehicle 3 SENDING AppendEntriesResponse to 2 (success=1, current_idx=0)
2028.4ms Leader 2 RECEIVED AppendEntriesResponse from 3 (success=1, current_idx=0)
2226.7ms Leader 2 SENDING AppendEntries to vehicle 0 (n_entries=0, leader_commit=0)
2226.7ms Leader 2 SENDING AppendEntries to vehicle 1 (n_entries=0, leader_commit=0)
2226.7ms Leader 2 SENDING AppendEntries to vehicle 3 (n_entries=0, leader_commit=0)
2226.9ms Vehicle 0 RECEIVED AppendEntries from 2 (n_entries=0, leader_commit=0)
2226.9ms Vehicle 0 SENDING AppendEntriesResponse to 2 (success=1, current_idx=0)
2227.2ms Vehicle 1 RECEIVED AppendEntries from 2 (n_entries=0, leader_commit=0)
2227.2ms Vehicle 1 SENDING AppendEntriesResponse to 2 (success=1, current_idx=0)
2227.5ms Leader 2 RECEIVED AppendEntriesResponse from 1 (success=1, current_idx=0)
2227.8ms Vehicle 3 RECEIVED AppendEntries from 2 (n_entries=0, leader_commit=0)
2227.8ms Vehicle 3 SENDING AppendEntriesResponse to 2 (success=1, current_idx=0)
2228.1ms Leader 2 RECEIVED AppendEntriesResponse from 3 (success=1, current_idx=0)
2426.7ms Leader 2 SENDING AppendEntries to vehicle 0 (n_entries=0, leader_commit=0)
2426.7ms Leader 2 SENDING AppendEntries to vehicle 1 (n_entries=0, leader_commit=0)
2426.7ms Leader 2 SENDING AppendEntries to vehicle 3 (n_entries=0, leader_commit=0)
2426.9ms Vehicle 0 RECEIVED AppendEntries from 2 (n_entries=0, leader_commit=0)
2426.9ms Vehicle 0 SENDING AppendEntriesResponse to 2 (success=1, current_idx=0)
2427.2ms Leader 2 RECEIVED AppendEntriesResponse from 0 (success=1, current_idx=0)
2427.5ms Vehicle 1 RECEIVED AppendEntries from 2 (n_entries=0, leader_commit=0)
2427.5ms Vehicle 1 SENDING AppendEntriesResponse to 2 (success=1, current_idx=0)
2427.8ms Leader 2 RECEIVED AppendEntriesResponse from 1 (success=1, current_idx=0)
2428.1ms Vehicle 3 RECEIVED AppendEntries from 2 (n_entries=0, leader_commit=0)
2428.1ms Vehicle 3 SENDING AppendEntriesResponse to 2 (success=1, current_idx=0)
2428.4ms Leader 2 RECEIVED AppendEntriesResponse from 3 (success=1, current_idx=0)
2600.0ms Vehicle 2 STOPPED at intersection (edge=36905242#11)
2600.0ms Vehicle 2 is LEADER and just stopped, starting status collection
2600.0ms Leader 2 sending STATUS_REQUEST to all (timeout=1100ms)
2626.7ms Leader 2 SENDING AppendEntries to vehicle 0 (n_entries=0, leader_commit=0)
2626.7ms Leader 2 SENDING AppendEntries to vehicle 1 (n_entries=0, leader_commit=0)
2626.7ms Leader 2 SENDING AppendEntries to vehicle 3 (n_entries=0, leader_commit=0)
2627.0ms Vehicle 0 RECEIVED AppendEntries from 2 (n_entries=0, leader_commit=0)
2627.0ms Vehicle 0 SENDING AppendEntriesResponse to 2 (success=1, current_idx=0)
2627.3ms Leader 2 RECEIVED AppendEntriesResponse from 0 (success=1, current_idx=0)
2627.6ms Vehicle 1 RECEIVED AppendEntries from 2 (n_entries=0, leader_commit=0)
2627.6ms Vehicle 1 SENDING AppendEntriesResponse to 2 (success=1, current_idx=0)
2627.9ms Leader 2 RECEIVED AppendEntriesResponse from 1 (success=1, current_idx=0)
2628.2ms Vehicle 3 RECEIVED AppendEntries from 2 (n_entries=0, leader_commit=0)
2628.2ms Vehicle 3 SENDING AppendEntriesResponse to 2 (success=1, current_idx=0)
2628.4ms Leader 2 RECEIVED AppendEntriesResponse from 3 (success=1, current_idx=0)
2789.5ms Leader 2 received STATUS_RESPONSE from 3 (isLeader=1, waiting=1)
2789.5ms Leader 2 stored proposal from 3 (count=1/3)
2826.7ms Leader 2 SENDING AppendEntries to vehicle 0 (n_entries=0, leader_commit=0)
2826.7ms Leader 2 SENDING AppendEntries to vehicle 1 (n_entries=0, leader_commit=0)
2826.7ms Leader 2 SENDING AppendEntries to vehicle 3 (n_entries=0, leader_commit=0)
2826.9ms Vehicle 0 RECEIVED AppendEntries from 2 (n_entries=0, leader_commit=0)
2826.9ms Vehicle 0 SENDING AppendEntriesResponse to 2 (success=1, current_idx=0)
2827.2ms Leader 2 RECEIVED AppendEntriesResponse from 0 (success=1, current_idx=0)
2827.5ms Vehicle 1 RECEIVED AppendEntries from 2 (n_entries=0, leader_commit=0)
2827.5ms Vehicle 1 SENDING AppendEntriesResponse to 2 (success=1, current_idx=0)
2858.8ms Leader 2 received STATUS_RESPONSE from 0 (isLeader=1, waiting=1)
2858.8ms Leader 2 stored proposal from 0 (count=2/3)
3026.7ms Leader 2 SENDING AppendEntries to vehicle 0 (n_entries=0, leader_commit=0)
3026.7ms Leader 2 SENDING AppendEntries to vehicle 1 (n_entries=0, leader_commit=0)
3026.7ms Leader 2 SENDING AppendEntries to vehicle 3 (n_entries=0, leader_commit=0)
3026.9ms Vehicle 0 RECEIVED AppendEntries from 2 (n_entries=0, leader_commit=0)
3026.9ms Vehicle 0 SENDING AppendEntriesResponse to 2 (success=1, current_idx=0)
3027.2ms Leader 2 RECEIVED AppendEntriesResponse from 0 (success=1, current_idx=0)
3027.5ms Vehicle 1 RECEIVED AppendEntries from 2 (n_entries=0, leader_commit=0)
3027.5ms Vehicle 1 SENDING AppendEntriesResponse to 2 (success=1, current_idx=0)
3027.8ms Leader 2 RECEIVED AppendEntriesResponse from 1 (success=1, current_idx=0)
3028.1ms Vehicle 3 RECEIVED AppendEntries from 2 (n_entries=0, leader_commit=0)
3028.1ms Vehicle 3 SENDING AppendEntriesResponse to 2 (success=1, current_idx=0)
3028.4ms Leader 2 RECEIVED AppendEntriesResponse from 3 (success=1, current_idx=0)
3034.5ms Leader 2 received STATUS_RESPONSE from 1 (isLeader=1, waiting=1)
3034.5ms Leader 2 stored proposal from 1 (count=3/3)
3034.5ms Leader 2 proposePassOrder: collectedProposals has 4 entries: [0(lane=0,first=1,wait=0.0ms,blockedBy=-1), 1(lane=1,first=1,wait=2534.2ms,blockedBy=-1), 2(lane=2,first=1,wait=434.5ms,blockedBy=-1), 3(lane=3,first=1,wait=0.0ms,blockedBy=-1), ]
3034.5ms Vehicle 2 doLogOffer called for entry #1 (len=293)
3034.5ms Leader 2 SENDING AppendEntries to vehicle 0 (n_entries=1, leader_commit=0)
3034.5ms Leader 2 SENDING AppendEntries to vehicle 1 (n_entries=1, leader_commit=0)
3034.5ms Leader 2 SENDING AppendEntries to vehicle 3 (n_entries=1, leader_commit=0)
3034.5ms Leader 2 PROPOSED PASS_SCHEDULE entry #1 (2 batches): [1,3] -> [0,2]
  Entry 0: dataLen=293, firstByte=3
3034.8ms Vehicle 0 RECEIVED AppendEntries from 2 (n_entries=1, leader_commit=0)
3034.8ms Vehicle 0 doLogOffer called for entry #1 (len=293)
3034.8ms Vehicle 0 SENDING AppendEntriesResponse to 2 (success=1, current_idx=1)
  Entry 0: dataLen=293, firstByte=3
3035.1ms Vehicle 1 RECEIVED AppendEntries from 2 (n_entries=1, leader_commit=0)
3035.1ms Vehicle 1 doLogOffer called for entry #1 (len=293)
3035.1ms Vehicle 1 SENDING AppendEntriesResponse to 2 (success=1, current_idx=1)
3035.4ms Leader 2 RECEIVED AppendEntriesResponse from 1 (success=1, current_idx=1)
  Entry 0: dataLen=293, firstByte=3
3035.6ms Vehicle 3 RECEIVED AppendEntries from 2 (n_entries=1, leader_commit=0)
3035.6ms Vehicle 3 doLogOffer called for entry #1 (len=293)
3035.6ms Vehicle 3 SENDING AppendEntriesResponse to 2 (success=1, current_idx=1)
3035.9ms Leader 2 RECEIVED AppendEntriesResponse from 3 (success=1, current_idx=1)
3126.7ms Vehicle 2 doApplyLog called for entry #1 (lastApplied=0, len=293)
3126.7ms Vehicle 2 doApplyLog type=3 (PASS_ORDER=3, PASS_COMMAND=1)
3126.7ms Vehicle 2 APPLYING committed PASS_SCHEDULE entry #1 (numBatches=2)
  Batch 0: [1,3]
  Batch 1: [0,2]
3126.7ms Vehicle 2 executes. Assigned Batch: 1 (currentBatch=0)
3126.7ms Vehicle 2 scheduling safety timer for batch 1 in 2000.0ms
3226.7ms Leader 2 SENDING AppendEntries to vehicle 0 (n_entries=1, leader_commit=1)
3226.7ms Leader 2 SENDING AppendEntries to vehicle 1 (n_entries=0, leader_commit=1)
3226.7ms Leader 2 SENDING AppendEntries to vehicle 3 (n_entries=0, leader_commit=1)
  Entry 0: dataLen=293, firstByte=3
3226.9ms Vehicle 0 RECEIVED AppendEntries from 2 (n_entries=1, leader_commit=1)
3226.9ms Vehicle 0 SENDING AppendEntriesResponse to 2 (success=1, current_idx=1)
3227.2ms Vehicle 1 RECEIVED AppendEntries from 2 (n_entries=0, leader_commit=1)
3227.2ms Vehicle 1 SENDING AppendEntriesResponse to 2 (success=1, current_idx=1)
3227.5ms Vehicle 3 RECEIVED AppendEntries from 2 (n_entries=0, leader_commit=1)
3227.5ms Vehicle 3 SENDING AppendEntriesResponse to 2 (success=1, current_idx=1)
3326.1ms Vehicle 1 doApplyLog called for entry #1 (lastApplied=0, len=293)
3326.1ms Vehicle 1 doApplyLog type=3 (PASS_ORDER=3, PASS_COMMAND=1)
3326.1ms Vehicle 1 APPLYING committed PASS_SCHEDULE entry #1 (numBatches=2)
  Batch 0: [1,3]
  Batch 1: [0,2]
3326.1ms Vehicle 1 executes. Assigned Batch: 0 (currentBatch=0)
3326.1ms Vehicle 1 RESUMING movement
3326.7ms Vehicle 0 doApplyLog called for entry #1 (lastApplied=0, len=293)
3326.7ms Vehicle 0 doApplyLog type=3 (PASS_ORDER=3, PASS_COMMAND=1)
3326.7ms Vehicle 0 APPLYING committed PASS_SCHEDULE entry #1 (numBatches=2)
  Batch 0: [1,3]
  Batch 1: [0,2]
3326.7ms Vehicle 0 executes. Assigned Batch: 1 (currentBatch=0)
3326.7ms Vehicle 0 scheduling safety timer for batch 1 in 2000.0ms
3326.7ms Vehicle 3 doApplyLog called for entry #1 (lastApplied=0, len=293)
3326.7ms Vehicle 3 doApplyLog type=3 (PASS_ORDER=3, PASS_COMMAND=1)
3326.7ms Vehicle 3 APPLYING committed PASS_SCHEDULE entry #1 (numBatches=2)
  Batch 0: [1,3]
  Batch 1: [0,2]
3326.7ms Vehicle 3 executes. Assigned Batch: 0 (currentBatch=0)
3326.7ms Vehicle 3 RESUMING movement
3426.7ms Leader 2 SENDING AppendEntries to vehicle 0 (n_entries=1, leader_commit=1)
3426.7ms Leader 2 SENDING AppendEntries to vehicle 1 (n_entries=0, leader_commit=1)
3426.7ms Leader 2 SENDING AppendEntries to vehicle 3 (n_entries=0, leader_commit=1)
  Entry 0: dataLen=293, firstByte=3
3426.9ms Vehicle 0 RECEIVED AppendEntries from 2 (n_entries=1, leader_commit=1)
3426.9ms Vehicle 0 SENDING AppendEntriesResponse to 2 (success=1, current_idx=1)
3427.2ms Leader 2 RECEIVED AppendEntriesResponse from 0 (success=1, current_idx=1)
3427.5ms Vehicle 1 RECEIVED AppendEntries from 2 (n_entries=0, leader_commit=1)
3427.5ms Vehicle 1 SENDING AppendEntriesResponse to 2 (success=1, current_idx=1)
3626.7ms Leader 2 SENDING AppendEntries to vehicle 0 (n_entries=0, leader_commit=1)
3626.7ms Leader 2 SENDING AppendEntries to vehicle 1 (n_entries=0, leader_commit=1)
3626.7ms Leader 2 SENDING AppendEntries to vehicle 3 (n_entries=0, leader_commit=1)
3626.9ms Vehicle 0 RECEIVED AppendEntries from 2 (n_entries=0, leader_commit=1)
3626.9ms Vehicle 0 SENDING AppendEntriesResponse to 2 (success=1, current_idx=1)
3627.2ms Leader 2 RECEIVED AppendEntriesResponse from 0 (success=1, current_idx=1)
3627.5ms Vehicle 1 RECEIVED AppendEntries from 2 (n_entries=0, leader_commit=1)
3627.5ms Vehicle 1 SENDING AppendEntriesResponse to 2 (success=1, current_idx=1)
3627.8ms Leader 2 RECEIVED AppendEntriesResponse from 1 (success=1, current_idx=1)
3628.1ms Vehicle 3 RECEIVED AppendEntries from 2 (n_entries=0, leader_commit=1)
3628.1ms Vehicle 3 SENDING AppendEntriesResponse to 2 (success=1, current_idx=1)
3628.4ms Leader 2 RECEIVED AppendEntriesResponse from 3 (success=1, current_idx=1)
3800.0ms Vehicle 3 STOPPED at intersection (edge=37551802#8)
3826.7ms Leader 2 SENDING AppendEntries to vehicle 0 (n_entries=0, leader_commit=1)
3826.7ms Leader 2 SENDING AppendEntries to vehicle 1 (n_entries=0, leader_commit=1)
3826.7ms Leader 2 SENDING AppendEntries to vehicle 3 (n_entries=0, leader_commit=1)
3827.0ms Vehicle 0 RECEIVED AppendEntries from 2 (n_entries=0, leader_commit=1)
3827.0ms Vehicle 0 SENDING AppendEntriesResponse to 2 (success=1, current_idx=1)
3827.2ms Vehicle 1 RECEIVED AppendEntries from 2 (n_entries=0, leader_commit=1)
3827.2ms Vehicle 1 SENDING AppendEntriesResponse to 2 (success=1, current_idx=1)
4026.7ms Leader 2 SENDING AppendEntries to vehicle 0 (n_entries=0, leader_commit=1)
4026.7ms Leader 2 SENDING AppendEntries to vehicle 1 (n_entries=0, leader_commit=1)
4026.7ms Leader 2 SENDING AppendEntries to vehicle 3 (n_entries=0, leader_commit=1)
4026.9ms Vehicle 0 RECEIVED AppendEntries from 2 (n_entries=0, leader_commit=1)
4026.9ms Vehicle 0 SENDING AppendEntriesResponse to 2 (success=1, current_idx=1)
4027.2ms Leader 2 RECEIVED AppendEntriesResponse from 0 (success=1, current_idx=1)
4027.5ms Vehicle 1 RECEIVED AppendEntries from 2 (n_entries=0, leader_commit=1)
4027.5ms Vehicle 1 SENDING AppendEntriesResponse to 2 (success=1, current_idx=1)
4027.8ms Leader 2 RECEIVED AppendEntriesResponse from 1 (success=1, current_idx=1)
4028.1ms Vehicle 3 RECEIVED AppendEntries from 2 (n_entries=0, leader_commit=1)
4028.1ms Vehicle 3 SENDING AppendEntriesResponse to 2 (success=1, current_idx=1)
4028.4ms Leader 2 RECEIVED AppendEntriesResponse from 3 (success=1, current_idx=1)
4226.7ms Leader 2 SENDING AppendEntries to vehicle 0 (n_entries=0, leader_commit=1)
4226.7ms Leader 2 SENDING AppendEntries to vehicle 1 (n_entries=0, leader_commit=1)
4226.7ms Leader 2 SENDING AppendEntries to vehicle 3 (n_entries=0, leader_commit=1)
4226.9ms Vehicle 0 RECEIVED AppendEntries from 2 (n_entries=0, leader_commit=1)
4226.9ms Vehicle 0 SENDING AppendEntriesResponse to 2 (success=1, current_idx=1)
4227.2ms Leader 2 RECEIVED AppendEntriesResponse from 0 (success=1, current_idx=1)
4227.5ms Vehicle 1 RECEIVED AppendEntries from 2 (n_entries=0, leader_commit=1)
4227.5ms Vehicle 1 SENDING AppendEntriesResponse to 2 (success=1, current_idx=1)
4227.8ms Leader 2 RECEIVED AppendEntriesResponse from 1 (success=1, current_idx=1)
4228.1ms Vehicle 3 RECEIVED AppendEntries from 2 (n_entries=0, leader_commit=1)
4228.1ms Vehicle 3 SENDING AppendEntriesResponse to 2 (success=1, current_idx=1)
4228.4ms Leader 2 RECEIVED AppendEntriesResponse from 3 (success=1, current_idx=1)
4426.7ms Leader 2 SENDING AppendEntries to vehicle 0 (n_entries=0, leader_commit=1)
4426.7ms Leader 2 SENDING AppendEntries to vehicle 1 (n_entries=0, leader_commit=1)
4426.7ms Leader 2 SENDING AppendEntries to vehicle 3 (n_entries=0, leader_commit=1)
4427.0ms Vehicle 0 RECEIVED AppendEntries from 2 (n_entries=0, leader_commit=1)
4427.0ms Vehicle 0 SENDING AppendEntriesResponse to 2 (success=1, current_idx=1)
4427.2ms Leader 2 RECEIVED AppendEntriesResponse from 0 (success=1, current_idx=1)
4427.6ms Vehicle 1 RECEIVED AppendEntries from 2 (n_entries=0, leader_commit=1)
4427.6ms Vehicle 1 SENDING AppendEntriesResponse to 2 (success=1, current_idx=1)
4626.7ms Leader 2 SENDING AppendEntries to vehicle 0 (n_entries=0, leader_commit=1)
4626.7ms Leader 2 SENDING AppendEntries to vehicle 1 (n_entries=0, leader_commit=1)
4626.7ms Leader 2 SENDING AppendEntries to vehicle 3 (n_entries=0, leader_commit=1)
4626.9ms Vehicle 0 RECEIVED AppendEntries from 2 (n_entries=0, leader_commit=1)
4626.9ms Vehicle 0 SENDING AppendEntriesResponse to 2 (success=1, current_idx=1)
4627.2ms Vehicle 1 RECEIVED AppendEntries from 2 (n_entries=0, leader_commit=1)
4627.2ms Vehicle 1 SENDING AppendEntriesResponse to 2 (success=1, current_idx=1)
4627.5ms Leader 2 RECEIVED AppendEntriesResponse from 1 (success=1, current_idx=1)
4627.8ms Vehicle 3 RECEIVED AppendEntries from 2 (n_entries=0, leader_commit=1)
4627.8ms Vehicle 3 SENDING AppendEntriesResponse to 2 (success=1, current_idx=1)
4628.1ms Leader 2 RECEIVED AppendEntriesResponse from 3 (success=1, current_idx=1)
4826.7ms Leader 2 SENDING AppendEntries to vehicle 0 (n_entries=0, leader_commit=1)
4826.7ms Leader 2 SENDING AppendEntries to vehicle 1 (n_entries=0, leader_commit=1)
4826.7ms Leader 2 SENDING AppendEntries to vehicle 3 (n_entries=0, leader_commit=1)
4826.9ms Vehicle 0 RECEIVED AppendEntries from 2 (n_entries=0, leader_commit=1)
4826.9ms Vehicle 0 SENDING AppendEntriesResponse to 2 (success=1, current_idx=1)
4827.2ms Vehicle 1 RECEIVED AppendEntries from 2 (n_entries=0, leader_commit=1)
4827.2ms Vehicle 1 SENDING AppendEntriesResponse to 2 (success=1, current_idx=1)
4827.5ms Leader 2 RECEIVED AppendEntriesResponse from 1 (success=1, current_idx=1)
4827.8ms Vehicle 3 RECEIVED AppendEntries from 2 (n_entries=0, leader_commit=1)
4827.8ms Vehicle 3 SENDING AppendEntriesResponse to 2 (success=1, current_idx=1)
4828.1ms Leader 2 RECEIVED AppendEntriesResponse from 3 (success=1, current_idx=1)
5026.7ms Leader 2 SENDING AppendEntries to vehicle 0 (n_entries=0, leader_commit=1)
5026.7ms Leader 2 SENDING AppendEntries to vehicle 1 (n_entries=0, leader_commit=1)
5026.7ms Leader 2 SENDING AppendEntries to vehicle 3 (n_entries=0, leader_commit=1)
5027.0ms Vehicle 0 RECEIVED AppendEntries from 2 (n_entries=0, leader_commit=1)
5027.0ms Vehicle 0 SENDING AppendEntriesResponse to 2 (success=1, current_idx=1)
5027.3ms Leader 2 RECEIVED AppendEntriesResponse from 0 (success=1, current_idx=1)
5027.6ms Vehicle 1 RECEIVED AppendEntries from 2 (n_entries=0, leader_commit=1)
5027.6ms Vehicle 1 SENDING AppendEntriesResponse to 2 (success=1, current_idx=1)
5027.9ms Leader 2 RECEIVED AppendEntriesResponse from 1 (success=1, current_idx=1)
5028.2ms Vehicle 3 RECEIVED AppendEntries from 2 (n_entries=0, leader_commit=1)
5028.2ms Vehicle 3 SENDING AppendEntriesResponse to 2 (success=1, current_idx=1)
5028.5ms Leader 2 RECEIVED AppendEntriesResponse from 3 (success=1, current_idx=1)
5126.7ms Vehicle 2 SAFETY TIMER fired for batch 1, starting movement
5126.7ms Vehicle 2 RESUMING movement
5226.7ms Leader 2 SENDING AppendEntries to vehicle 0 (n_entries=0, leader_commit=1)
5226.7ms Leader 2 SENDING AppendEntries to vehicle 1 (n_entries=0, leader_commit=1)
5226.7ms Leader 2 SENDING AppendEntries to vehicle 3 (n_entries=0, leader_commit=1)
5226.9ms Vehicle 0 RECEIVED AppendEntries from 2 (n_entries=0, leader_commit=1)
5226.9ms Vehicle 0 SENDING AppendEntriesResponse to 2 (success=1, current_idx=1)
5227.2ms Leader 2 RECEIVED AppendEntriesResponse from 0 (success=1, current_idx=1)
5227.5ms Vehicle 1 RECEIVED AppendEntries from 2 (n_entries=0, leader_commit=1)
5227.5ms Vehicle 1 SENDING AppendEntriesResponse to 2 (success=1, current_idx=1)
5227.8ms Leader 2 RECEIVED AppendEntriesResponse from 1 (success=1, current_idx=1)
5228.1ms Vehicle 3 RECEIVED AppendEntries from 2 (n_entries=0, leader_commit=1)
5228.1ms Vehicle 3 SENDING AppendEntriesResponse to 2 (success=1, current_idx=1)
5228.4ms Leader 2 RECEIVED AppendEntriesResponse from 3 (success=1, current_idx=1)
5326.7ms Vehicle 0 SAFETY TIMER fired for batch 1, starting movement
5326.7ms Vehicle 0 RESUMING movement
5426.7ms Leader 2 SENDING AppendEntries to vehicle 0 (n_entries=0, leader_commit=1)
5426.7ms Leader 2 SENDING AppendEntries to vehicle 1 (n_entries=0, leader_commit=1)
5426.7ms Leader 2 SENDING AppendEntries to vehicle 3 (n_entries=0, leader_commit=1)
5426.9ms Vehicle 0 RECEIVED AppendEntries from 2 (n_entries=0, leader_commit=1)
5426.9ms Vehicle 0 SENDING AppendEntriesResponse to 2 (success=1, current_idx=1)
5427.2ms Leader 2 RECEIVED AppendEntriesResponse from 0 (success=1, current_idx=1)
5427.5ms Vehicle 1 RECEIVED AppendEntries from 2 (n_entries=0, leader_commit=1)
5427.5ms Vehicle 1 SENDING AppendEntriesResponse to 2 (success=1, current_idx=1)
5626.7ms Leader 2 SENDING AppendEntries to vehicle 0 (n_entries=0, leader_commit=1)
5626.7ms Leader 2 SENDING AppendEntries to vehicle 1 (n_entries=0, leader_commit=1)
5626.7ms Leader 2 SENDING AppendEntries to vehicle 3 (n_entries=0, leader_commit=1)
5626.9ms Vehicle 0 RECEIVED AppendEntries from 2 (n_entries=0, leader_commit=1)
5626.9ms Vehicle 0 SENDING AppendEntriesResponse to 2 (success=1, current_idx=1)
5627.2ms Leader 2 RECEIVED AppendEntriesResponse from 0 (success=1, current_idx=1)
5627.5ms Vehicle 1 RECEIVED AppendEntries from 2 (n_entries=0, leader_commit=1)
5627.5ms Vehicle 1 SENDING AppendEntriesResponse to 2 (success=1, current_idx=1)
5627.8ms Leader 2 RECEIVED AppendEntriesResponse from 1 (success=1, current_idx=1)
5628.1ms Vehicle 3 RECEIVED AppendEntries from 2 (n_entries=0, leader_commit=1)
5628.1ms Vehicle 3 SENDING AppendEntriesResponse to 2 (success=1, current_idx=1)
5628.4ms Leader 2 RECEIVED AppendEntriesResponse from 3 (success=1, current_idx=1)
5826.7ms Leader 2 SENDING AppendEntries to vehicle 0 (n_entries=0, leader_commit=1)
5826.7ms Leader 2 SENDING AppendEntries to vehicle 1 (n_entries=0, leader_commit=1)
5826.7ms Leader 2 SENDING AppendEntries to vehicle 3 (n_entries=0, leader_commit=1)
5826.9ms Vehicle 0 RECEIVED AppendEntries from 2 (n_entries=0, leader_commit=1)
5826.9ms Vehicle 0 SENDING AppendEntriesResponse to 2 (success=1, current_idx=1)
5827.2ms Leader 2 RECEIVED AppendEntriesResponse from 0 (success=1, current_idx=1)
5827.5ms Vehicle 1 RECEIVED AppendEntries from 2 (n_entries=0, leader_commit=1)
5827.5ms Vehicle 1 SENDING AppendEntriesResponse to 2 (success=1, current_idx=1)
6026.7ms Leader 2 SENDING AppendEntries to vehicle 0 (n_entries=0, leader_commit=1)
6026.7ms Leader 2 SENDING AppendEntries to vehicle 1 (n_entries=0, leader_commit=1)
6026.7ms Leader 2 SENDING AppendEntries to vehicle 3 (n_entries=0, leader_commit=1)
6026.9ms Vehicle 0 RECEIVED AppendEntries from 2 (n_entries=0, leader_commit=1)
6026.9ms Vehicle 0 SENDING AppendEntriesResponse to 2 (success=1, current_idx=1)
6027.2ms Leader 2 RECEIVED AppendEntriesResponse from 0 (success=1, current_idx=1)
6027.5ms Vehicle 1 RECEIVED AppendEntries from 2 (n_entries=0, leader_commit=1)
6027.5ms Vehicle 1 SENDING AppendEntriesResponse to 2 (success=1, current_idx=1)
6027.8ms Leader 2 RECEIVED AppendEntriesResponse from 1 (success=1, current_idx=1)
6028.1ms Vehicle 3 RECEIVED AppendEntries from 2 (n_entries=0, leader_commit=1)
6028.1ms Vehicle 3 SENDING AppendEntriesResponse to 2 (success=1, current_idx=1)
6028.4ms Leader 2 RECEIVED AppendEntriesResponse from 3 (success=1, current_idx=1)
6226.7ms Leader 2 SENDING AppendEntries to vehicle 0 (n_entries=0, leader_commit=1)
6226.7ms Leader 2 SENDING AppendEntries to vehicle 1 (n_entries=0, leader_commit=1)
6226.7ms Leader 2 SENDING AppendEntries to vehicle 3 (n_entries=0, leader_commit=1)
6227.0ms Vehicle 0 RECEIVED AppendEntries from 2 (n_entries=0, leader_commit=1)
6227.0ms Vehicle 0 SENDING AppendEntriesResponse to 2 (success=1, current_idx=1)
6227.3ms Leader 2 RECEIVED AppendEntriesResponse from 0 (success=1, current_idx=1)
6227.6ms Vehicle 1 RECEIVED AppendEntries from 2 (n_entries=0, leader_commit=1)
6227.6ms Vehicle 1 SENDING AppendEntriesResponse to 2 (success=1, current_idx=1)
6227.9ms Leader 2 RECEIVED AppendEntriesResponse from 1 (success=1, current_idx=1)
6228.2ms Vehicle 3 RECEIVED AppendEntries from 2 (n_entries=0, leader_commit=1)
6228.2ms Vehicle 3 SENDING AppendEntriesResponse to 2 (success=1, current_idx=1)
6228.5ms Leader 2 RECEIVED AppendEntriesResponse from 3 (success=1, current_idx=1)
6426.7ms Leader 2 SENDING AppendEntries to vehicle 0 (n_entries=0, leader_commit=1)
6426.7ms Leader 2 SENDING AppendEntries to vehicle 1 (n_entries=0, leader_commit=1)
6426.7ms Leader 2 SENDING AppendEntries to vehicle 3 (n_entries=0, leader_commit=1)
6426.9ms Vehicle 0 RECEIVED AppendEntries from 2 (n_entries=0, leader_commit=1)
6426.9ms Vehicle 0 SENDING AppendEntriesResponse to 2 (success=1, current_idx=1)
6427.2ms Leader 2 RECEIVED AppendEntriesResponse from 0 (success=1, current_idx=1)
6427.5ms Vehicle 1 RECEIVED AppendEntries from 2 (n_entries=0, leader_commit=1)
6427.5ms Vehicle 1 SENDING AppendEntriesResponse to 2 (success=1, current_idx=1)
6427.8ms Leader 2 RECEIVED AppendEntriesResponse from 1 (success=1, current_idx=1)
6428.1ms Vehicle 3 RECEIVED AppendEntries from 2 (n_entries=0, leader_commit=1)
6428.1ms Vehicle 3 SENDING AppendEntriesResponse to 2 (success=1, current_idx=1)
6428.4ms Leader 2 RECEIVED AppendEntriesResponse from 3 (success=1, current_idx=1)
6626.7ms Leader 2 SENDING AppendEntries to vehicle 0 (n_entries=0, leader_commit=1)
6626.7ms Leader 2 SENDING AppendEntries to vehicle 1 (n_entries=0, leader_commit=1)
6626.7ms Leader 2 SENDING AppendEntries to vehicle 3 (n_entries=0, leader_commit=1)
6626.9ms Vehicle 0 RECEIVED AppendEntries from 2 (n_entries=0, leader_commit=1)
6626.9ms Vehicle 0 SENDING AppendEntriesResponse to 2 (success=1, current_idx=1)
6627.2ms Leader 2 RECEIVED AppendEntriesResponse from 0 (success=1, current_idx=1)
6627.5ms Vehicle 1 RECEIVED AppendEntries from 2 (n_entries=0, leader_commit=1)
6627.5ms Vehicle 1 SENDING AppendEntriesResponse to 2 (success=1, current_idx=1)
6627.8ms Leader 2 RECEIVED AppendEntriesResponse from 1 (success=1, current_idx=1)
6628.1ms Vehicle 3 RECEIVED AppendEntries from 2 (n_entries=0, leader_commit=1)
6628.1ms Vehicle 3 SENDING AppendEntriesResponse to 2 (success=1, current_idx=1)
6628.4ms Leader 2 RECEIVED AppendEntriesResponse from 3 (success=1, current_idx=1)
6826.7ms Leader 2 SENDING AppendEntries to vehicle 0 (n_entries=0, leader_commit=1)
6826.7ms Leader 2 SENDING AppendEntries to vehicle 1 (n_entries=0, leader_commit=1)
6826.7ms Leader 2 SENDING AppendEntries to vehicle 3 (n_entries=0, leader_commit=1)
6827.0ms Vehicle 0 RECEIVED AppendEntries from 2 (n_entries=0, leader_commit=1)
6827.0ms Vehicle 0 SENDING AppendEntriesResponse to 2 (success=1, current_idx=1)
6827.2ms Leader 2 RECEIVED AppendEntriesResponse from 0 (success=1, current_idx=1)
6827.5ms Vehicle 1 RECEIVED AppendEntries from 2 (n_entries=0, leader_commit=1)
6827.5ms Vehicle 1 SENDING AppendEntriesResponse to 2 (success=1, current_idx=1)
7026.7ms Leader 2 SENDING AppendEntries to vehicle 0 (n_entries=0, leader_commit=1)
7026.7ms Leader 2 SENDING AppendEntries to vehicle 1 (n_entries=0, leader_commit=1)
7026.7ms Leader 2 SENDING AppendEntries to vehicle 3 (n_entries=0, leader_commit=1)
7026.9ms Vehicle 0 RECEIVED AppendEntries from 2 (n_entries=0, leader_commit=1)
7026.9ms Vehicle 0 SENDING AppendEntriesResponse to 2 (success=1, current_idx=1)
7027.2ms Leader 2 RECEIVED AppendEntriesResponse from 0 (success=1, current_idx=1)
7027.5ms Vehicle 1 RECEIVED AppendEntries from 2 (n_entries=0, leader_commit=1)
7027.5ms Vehicle 1 SENDING AppendEntriesResponse to 2 (success=1, current_idx=1)
7027.8ms Leader 2 RECEIVED AppendEntriesResponse from 1 (success=1, current_idx=1)
7028.1ms Vehicle 3 RECEIVED AppendEntries from 2 (n_entries=0, leader_commit=1)
7028.1ms Vehicle 3 SENDING AppendEntriesResponse to 2 (success=1, current_idx=1)
7028.4ms Leader 2 RECEIVED AppendEntriesResponse from 3 (success=1, current_idx=1)
7226.7ms Leader 2 SENDING AppendEntries to vehicle 0 (n_entries=0, leader_commit=1)
7226.7ms Leader 2 SENDING AppendEntries to vehicle 1 (n_entries=0, leader_commit=1)
7226.7ms Leader 2 SENDING AppendEntries to vehicle 3 (n_entries=0, leader_commit=1)
7226.9ms Vehicle 0 RECEIVED AppendEntries from 2 (n_entries=0, leader_commit=1)
7226.9ms Vehicle 0 SENDING AppendEntriesResponse to 2 (success=1, current_idx=1)
7227.2ms Vehicle 1 RECEIVED AppendEntries from 2 (n_entries=0, leader_commit=1)
7227.2ms Vehicle 1 SENDING AppendEntriesResponse to 2 (success=1, current_idx=1)
7227.5ms Leader 2 RECEIVED AppendEntriesResponse from 1 (success=1, current_idx=1)
7227.8ms Vehicle 3 RECEIVED AppendEntries from 2 (n_entries=0, leader_commit=1)
7227.8ms Vehicle 3 SENDING AppendEntriesResponse to 2 (success=1, current_idx=1)
7228.1ms Leader 2 RECEIVED AppendEntriesResponse from 3 (success=1, current_idx=1)
7426.7ms Leader 2 SENDING AppendEntries to vehicle 0 (n_entries=0, leader_commit=1)
7426.7ms Leader 2 SENDING AppendEntries to vehicle 1 (n_entries=0, leader_commit=1)
7426.7ms Leader 2 SENDING AppendEntries to vehicle 3 (n_entries=0, leader_commit=1)
7427.0ms Vehicle 0 RECEIVED AppendEntries from 2 (n_entries=0, leader_commit=1)
7427.0ms Vehicle 0 SENDING AppendEntriesResponse to 2 (success=1, current_idx=1)
7427.3ms Vehicle 1 RECEIVED AppendEntries from 2 (n_entries=0, leader_commit=1)
7427.3ms Vehicle 1 SENDING AppendEntriesResponse to 2 (success=1, current_idx=1)
7626.7ms Leader 2 SENDING AppendEntries to vehicle 0 (n_entries=0, leader_commit=1)
7626.7ms Leader 2 SENDING AppendEntries to vehicle 1 (n_entries=0, leader_commit=1)
7626.7ms Leader 2 SENDING AppendEntries to vehicle 3 (n_entries=0, leader_commit=1)
7626.9ms Vehicle 0 RECEIVED AppendEntries from 2 (n_entries=0, leader_commit=1)
7626.9ms Vehicle 0 SENDING AppendEntriesResponse to 2 (success=1, current_idx=1)
7627.2ms Vehicle 1 RECEIVED AppendEntries from 2 (n_entries=0, leader_commit=1)
7627.2ms Vehicle 1 SENDING AppendEntriesResponse to 2 (success=1, current_idx=1)
7627.5ms Leader 2 RECEIVED AppendEntriesResponse from 1 (success=1, current_idx=1)
7627.8ms Vehicle 3 RECEIVED AppendEntries from 2 (n_entries=0, leader_commit=1)
7627.8ms Vehicle 3 SENDING AppendEntriesResponse to 2 (success=1, current_idx=1)
7628.1ms Leader 2 RECEIVED AppendEntriesResponse from 3 (success=1, current_idx=1)
7826.7ms Leader 2 SENDING AppendEntries to vehicle 0 (n_entries=0, leader_commit=1)
7826.7ms Leader 2 SENDING AppendEntries to vehicle 1 (n_entries=0, leader_commit=1)
7826.7ms Leader 2 SENDING AppendEntries to vehicle 3 (n_entries=0, leader_commit=1)
7826.9ms Vehicle 0 RECEIVED AppendEntries from 2 (n_entries=0, leader_commit=1)
7826.9ms Vehicle 0 SENDING AppendEntriesResponse to 2 (success=1, current_idx=1)
7827.2ms Vehicle 1 RECEIVED AppendEntries from 2 (n_entries=0, leader_commit=1)
7827.2ms Vehicle 1 SENDING AppendEntriesResponse to 2 (success=1, current_idx=1)
7827.5ms Leader 2 RECEIVED AppendEntriesResponse from 1 (success=1, current_idx=1)
7827.8ms Vehicle 3 RECEIVED AppendEntries from 2 (n_entries=0, leader_commit=1)
7827.8ms Vehicle 3 SENDING AppendEntriesResponse to 2 (success=1, current_idx=1)
7828.1ms Leader 2 RECEIVED AppendEntriesResponse from 3 (success=1, current_idx=1)
8026.7ms Leader 2 SENDING AppendEntries to vehicle 0 (n_entries=0, leader_commit=1)
8026.7ms Leader 2 SENDING AppendEntries to vehicle 1 (n_entries=0, leader_commit=1)
8026.7ms Leader 2 SENDING AppendEntries to vehicle 3 (n_entries=0, leader_commit=1)
8027.0ms Vehicle 0 RECEIVED AppendEntries from 2 (n_entries=0, leader_commit=1)
8027.0ms Vehicle 0 SENDING AppendEntriesResponse to 2 (success=1, current_idx=1)
8027.3ms Leader 2 RECEIVED AppendEntriesResponse from 0 (success=1, current_idx=1)
8027.6ms Vehicle 1 RECEIVED AppendEntries from 2 (n_entries=0, leader_commit=1)
8027.6ms Vehicle 1 SENDING AppendEntriesResponse to 2 (success=1, current_idx=1)
8027.8ms Leader 2 RECEIVED AppendEntriesResponse from 1 (success=1, current_idx=1)
8028.1ms Vehicle 3 RECEIVED AppendEntries from 2 (n_entries=0, leader_commit=1)
8028.1ms Vehicle 3 SENDING AppendEntriesResponse to 2 (success=1, current_idx=1)
8028.4ms Leader 2 RECEIVED AppendEntriesResponse from 3 (success=1, current_idx=1)
8200.0ms Vehicle 2 LEFT intersection
8200.0ms Leader 2 proposing VEHICLE_LEFT for vehicle 2 (batch=1)
8200.0ms Vehicle 2 doLogOffer called for entry #2 (len=9)
8200.0ms Leader 2 SENDING AppendEntries to vehicle 0 (n_entries=1, leader_commit=1)
8200.0ms Leader 2 SENDING AppendEntries to vehicle 1 (n_entries=1, leader_commit=1)
8200.0ms Leader 2 SENDING AppendEntries to vehicle 3 (n_entries=1, leader_commit=1)
8200.0ms Vehicle 2 METRICS: wait=5600.0ms, decision=526.7ms, method=raft
  Entry 0: dataLen=9, firstByte=4
8200.6ms Vehicle 0 RECEIVED AppendEntries from 2 (n_entries=1, leader_commit=1)
8200.6ms Vehicle 0 doLogOffer called for entry #2 (len=9)
8200.6ms Vehicle 0 SENDING AppendEntriesResponse to 2 (success=1, current_idx=2)
  Entry 0: dataLen=9, firstByte=4
8201.2ms Vehicle 1 RECEIVED AppendEntries from 2 (n_entries=1, leader_commit=1)
8201.2ms Vehicle 1 doLogOffer called for entry #2 (len=9)
8201.2ms Vehicle 1 SENDING AppendEntriesResponse to 2 (success=1, current_idx=2)
8226.7ms Leader 2 SENDING AppendEntries to vehicle 0 (n_entries=1, leader_commit=1)
8226.7ms Leader 2 SENDING AppendEntries to vehicle 1 (n_entries=1, leader_commit=1)
8226.7ms Leader 2 SENDING AppendEntries to vehicle 3 (n_entries=1, leader_commit=1)
  Entry 0: dataLen=9, firstByte=4
8226.9ms Vehicle 0 RECEIVED AppendEntries from 2 (n_entries=1, leader_commit=1)
8226.9ms Vehicle 0 SENDING AppendEntriesResponse to 2 (success=1, current_idx=2)
  Entry 0: dataLen=9, firstByte=4
8227.5ms Vehicle 1 RECEIVED AppendEntries from 2 (n_entries=1, leader_commit=1)
8227.5ms Vehicle 1 SENDING AppendEntriesResponse to 2 (success=1, current_idx=2)
8400.0ms Vehicle 0 STOPPED at intersection (edge=-34894202#13)
9200.0ms Vehicle 1 LEFT intersection
9200.0ms Vehicle 1 METRICS: wait=8700.0ms, decision=2800.0ms, method=raft
9400.0ms Vehicle 3 LEFT intersection
9400.0ms Vehicle 3 METRICS: wait=5600.0ms, decision=0.0ms, method=raft
12100.0ms Vehicle 0 LEFT intersection
12100.0ms Vehicle 0 METRICS: wait=3700.0ms, decision=0.0ms, method=raft
All 4 vehicles completed. Terminating simulation.
** Event #9148   t=12.1   Elapsed: 0.426807s (0m 00s)  4% completed  (4% total)
     Speed:     ev/sec=21434.1   simsec/sec=28.2285   ev/simsec=759.306
     Messages:  created: 7391   present: 80   in FES: 9

<!> Simulation stopped with endSimulation() -- in module (WillemtRaftWaveApplication) IntersectionScenarioWave.node[0].appl (id=9), at t=12.1s, event #9148

Calling finish() at end of Run #0...

End.
