OMNeT++ Discrete Event Simulation  (C) 1992-2019 Andras Varga, OpenSim Ltd.
Version: 5.6.2, build: 200518-aa79d0918f, edition: Academic Public License -- NOT FOR COMMERCIAL USE
See the license for distribution terms and warranty disclaimer

Setting up Cmdenv...

Loading NED files from ..:  9
Loading NED files from ../../src:  11
Loading NED files from ../../../inet/src:  831
Loading NED files from ../../../inet/examples:  174
Loading NED files from ../../../inet/tutorials:  10
Loading NED files from ../../../inet/showcases:  46
Loading NED files from ../../../../veins/examples/veins:  1
Loading NED files from ../../../../veins/src/veins:  44

Preparing for running configuration General, run #0...
Assigned runID=General-0-20260225-00:09:58-461096
Setting up network "IntersectionScenarioInet"...
Initializing...

Running simulation...
** Event #0   t=0   Elapsed: 7e-06s (0m 00s)  0% completed  (0% total)
     Speed:     ev/sec=0   simsec/sec=0   ev/simsec=0
     Messages:  created: 3   present: 3   in FES: 3
Vehicle RAFT (UDP) starting application.
Vehicle 0 edge config: 4 approach, 4 exit edges
Opened results file: /home/mathesh/omnetpp-workspace/benchmark/results/raft_4veh_report/run_1/raft_results.json
Vehicle RAFT (UDP) starting application.
Vehicle 1 edge config: 4 approach, 4 exit edges
Vehicle RAFT (UDP) starting application.
Vehicle 2 edge config: 4 approach, 4 exit edges
Vehicle RAFT (UDP) starting application.
Vehicle 3 edge config: 4 approach, 4 exit edges
2200.0ms Vehicle 2 STOPPED (front) at dist=24.6m
3435.3ms Vehicle 2 CLUSTER FORMATION (all 4 vehicles discovered)
3435.3ms Vehicle 2 FORMING CLUSTER with 4 members: [
0 1 2 3 ]
3435.7ms Vehicle 1 FORMING CLUSTER with 4 members: [
0 1 2 3 ]
3435.8ms Vehicle 3 FORMING CLUSTER with 4 members: [
0 1 2 3 ]
3475.3ms Vehicle 2 processRaftPeriodic executes! delta=0.02, msecElapsed=20
3475.7ms Vehicle 1 processRaftPeriodic executes! delta=0.02, msecElapsed=20
3475.8ms Vehicle 3 processRaftPeriodic executes! delta=0.02, msecElapsed=20
3495.3ms Vehicle 2 processRaftPeriodic executes! delta=0.02, msecElapsed=20
3495.7ms Vehicle 1 processRaftPeriodic executes! delta=0.02, msecElapsed=20
3495.8ms Vehicle 3 processRaftPeriodic executes! delta=0.02, msecElapsed=20
3500.0ms Vehicle 1 STOPPED (front) at dist=24.9m
3515.3ms Vehicle 2 processRaftPeriodic executes! delta=0.02, msecElapsed=20
3515.7ms Vehicle 1 processRaftPeriodic executes! delta=0.02, msecElapsed=20
3515.8ms Vehicle 3 processRaftPeriodic executes! delta=0.02, msecElapsed=20
3535.3ms Vehicle 2 processRaftPeriodic executes! delta=0.02, msecElapsed=20
3986.2ms Vehicle 0 FORMING CLUSTER with 4 members: [
0 1 2 3 ]
4015.3ms Vehicle 2 sendRequestVote called for node 1
4015.3ms Vehicle 2 sendRequestVote called for node 2
4015.3ms Vehicle 2 sendRequestVote called for node 4
4015.3ms Vehicle 2 RAFT STATE CHANGED from 1 to 2
4015.3ms Vehicle 2 I am a candidate now! Starting election...
4555.8ms Vehicle 3 sendRequestVote called for node 1
4555.8ms Vehicle 3 sendRequestVote called for node 2
4555.8ms Vehicle 3 sendRequestVote called for node 3
4555.8ms Vehicle 3 RAFT STATE CHANGED from 1 to 2
4555.8ms Vehicle 3 I am a candidate now! Starting election...
4595.3ms Vehicle 2 sendRequestVote called for node 1
4595.3ms Vehicle 2 sendRequestVote called for node 2
4595.3ms Vehicle 2 sendRequestVote called for node 4
5026.2ms Vehicle 0 sendRequestVote called for node 2
5026.2ms Vehicle 0 sendRequestVote called for node 3
5026.2ms Vehicle 0 sendRequestVote called for node 4
5026.2ms Vehicle 0 RAFT STATE CHANGED from 1 to 2
5026.2ms Vehicle 0 I am a candidate now! Starting election...
5200.0ms Vehicle 3 STOPPED (front) at dist=24.8m
5375.3ms Vehicle 2 sendRequestVote called for node 1
5375.3ms Vehicle 2 sendRequestVote called for node 2
5375.3ms Vehicle 2 sendRequestVote called for node 4
5376.2ms Leader 2 SENDING AppendEntries to vehicle 0 (n_entries=0, leader_commit=0)
5376.2ms Leader 2 SENDING AppendEntries to vehicle 1 (n_entries=0, leader_commit=0)
5376.2ms Leader 2 SENDING AppendEntries to vehicle 3 (n_entries=0, leader_commit=0)
5376.9ms Vehicle 1 RECEIVED AppendEntries from vehicle 2 (n_entries=0, leader_commit=0)
5377.2ms Vehicle 3 RECEIVED AppendEntries from vehicle 2 (n_entries=0, leader_commit=0)
5395.3ms Vehicle 2 BECAME LEADER (term=3)
5395.3ms Leader 2 sending STATUS_REQUEST (timeout=1100ms)
5495.3ms Leader 2 SENDING AppendEntries to vehicle 0 (n_entries=0, leader_commit=0)
5495.3ms Leader 2 SENDING AppendEntries to vehicle 1 (n_entries=0, leader_commit=0)
5495.3ms Leader 2 SENDING AppendEntries to vehicle 3 (n_entries=0, leader_commit=0)
5495.3ms Vehicle 0 RECEIVED AppendEntries from vehicle 2 (n_entries=0, leader_commit=0)
5495.6ms Vehicle 3 RECEIVED AppendEntries from vehicle 2 (n_entries=0, leader_commit=0)
5615.3ms Leader 2 SENDING AppendEntries to vehicle 0 (n_entries=0, leader_commit=0)
5615.3ms Leader 2 SENDING AppendEntries to vehicle 1 (n_entries=0, leader_commit=0)
5615.3ms Leader 2 SENDING AppendEntries to vehicle 3 (n_entries=0, leader_commit=0)
5615.7ms Vehicle 1 RECEIVED AppendEntries from vehicle 2 (n_entries=0, leader_commit=0)
5615.8ms Vehicle 3 RECEIVED AppendEntries from vehicle 2 (n_entries=0, leader_commit=0)
5735.3ms Leader 2 SENDING AppendEntries to vehicle 0 (n_entries=0, leader_commit=0)
5735.3ms Leader 2 SENDING AppendEntries to vehicle 1 (n_entries=0, leader_commit=0)
5735.3ms Leader 2 SENDING AppendEntries to vehicle 3 (n_entries=0, leader_commit=0)
5735.6ms Vehicle 1 RECEIVED AppendEntries from vehicle 2 (n_entries=0, leader_commit=0)
5736.1ms Vehicle 3 RECEIVED AppendEntries from vehicle 2 (n_entries=0, leader_commit=0)
5855.3ms Leader 2 SENDING AppendEntries to vehicle 0 (n_entries=0, leader_commit=0)
5855.3ms Leader 2 SENDING AppendEntries to vehicle 1 (n_entries=0, leader_commit=0)
5855.3ms Leader 2 SENDING AppendEntries to vehicle 3 (n_entries=0, leader_commit=0)
5855.6ms Vehicle 1 RECEIVED AppendEntries from vehicle 2 (n_entries=0, leader_commit=0)
5975.3ms Leader 2 SENDING AppendEntries to vehicle 0 (n_entries=0, leader_commit=0)
5975.3ms Leader 2 SENDING AppendEntries to vehicle 1 (n_entries=0, leader_commit=0)
5975.3ms Leader 2 SENDING AppendEntries to vehicle 3 (n_entries=0, leader_commit=0)
5975.3ms Vehicle 0 RECEIVED AppendEntries from vehicle 2 (n_entries=0, leader_commit=0)
5975.5ms Vehicle 1 RECEIVED AppendEntries from vehicle 2 (n_entries=0, leader_commit=0)
6095.3ms Leader 2 SENDING AppendEntries to vehicle 0 (n_entries=0, leader_commit=0)
6095.3ms Leader 2 SENDING AppendEntries to vehicle 1 (n_entries=0, leader_commit=0)
6095.3ms Leader 2 SENDING AppendEntries to vehicle 3 (n_entries=0, leader_commit=0)
6095.6ms Vehicle 1 RECEIVED AppendEntries from vehicle 2 (n_entries=0, leader_commit=0)
6095.7ms Vehicle 3 RECEIVED AppendEntries from vehicle 2 (n_entries=0, leader_commit=0)
6215.3ms Leader 2 SENDING AppendEntries to vehicle 0 (n_entries=0, leader_commit=0)
6215.3ms Leader 2 SENDING AppendEntries to vehicle 1 (n_entries=0, leader_commit=0)
6215.3ms Leader 2 SENDING AppendEntries to vehicle 3 (n_entries=0, leader_commit=0)
6215.3ms Vehicle 0 RECEIVED AppendEntries from vehicle 2 (n_entries=0, leader_commit=0)
6215.6ms Vehicle 1 RECEIVED AppendEntries from vehicle 2 (n_entries=0, leader_commit=0)
6215.8ms Vehicle 3 RECEIVED AppendEntries from vehicle 2 (n_entries=0, leader_commit=0)
6335.3ms Leader 2 SENDING AppendEntries to vehicle 0 (n_entries=0, leader_commit=0)
6335.3ms Leader 2 SENDING AppendEntries to vehicle 1 (n_entries=0, leader_commit=0)
6335.3ms Leader 2 SENDING AppendEntries to vehicle 3 (n_entries=0, leader_commit=0)
6335.6ms Vehicle 1 RECEIVED AppendEntries from vehicle 2 (n_entries=0, leader_commit=0)
6335.7ms Vehicle 3 RECEIVED AppendEntries from vehicle 2 (n_entries=0, leader_commit=0)
6455.3ms Leader 2 SENDING AppendEntries to vehicle 0 (n_entries=0, leader_commit=0)
6455.3ms Leader 2 SENDING AppendEntries to vehicle 1 (n_entries=0, leader_commit=0)
6455.3ms Leader 2 SENDING AppendEntries to vehicle 3 (n_entries=0, leader_commit=0)
6455.3ms Vehicle 0 RECEIVED AppendEntries from vehicle 2 (n_entries=0, leader_commit=0)
6455.6ms Vehicle 1 RECEIVED AppendEntries from vehicle 2 (n_entries=0, leader_commit=0)
6455.9ms Vehicle 3 RECEIVED AppendEntries from vehicle 2 (n_entries=0, leader_commit=0)
6495.3ms Leader 2 collected status from 3 vehicles
6495.3ms Leader 2 PROPOSING STATUS_REPORT to quorum
6495.3ms Vehicle 2 doLogOffer entry #1 (len=2565)
6495.3ms Leader 2 SENDING AppendEntries to vehicle 0 (n_entries=1, leader_commit=0)
6495.3ms Leader 2 SENDING AppendEntries to vehicle 1 (n_entries=1, leader_commit=0)
6495.3ms Leader 2 SENDING AppendEntries to vehicle 3 (n_entries=1, leader_commit=0)
6495.3ms Leader 2 submitted STATUS_REPORT entry #1
6498.5ms Vehicle 1 RECEIVED AppendEntries from vehicle 2 (n_entries=1, leader_commit=0)
6498.5ms Vehicle 1 doLogOffer entry #1 (len=2565)
6500.0ms Vehicle 3 RECEIVED AppendEntries from vehicle 2 (n_entries=1, leader_commit=0)
6500.0ms Vehicle 3 doLogOffer entry #1 (len=2565)
6515.3ms Vehicle 2 doApplyLog entry #1 (lastApplied=0, len=2565)
6575.3ms Leader 2 SENDING AppendEntries to vehicle 0 (n_entries=1, leader_commit=1)
6575.3ms Leader 2 SENDING AppendEntries to vehicle 1 (n_entries=0, leader_commit=1)
6575.3ms Leader 2 SENDING AppendEntries to vehicle 3 (n_entries=0, leader_commit=1)
6576.6ms Vehicle 1 RECEIVED AppendEntries from vehicle 2 (n_entries=0, leader_commit=1)
6595.3ms Leader 2 vehicle 0 response lost — using default proposal
6595.3ms Leader 2 PROPOSING PASS_SCHEDULE with 2 batches:
  Batch 0: [0,2]
  Batch 1: [1,3]
6595.3ms Vehicle 2 doLogOffer entry #2 (len=581)
6595.3ms Leader 2 SENDING AppendEntries to vehicle 1 (n_entries=1, leader_commit=1)
6595.3ms Leader 2 SENDING AppendEntries to vehicle 3 (n_entries=1, leader_commit=1)
6595.3ms Leader 2 submitted PASS_SCHEDULE entry #2
6595.5ms Vehicle 1 RECEIVED AppendEntries from vehicle 2 (n_entries=1, leader_commit=1)
6595.5ms Vehicle 1 doLogOffer entry #2 (len=581)
6595.7ms Vehicle 1 doApplyLog entry #1 (lastApplied=0, len=2565)
6595.7ms Vehicle 1 APPLYING STATUS_REPORT entry #1 (4 vehicles)
6595.9ms Vehicle 3 RECEIVED AppendEntries from vehicle 2 (n_entries=1, leader_commit=1)
6595.9ms Vehicle 3 doLogOffer entry #2 (len=581)
6615.3ms Vehicle 2 doApplyLog entry #2 (lastApplied=0, len=581)
6615.3ms Vehicle 2 APPLYING PASS_ORDER entry #2 (2 batches)
6615.3ms Vehicle 2 assigned to batch 0 (current batch: 0)
6615.3ms Vehicle 2 RESUMING movement
6615.8ms Vehicle 3 doApplyLog entry #1 (lastApplied=0, len=2565)
6615.8ms Vehicle 3 APPLYING STATUS_REPORT entry #1 (4 vehicles)
6695.3ms Leader 2 SENDING AppendEntries to vehicle 0 (n_entries=2, leader_commit=2)
6695.3ms Leader 2 SENDING AppendEntries to vehicle 1 (n_entries=0, leader_commit=2)
6695.3ms Leader 2 SENDING AppendEntries to vehicle 3 (n_entries=0, leader_commit=2)
6697.3ms Vehicle 1 RECEIVED AppendEntries from vehicle 2 (n_entries=0, leader_commit=2)
6697.4ms Vehicle 3 RECEIVED AppendEntries from vehicle 2 (n_entries=0, leader_commit=2)
6715.7ms Vehicle 1 doApplyLog entry #2 (lastApplied=1, len=581)
6715.7ms Vehicle 1 APPLYING PASS_ORDER entry #2 (2 batches)
6715.7ms Vehicle 1 assigned to batch 1 (current batch: 0)
6715.7ms Vehicle 1 waiting for batch 1 via checkBatchAdvance
6715.8ms Vehicle 3 doApplyLog entry #2 (lastApplied=1, len=581)
6715.8ms Vehicle 3 APPLYING PASS_ORDER entry #2 (2 batches)
6715.8ms Vehicle 3 assigned to batch 1 (current batch: 0)
6715.8ms Vehicle 3 waiting for batch 1 via checkBatchAdvance
6815.3ms Leader 2 SENDING AppendEntries to vehicle 0 (n_entries=2, leader_commit=2)
6815.3ms Leader 2 SENDING AppendEntries to vehicle 1 (n_entries=0, leader_commit=2)
6815.3ms Leader 2 SENDING AppendEntries to vehicle 3 (n_entries=0, leader_commit=2)
6817.1ms Vehicle 1 RECEIVED AppendEntries from vehicle 2 (n_entries=0, leader_commit=2)
6817.7ms Vehicle 3 RECEIVED AppendEntries from vehicle 2 (n_entries=0, leader_commit=2)
6935.3ms Leader 2 SENDING AppendEntries to vehicle 0 (n_entries=2, leader_commit=2)
6935.3ms Leader 2 SENDING AppendEntries to vehicle 1 (n_entries=0, leader_commit=2)
6935.3ms Leader 2 SENDING AppendEntries to vehicle 3 (n_entries=0, leader_commit=2)
6937.1ms Vehicle 1 RECEIVED AppendEntries from vehicle 2 (n_entries=0, leader_commit=2)
6937.5ms Vehicle 3 RECEIVED AppendEntries from vehicle 2 (n_entries=0, leader_commit=2)
7055.3ms Leader 2 SENDING AppendEntries to vehicle 0 (n_entries=2, leader_commit=2)
7055.3ms Leader 2 SENDING AppendEntries to vehicle 1 (n_entries=0, leader_commit=2)
7055.3ms Leader 2 SENDING AppendEntries to vehicle 3 (n_entries=0, leader_commit=2)
7056.9ms Vehicle 1 RECEIVED AppendEntries from vehicle 2 (n_entries=0, leader_commit=2)
7057.0ms Vehicle 3 RECEIVED AppendEntries from vehicle 2 (n_entries=0, leader_commit=2)
7175.3ms Leader 2 SENDING AppendEntries to vehicle 0 (n_entries=2, leader_commit=2)
7175.3ms Leader 2 SENDING AppendEntries to vehicle 1 (n_entries=0, leader_commit=2)
7175.3ms Leader 2 SENDING AppendEntries to vehicle 3 (n_entries=0, leader_commit=2)
7177.1ms Vehicle 1 RECEIVED AppendEntries from vehicle 2 (n_entries=0, leader_commit=2)
7177.3ms Vehicle 3 RECEIVED AppendEntries from vehicle 2 (n_entries=0, leader_commit=2)
7286.2ms Vehicle 0 sendRequestVote called for node 2
7286.2ms Vehicle 0 sendRequestVote called for node 3
7286.2ms Vehicle 0 sendRequestVote called for node 4
7286.2ms Vehicle 0 RAFT STATE CHANGED from 1 to 2
7286.2ms Vehicle 0 I am a candidate now! Starting election...
7295.3ms Leader 2 SENDING AppendEntries to vehicle 0 (n_entries=2, leader_commit=2)
7295.3ms Leader 2 SENDING AppendEntries to vehicle 1 (n_entries=0, leader_commit=2)
7295.3ms Leader 2 SENDING AppendEntries to vehicle 3 (n_entries=0, leader_commit=2)
7297.1ms Vehicle 1 RECEIVED AppendEntries from vehicle 2 (n_entries=0, leader_commit=2)
7415.3ms Leader 2 SENDING AppendEntries to vehicle 0 (n_entries=2, leader_commit=2)
7415.3ms Leader 2 SENDING AppendEntries to vehicle 1 (n_entries=0, leader_commit=2)
7415.3ms Leader 2 SENDING AppendEntries to vehicle 3 (n_entries=0, leader_commit=2)
7417.2ms Vehicle 1 RECEIVED AppendEntries from vehicle 2 (n_entries=0, leader_commit=2)
7417.5ms Vehicle 3 RECEIVED AppendEntries from vehicle 2 (n_entries=0, leader_commit=2)
7535.3ms Leader 2 SENDING AppendEntries to vehicle 0 (n_entries=2, leader_commit=2)
7535.3ms Leader 2 SENDING AppendEntries to vehicle 1 (n_entries=0, leader_commit=2)
7535.3ms Leader 2 SENDING AppendEntries to vehicle 3 (n_entries=0, leader_commit=2)
7537.2ms Vehicle 1 RECEIVED AppendEntries from vehicle 2 (n_entries=0, leader_commit=2)
7537.6ms Vehicle 3 RECEIVED AppendEntries from vehicle 2 (n_entries=0, leader_commit=2)
7655.3ms Leader 2 SENDING AppendEntries to vehicle 0 (n_entries=2, leader_commit=2)
7655.3ms Leader 2 SENDING AppendEntries to vehicle 1 (n_entries=0, leader_commit=2)
7655.3ms Leader 2 SENDING AppendEntries to vehicle 3 (n_entries=0, leader_commit=2)
7657.0ms Vehicle 0 RECEIVED AppendEntries from vehicle 2 (n_entries=2, leader_commit=2)
7657.4ms Vehicle 3 RECEIVED AppendEntries from vehicle 2 (n_entries=0, leader_commit=2)
7775.3ms Leader 2 SENDING AppendEntries to vehicle 0 (n_entries=2, leader_commit=2)
7775.3ms Leader 2 SENDING AppendEntries to vehicle 1 (n_entries=0, leader_commit=2)
7775.3ms Leader 2 SENDING AppendEntries to vehicle 3 (n_entries=0, leader_commit=2)
7777.1ms Vehicle 1 RECEIVED AppendEntries from vehicle 2 (n_entries=0, leader_commit=2)
7777.6ms Vehicle 3 RECEIVED AppendEntries from vehicle 2 (n_entries=0, leader_commit=2)
7895.3ms Leader 2 SENDING AppendEntries to vehicle 0 (n_entries=2, leader_commit=2)
7895.3ms Leader 2 SENDING AppendEntries to vehicle 1 (n_entries=0, leader_commit=2)
7895.3ms Leader 2 SENDING AppendEntries to vehicle 3 (n_entries=0, leader_commit=2)
7897.4ms Vehicle 1 RECEIVED AppendEntries from vehicle 2 (n_entries=0, leader_commit=2)
7897.6ms Vehicle 3 RECEIVED AppendEntries from vehicle 2 (n_entries=0, leader_commit=2)
8015.3ms Leader 2 SENDING AppendEntries to vehicle 0 (n_entries=2, leader_commit=2)
8015.3ms Leader 2 SENDING AppendEntries to vehicle 1 (n_entries=0, leader_commit=2)
8015.3ms Leader 2 SENDING AppendEntries to vehicle 3 (n_entries=0, leader_commit=2)
8017.1ms Vehicle 1 RECEIVED AppendEntries from vehicle 2 (n_entries=0, leader_commit=2)
8017.4ms Vehicle 3 RECEIVED AppendEntries from vehicle 2 (n_entries=0, leader_commit=2)
8066.2ms Vehicle 0 sendRequestVote called for node 2
8066.2ms Vehicle 0 sendRequestVote called for node 3
8066.2ms Vehicle 0 sendRequestVote called for node 4
8135.3ms Leader 2 SENDING AppendEntries to vehicle 0 (n_entries=2, leader_commit=2)
8135.3ms Leader 2 SENDING AppendEntries to vehicle 1 (n_entries=0, leader_commit=2)
8135.3ms Leader 2 SENDING AppendEntries to vehicle 3 (n_entries=0, leader_commit=2)
8136.9ms Vehicle 1 RECEIVED AppendEntries from vehicle 2 (n_entries=0, leader_commit=2)
8137.5ms Vehicle 3 RECEIVED AppendEntries from vehicle 2 (n_entries=0, leader_commit=2)
8255.3ms Leader 2 SENDING AppendEntries to vehicle 0 (n_entries=2, leader_commit=2)
8255.3ms Leader 2 SENDING AppendEntries to vehicle 1 (n_entries=0, leader_commit=2)
8255.3ms Leader 2 SENDING AppendEntries to vehicle 3 (n_entries=0, leader_commit=2)
8256.8ms Vehicle 0 RECEIVED AppendEntries from vehicle 2 (n_entries=2, leader_commit=2)
8257.2ms Vehicle 1 RECEIVED AppendEntries from vehicle 2 (n_entries=0, leader_commit=2)
8257.6ms Vehicle 3 RECEIVED AppendEntries from vehicle 2 (n_entries=0, leader_commit=2)
8275.3ms Vehicle 2 LOST leadership
8.7 Vehicle 2 hasPassed=true (on exit edge -37551802#8)
8700.0ms Vehicle 2 LEFT intersection
8700.0ms Vehicle 2 BROADCASTING vehicle-passed
8700.0ms Vehicle 2 sending vehicle-left (isLeader=0, myBatch=0)
8700.1ms Vehicle 3 RECEIVED vehicle-passed from vehicle 2
8700.1ms Vehicle 1 RECEIVED vehicle-passed from vehicle 2
8700.3ms Vehicle 3 RECEIVED vehicle-left from vehicle 2
8700.3ms Vehicle 1 RECEIVED vehicle-left from vehicle 2
8700.3ms Vehicle 0 RECEIVED vehicle-left from vehicle 2
8915.8ms Vehicle 3 sendRequestVote called for node 1
8915.8ms Vehicle 3 sendRequestVote called for node 2
8915.8ms Vehicle 3 sendRequestVote called for node 3
8915.8ms Vehicle 3 RAFT STATE CHANGED from 1 to 2
8915.8ms Vehicle 3 I am a candidate now! Starting election...
9046.2ms Vehicle 0 sendRequestVote called for node 2
9046.2ms Vehicle 0 sendRequestVote called for node 3
9046.2ms Vehicle 0 sendRequestVote called for node 4
9686.2ms Vehicle 0 sendRequestVote called for node 2
9686.2ms Vehicle 0 sendRequestVote called for node 3
9686.2ms Vehicle 0 sendRequestVote called for node 4
9900.0ms Vehicle 0 STOPPED (front) at dist=23.9m
10435.7ms Vehicle 1 sendRequestVote called for node 1
10435.7ms Vehicle 1 sendRequestVote called for node 3
10435.7ms Vehicle 1 sendRequestVote called for node 4
10435.7ms Vehicle 1 RAFT STATE CHANGED from 1 to 2
10435.7ms Vehicle 1 I am a candidate now! Starting election...
11106.2ms Vehicle 0 RAFT TIMEOUT: 7120.0ms since cluster formed (threshold=7100.0ms)
11106.2ms Vehicle 0 FALLBACK MODE activated
11106.2ms Vehicle 0 RESUMING movement
11375.8ms Vehicle 3 sendRequestVote called for node 1
11375.8ms Vehicle 3 sendRequestVote called for node 2
11375.8ms Vehicle 3 sendRequestVote called for node 3
11375.8ms Vehicle 3 RAFT STATE CHANGED from 1 to 2
11375.8ms Vehicle 3 I am a candidate now! Starting election...
11376.4ms Leader 3 SENDING AppendEntries to vehicle 0 (n_entries=0, leader_commit=2)
11376.4ms Leader 3 SENDING AppendEntries to vehicle 1 (n_entries=0, leader_commit=2)
11376.8ms Vehicle 0 RECEIVED AppendEntries from vehicle 3 (n_entries=0, leader_commit=2)
11377.0ms Vehicle 1 RECEIVED AppendEntries from vehicle 3 (n_entries=0, leader_commit=2)
11377.2ms Leader 3 SENDING AppendEntries to vehicle 0 (n_entries=2, leader_commit=2)
11379.0ms Vehicle 0 RECEIVED AppendEntries from vehicle 3 (n_entries=2, leader_commit=2)
11379.0ms Vehicle 0 doLogOffer entry #1 (len=2565)
11379.0ms Vehicle 0 doLogOffer entry #2 (len=581)
11395.8ms Vehicle 3 BECAME LEADER (term=9)
11495.8ms Leader 3 SENDING AppendEntries to vehicle 0 (n_entries=0, leader_commit=2)
11495.8ms Leader 3 SENDING AppendEntries to vehicle 1 (n_entries=0, leader_commit=2)
11495.9ms Vehicle 0 RECEIVED AppendEntries from vehicle 3 (n_entries=0, leader_commit=2)
11496.2ms Vehicle 1 RECEIVED AppendEntries from vehicle 3 (n_entries=0, leader_commit=2)
11615.8ms Leader 3 SENDING AppendEntries to vehicle 0 (n_entries=0, leader_commit=2)
11615.8ms Leader 3 SENDING AppendEntries to vehicle 1 (n_entries=0, leader_commit=2)
11615.9ms Vehicle 0 RECEIVED AppendEntries from vehicle 3 (n_entries=0, leader_commit=2)
11616.3ms Vehicle 1 RECEIVED AppendEntries from vehicle 3 (n_entries=0, leader_commit=2)
11735.8ms Leader 3 SENDING AppendEntries to vehicle 0 (n_entries=0, leader_commit=2)
11735.8ms Leader 3 SENDING AppendEntries to vehicle 1 (n_entries=0, leader_commit=2)
11735.9ms Vehicle 0 RECEIVED AppendEntries from vehicle 3 (n_entries=0, leader_commit=2)
11736.2ms Vehicle 1 RECEIVED AppendEntries from vehicle 3 (n_entries=0, leader_commit=2)
11855.8ms Leader 3 SENDING AppendEntries to vehicle 0 (n_entries=0, leader_commit=2)
11855.8ms Leader 3 SENDING AppendEntries to vehicle 1 (n_entries=0, leader_commit=2)
11855.9ms Vehicle 0 RECEIVED AppendEntries from vehicle 3 (n_entries=0, leader_commit=2)
11856.2ms Vehicle 1 RECEIVED AppendEntries from vehicle 3 (n_entries=0, leader_commit=2)
11975.8ms Leader 3 SENDING AppendEntries to vehicle 0 (n_entries=0, leader_commit=2)
11975.8ms Leader 3 SENDING AppendEntries to vehicle 1 (n_entries=0, leader_commit=2)
11975.9ms Vehicle 0 RECEIVED AppendEntries from vehicle 3 (n_entries=0, leader_commit=2)
11976.2ms Vehicle 1 RECEIVED AppendEntries from vehicle 3 (n_entries=0, leader_commit=2)
12095.8ms Leader 3 SENDING AppendEntries to vehicle 0 (n_entries=0, leader_commit=2)
12095.8ms Leader 3 SENDING AppendEntries to vehicle 1 (n_entries=0, leader_commit=2)
12095.9ms Vehicle 0 RECEIVED AppendEntries from vehicle 3 (n_entries=0, leader_commit=2)
12096.3ms Vehicle 1 RECEIVED AppendEntries from vehicle 3 (n_entries=0, leader_commit=2)
12215.8ms Leader 3 SENDING AppendEntries to vehicle 0 (n_entries=0, leader_commit=2)
12215.8ms Leader 3 SENDING AppendEntries to vehicle 1 (n_entries=0, leader_commit=2)
12215.9ms Vehicle 0 RECEIVED AppendEntries from vehicle 3 (n_entries=0, leader_commit=2)
12216.2ms Vehicle 1 RECEIVED AppendEntries from vehicle 3 (n_entries=0, leader_commit=2)
12335.8ms Leader 3 SENDING AppendEntries to vehicle 0 (n_entries=0, leader_commit=2)
12335.8ms Leader 3 SENDING AppendEntries to vehicle 1 (n_entries=0, leader_commit=2)
12335.9ms Vehicle 0 RECEIVED AppendEntries from vehicle 3 (n_entries=0, leader_commit=2)
12336.3ms Vehicle 1 RECEIVED AppendEntries from vehicle 3 (n_entries=0, leader_commit=2)
12455.8ms Leader 3 SENDING AppendEntries to vehicle 0 (n_entries=0, leader_commit=2)
12455.8ms Leader 3 SENDING AppendEntries to vehicle 1 (n_entries=0, leader_commit=2)
12455.9ms Vehicle 0 RECEIVED AppendEntries from vehicle 3 (n_entries=0, leader_commit=2)
12456.1ms Vehicle 1 RECEIVED AppendEntries from vehicle 3 (n_entries=0, leader_commit=2)
12575.8ms Leader 3 SENDING AppendEntries to vehicle 0 (n_entries=0, leader_commit=2)
12575.8ms Leader 3 SENDING AppendEntries to vehicle 1 (n_entries=0, leader_commit=2)
12575.9ms Vehicle 0 RECEIVED AppendEntries from vehicle 3 (n_entries=0, leader_commit=2)
12576.0ms Vehicle 1 RECEIVED AppendEntries from vehicle 3 (n_entries=0, leader_commit=2)
12695.8ms Leader 3 SENDING AppendEntries to vehicle 0 (n_entries=0, leader_commit=2)
12695.8ms Leader 3 SENDING AppendEntries to vehicle 1 (n_entries=0, leader_commit=2)
12695.9ms Vehicle 0 RECEIVED AppendEntries from vehicle 3 (n_entries=0, leader_commit=2)
12696.0ms Vehicle 1 RECEIVED AppendEntries from vehicle 3 (n_entries=0, leader_commit=2)
12815.8ms Leader 3 SENDING AppendEntries to vehicle 0 (n_entries=0, leader_commit=2)
12815.8ms Leader 3 SENDING AppendEntries to vehicle 1 (n_entries=0, leader_commit=2)
12815.9ms Vehicle 0 RECEIVED AppendEntries from vehicle 3 (n_entries=0, leader_commit=2)
12816.3ms Vehicle 1 RECEIVED AppendEntries from vehicle 3 (n_entries=0, leader_commit=2)
12935.8ms Leader 3 SENDING AppendEntries to vehicle 0 (n_entries=0, leader_commit=2)
12935.8ms Leader 3 SENDING AppendEntries to vehicle 1 (n_entries=0, leader_commit=2)
12935.9ms Vehicle 0 RECEIVED AppendEntries from vehicle 3 (n_entries=0, leader_commit=2)
12936.3ms Vehicle 1 RECEIVED AppendEntries from vehicle 3 (n_entries=0, leader_commit=2)
13055.8ms Leader 3 SENDING AppendEntries to vehicle 0 (n_entries=0, leader_commit=2)
13055.8ms Leader 3 SENDING AppendEntries to vehicle 1 (n_entries=0, leader_commit=2)
13055.9ms Vehicle 0 RECEIVED AppendEntries from vehicle 3 (n_entries=0, leader_commit=2)
13056.3ms Vehicle 1 RECEIVED AppendEntries from vehicle 3 (n_entries=0, leader_commit=2)
13175.8ms Leader 3 SENDING AppendEntries to vehicle 0 (n_entries=0, leader_commit=2)
13175.8ms Leader 3 SENDING AppendEntries to vehicle 1 (n_entries=0, leader_commit=2)
13175.9ms Vehicle 0 RECEIVED AppendEntries from vehicle 3 (n_entries=0, leader_commit=2)
13176.3ms Vehicle 1 RECEIVED AppendEntries from vehicle 3 (n_entries=0, leader_commit=2)
13295.8ms Leader 3 SENDING AppendEntries to vehicle 0 (n_entries=0, leader_commit=2)
13295.8ms Leader 3 SENDING AppendEntries to vehicle 1 (n_entries=0, leader_commit=2)
13295.9ms Vehicle 0 RECEIVED AppendEntries from vehicle 3 (n_entries=0, leader_commit=2)
13296.2ms Vehicle 1 RECEIVED AppendEntries from vehicle 3 (n_entries=0, leader_commit=2)
13.3 Vehicle 0 hasPassed=true (on exit edge -34894202#10)
13300.0ms Vehicle 0 LEFT intersection
13300.0ms Vehicle 0 BROADCASTING vehicle-passed
13300.0ms Vehicle 0 sending vehicle-left (isLeader=0, myBatch=-1)
13300.1ms Vehicle 1 RECEIVED vehicle-passed from vehicle 0
13300.1ms Vehicle 3 RECEIVED vehicle-passed from vehicle 0
13300.3ms Vehicle 1 RECEIVED vehicle-left from vehicle 0
13300.3ms Vehicle 1 BATCH ADVANCE: now on batch 1
13300.3ms Vehicle 1 MY BATCH - starting movement
13300.3ms Vehicle 1 RESUMING movement
13300.3ms Vehicle 3 RECEIVED vehicle-left from vehicle 0
13300.3ms Leader 3 proposing VEHICLE_LEFT for vehicle 0 (batch=0)
13300.3ms Vehicle 3 doLogOffer entry #3 (len=9)
13300.3ms Leader 3 SENDING AppendEntries to vehicle 1 (n_entries=1, leader_commit=2)
13300.3ms Vehicle 3 BATCH ADVANCE: now on batch 1
13300.3ms Vehicle 3 MY BATCH - starting movement
13300.3ms Vehicle 3 RESUMING movement
13300.7ms Vehicle 1 RECEIVED AppendEntries from vehicle 3 (n_entries=1, leader_commit=2)
13300.7ms Vehicle 1 doLogOffer entry #3 (len=9)
13415.8ms Leader 3 SENDING AppendEntries to vehicle 1 (n_entries=0, leader_commit=2)
13415.9ms Vehicle 1 RECEIVED AppendEntries from vehicle 3 (n_entries=0, leader_commit=2)
13535.8ms Leader 3 SENDING AppendEntries to vehicle 1 (n_entries=0, leader_commit=2)
13535.9ms Vehicle 1 RECEIVED AppendEntries from vehicle 3 (n_entries=0, leader_commit=2)
13655.8ms Leader 3 SENDING AppendEntries to vehicle 1 (n_entries=0, leader_commit=2)
13655.9ms Vehicle 1 RECEIVED AppendEntries from vehicle 3 (n_entries=0, leader_commit=2)
13775.8ms Leader 3 SENDING AppendEntries to vehicle 1 (n_entries=0, leader_commit=2)
13775.9ms Vehicle 1 RECEIVED AppendEntries from vehicle 3 (n_entries=0, leader_commit=2)
13895.8ms Leader 3 SENDING AppendEntries to vehicle 1 (n_entries=0, leader_commit=2)
13895.9ms Vehicle 1 RECEIVED AppendEntries from vehicle 3 (n_entries=0, leader_commit=2)
14015.8ms Leader 3 SENDING AppendEntries to vehicle 1 (n_entries=0, leader_commit=2)
14015.9ms Vehicle 1 RECEIVED AppendEntries from vehicle 3 (n_entries=0, leader_commit=2)
14135.8ms Leader 3 SENDING AppendEntries to vehicle 1 (n_entries=0, leader_commit=2)
14135.9ms Vehicle 1 RECEIVED AppendEntries from vehicle 3 (n_entries=0, leader_commit=2)
14255.8ms Leader 3 SENDING AppendEntries to vehicle 1 (n_entries=0, leader_commit=2)
14255.9ms Vehicle 1 RECEIVED AppendEntries from vehicle 3 (n_entries=0, leader_commit=2)
14375.8ms Leader 3 SENDING AppendEntries to vehicle 1 (n_entries=0, leader_commit=2)
14375.9ms Vehicle 1 RECEIVED AppendEntries from vehicle 3 (n_entries=0, leader_commit=2)
14495.8ms Leader 3 SENDING AppendEntries to vehicle 1 (n_entries=0, leader_commit=2)
14495.9ms Vehicle 1 RECEIVED AppendEntries from vehicle 3 (n_entries=0, leader_commit=2)
14615.8ms Leader 3 SENDING AppendEntries to vehicle 1 (n_entries=0, leader_commit=2)
14615.9ms Vehicle 1 RECEIVED AppendEntries from vehicle 3 (n_entries=0, leader_commit=2)
14735.8ms Leader 3 SENDING AppendEntries to vehicle 1 (n_entries=0, leader_commit=2)
14735.9ms Vehicle 1 RECEIVED AppendEntries from vehicle 3 (n_entries=0, leader_commit=2)
14855.8ms Leader 3 SENDING AppendEntries to vehicle 1 (n_entries=0, leader_commit=2)
14855.9ms Vehicle 1 RECEIVED AppendEntries from vehicle 3 (n_entries=0, leader_commit=2)
14975.8ms Leader 3 SENDING AppendEntries to vehicle 1 (n_entries=0, leader_commit=2)
14975.9ms Vehicle 1 RECEIVED AppendEntries from vehicle 3 (n_entries=0, leader_commit=2)
15095.8ms Leader 3 SENDING AppendEntries to vehicle 1 (n_entries=0, leader_commit=2)
15095.9ms Vehicle 1 RECEIVED AppendEntries from vehicle 3 (n_entries=0, leader_commit=2)
15215.8ms Leader 3 SENDING AppendEntries to vehicle 1 (n_entries=0, leader_commit=2)
15215.9ms Vehicle 1 RECEIVED AppendEntries from vehicle 3 (n_entries=0, leader_commit=2)
15335.8ms Leader 3 SENDING AppendEntries to vehicle 1 (n_entries=0, leader_commit=2)
15335.9ms Vehicle 1 RECEIVED AppendEntries from vehicle 3 (n_entries=0, leader_commit=2)
15.4 Vehicle 3 hasPassed=true (on exit edge -36905242#11)
15400.0ms Vehicle 3 LEFT intersection
15400.0ms Vehicle 3 BROADCASTING vehicle-passed
15400.0ms Vehicle 3 sending vehicle-left (isLeader=1, myBatch=1)
15400.1ms Vehicle 1 RECEIVED vehicle-passed from vehicle 3
15.5 Vehicle 1 hasPassed=true (on exit edge 34894202#13)
15500.0ms Vehicle 1 LEFT intersection
15500.0ms Vehicle 1 BROADCASTING vehicle-passed
15500.0ms Vehicle 1 sending vehicle-left (isLeader=0, myBatch=1)
Closed results file.
** Event #33472   t=300   Elapsed: 0.822626s (0m 00s)  100% completed  (100% total)
     Speed:     ev/sec=40689.6   simsec/sec=25.5282   ev/simsec=1593.9
     Messages:  created: 20887   present: 3   in FES: 0

<!> Simulation time limit reached -- at t=300s, event #33472

Calling finish() at end of Run #0...
[INFO]	Radio signal arrival computation count = 2756
[INFO]	Transmission count = 957
[INFO]	Signal send count = 2756
[INFO]	Reception computation count = 2756
[INFO]	Interference computation count = 9191
[INFO]	Reception decision computation count = 1927
[INFO]	Listening decision computation count = 4518
[INFO]	Reception cache hit = 83.6118 %
[INFO]	Interference cache hit = 66.6667 %
[INFO]	Noise cache hit = 0 %
[INFO]	SNIR cache hit = 50 %
[INFO]	Reception decision cache hit = 50 %
[INFO]	Reception result cache hit = 0 %

End.
